     [java] Executing 'C:\Users\cricocar\AppData\Local\Programs\Oxygen XML Editor 26\jre\bin\java.exe' with arguments:
'-Xmx3000m'
'-classpath'
'D:\Cindy\SVN\trunk\teiedit\lib\xsltproc\Saxon-HE-9.8.0-12.jar'
'net.sf.saxon.Query'
'-q:../../xql/corrList_1_main.xql'
'-s:../../../build/W0096_Vol02/xml/W0096_Vol02_008.xml'
'-o:../../../build/W0096_Vol02/corrlist/W0096_Vol02-la_all-wordforms.html'
'-traceout:#err'
'-t'
'language=la'

The ' characters around the executable and arguments are
not part of the command.
     [java] Saxon-HE 9.8.0.12J from Saxonica
     [java] Java version 17.0.8
     [java] Analyzing query from ../../xql/corrList_1_main.xql
     [java] Analysis time: 540.7333 milliseconds
     [java] Processing file:/D:/Cindy/SVN/trunk/teiedit/works/corr/build/main/../../../build/W0096_Vol02/xml/W0096_Vol02_008.xml
     [java] Using parser com.sun.org.apache.xerces.internal.jaxp.SAXParserImpl$JAXPSAXParser
     [java] Building tree for file:/D:/Cindy/SVN/trunk/teiedit/works/corr/build/main/../../../build/W0096_Vol02/xml/W0096_Vol02_008.xml using class net.sf.saxon.tree.tiny.TinyBuilder
     [java] Tree built in 894.5525ms
     [java] Tree size: 1453848 nodes, 6035403 characters, 680575 attributes
     [java] Execution time: 5h 21m 11.830026s (1.92718300261E7ms)
     [java] Memory used: 2444872832
     [java] Executing 'C:\Users\cricocar\AppData\Local\Programs\Oxygen XML Editor 26\jre\bin\java.exe' with arguments:
'-Xmx3000m'
'-classpath'
'D:\Cindy\SVN\trunk\teiedit\lib\xsltproc\Saxon-HE-9.8.0-12.jar'
'net.sf.saxon.Query'
'-q:../../xql/corrList_2_ok.xql'
'-s:../../../build/W0096_Vol02/corrlist/W0096_Vol02-la_all-wordforms.html'
'-o:../../../build/W0096_Vol02/corrlist/W0096_Vol02-la_wordforms-ok.html'
'-traceout:#err'
'-t'

The ' characters around the executable and arguments are
not part of the command.
     [java] Saxon-HE 9.8.0.12J from Saxonica
     [java] Java version 17.0.8
     [java] Analyzing query from ../../xql/corrList_2_ok.xql
     [java] Analysis time: 397.6615 milliseconds
     [java] Processing file:/D:/Cindy/SVN/trunk/teiedit/works/corr/build/main/../../../build/W0096_Vol02/corrlist/W0096_Vol02-la_all-wordforms.html
     [java] Using parser com.sun.org.apache.xerces.internal.jaxp.SAXParserImpl$JAXPSAXParser
     [java] Building tree for file:/D:/Cindy/SVN/trunk/teiedit/works/corr/build/main/../../../build/W0096_Vol02/corrlist/W0096_Vol02-la_all-wordforms.html using class net.sf.saxon.tree.tiny.TinyBuilder
     [java] Tree built in 1.666644s (1666.6445ms)
     [java] Tree size: 4945097 nodes, 9609018 characters, 1529426 attributes
     [java] Execution time: 1.315971s (1315.9718ms)
     [java] Memory used: 393157632
     [java] Executing 'C:\Users\cricocar\AppData\Local\Programs\Oxygen XML Editor 26\jre\bin\java.exe' with arguments:
'-Xmx3000m'
'-classpath'
'D:\Cindy\SVN\trunk\teiedit\lib\xsltproc\Saxon-HE-9.8.0-12.jar'
'net.sf.saxon.Query'
'-q:../../xql/corrList_2_comp-hyph-dict.xql'
'-s:../../../build/W0096_Vol02/corrlist/W0096_Vol02-la_all-wordforms.html'
'-o:../../../build/W0096_Vol02/corrlist/W0096_Vol02-la_supposed-hyphenations-from-dict.html'
'-traceout:#err'
'-t'

The ' characters around the executable and arguments are
not part of the command.
     [java] Saxon-HE 9.8.0.12J from Saxonica
     [java] Java version 17.0.8
     [java] Analyzing query from ../../xql/corrList_2_comp-hyph-dict.xql
     [java] Analysis time: 431.0017 milliseconds
     [java] Processing file:/D:/Cindy/SVN/trunk/teiedit/works/corr/build/main/../../../build/W0096_Vol02/corrlist/W0096_Vol02-la_all-wordforms.html
     [java] Using parser com.sun.org.apache.xerces.internal.jaxp.SAXParserImpl$JAXPSAXParser
     [java] Building tree for file:/D:/Cindy/SVN/trunk/teiedit/works/corr/build/main/../../../build/W0096_Vol02/corrlist/W0096_Vol02-la_all-wordforms.html using class net.sf.saxon.tree.tiny.TinyBuilder
     [java] Tree built in 1.646497s (1646.4973ms)
     [java] Tree size: 4945097 nodes, 9609018 characters, 1529426 attributes
     [java] Execution time: 112.1665ms
     [java] Memory used: 451283456
     [java] Executing 'C:\Users\cricocar\AppData\Local\Programs\Oxygen XML Editor 26\jre\bin\java.exe' with arguments:
'-Xmx3000m'
'-classpath'
'D:\Cindy\SVN\trunk\teiedit\lib\xsltproc\Saxon-HE-9.8.0-12.jar'
'net.sf.saxon.Query'
'-q:../../xql/corrList_2_comp-hyph-text.xql'
'-s:../../../build/W0096_Vol02/corrlist/W0096_Vol02-la_all-wordforms.html'
'-o:../../../build/W0096_Vol02/corrlist/W0096_Vol02-la_supposed-hyphenations-from-text.html'
'-traceout:#err'
'-t'

The ' characters around the executable and arguments are
not part of the command.
     [java] Saxon-HE 9.8.0.12J from Saxonica
     [java] Java version 17.0.8
     [java] Analyzing query from ../../xql/corrList_2_comp-hyph-text.xql
     [java] Analysis time: 422.6955 milliseconds
     [java] Processing file:/D:/Cindy/SVN/trunk/teiedit/works/corr/build/main/../../../build/W0096_Vol02/corrlist/W0096_Vol02-la_all-wordforms.html
     [java] Using parser com.sun.org.apache.xerces.internal.jaxp.SAXParserImpl$JAXPSAXParser
     [java] Building tree for file:/D:/Cindy/SVN/trunk/teiedit/works/corr/build/main/../../../build/W0096_Vol02/corrlist/W0096_Vol02-la_all-wordforms.html using class net.sf.saxon.tree.tiny.TinyBuilder
     [java] Tree built in 1.627669s (1627.6697ms)
     [java] Tree size: 4945097 nodes, 9609018 characters, 1529426 attributes
     [java] Execution time: 132.9722ms
     [java] Memory used: 467274240
     [java] Executing 'C:\Users\cricocar\AppData\Local\Programs\Oxygen XML Editor 26\jre\bin\java.exe' with arguments:
'-Xmx3000m'
'-classpath'
'D:\Cindy\SVN\trunk\teiedit\lib\xsltproc\Saxon-HE-9.8.0-12.jar'
'net.sf.saxon.Query'
'-q:../../xql/corrList_2_words-not-found.xql'
'-s:../../../build/W0096_Vol02/corrlist/W0096_Vol02-la_all-wordforms.html'
'-o:../../../build/W0096_Vol02/corrlist/W0096_Vol02-la_wordforms-not-in-dict.html'
'-traceout:#err'
'-t'

The ' characters around the executable and arguments are
not part of the command.
     [java] Saxon-HE 9.8.0.12J from Saxonica
     [java] Java version 17.0.8
     [java] Analyzing query from ../../xql/corrList_2_words-not-found.xql
     [java] Analysis time: 423.3289 milliseconds
     [java] Processing file:/D:/Cindy/SVN/trunk/teiedit/works/corr/build/main/../../../build/W0096_Vol02/corrlist/W0096_Vol02-la_all-wordforms.html
     [java] Using parser com.sun.org.apache.xerces.internal.jaxp.SAXParserImpl$JAXPSAXParser
     [java] Building tree for file:/D:/Cindy/SVN/trunk/teiedit/works/corr/build/main/../../../build/W0096_Vol02/corrlist/W0096_Vol02-la_all-wordforms.html using class net.sf.saxon.tree.tiny.TinyBuilder
     [java] Tree built in 1.624863s (1624.8636ms)
     [java] Tree size: 4945097 nodes, 9609018 characters, 1529426 attributes
     [java] Execution time: 964.8829ms
     [java] Memory used: 420072320
     [java] Executing 'C:\Users\cricocar\AppData\Local\Programs\Oxygen XML Editor 26\jre\bin\java.exe' with arguments:
'-Xmx3000m'
'-classpath'
'D:\Cindy\SVN\trunk\teiedit\lib\xsltproc\Saxon-HE-9.8.0-12.jar'
'net.sf.saxon.Query'
'-q:../../xql/corrList_2_comp-hyph-nohyph.xql'
'-s:../../../build/W0096_Vol02/corrlist/W0096_Vol02-la_all-wordforms.html'
'-o:../../../build/W0096_Vol02/corrlist/W0096_Vol02-la_unclear-hyphenations_in-dict.html'
'-traceout:#err'
'-t'

The ' characters around the executable and arguments are
not part of the command.
     [java] Saxon-HE 9.8.0.12J from Saxonica
     [java] Java version 17.0.8
     [java] Analyzing query from ../../xql/corrList_2_comp-hyph-nohyph.xql
     [java] Analysis time: 408.8348 milliseconds
     [java] Processing file:/D:/Cindy/SVN/trunk/teiedit/works/corr/build/main/../../../build/W0096_Vol02/corrlist/W0096_Vol02-la_all-wordforms.html
     [java] Using parser com.sun.org.apache.xerces.internal.jaxp.SAXParserImpl$JAXPSAXParser
     [java] Building tree for file:/D:/Cindy/SVN/trunk/teiedit/works/corr/build/main/../../../build/W0096_Vol02/corrlist/W0096_Vol02-la_all-wordforms.html using class net.sf.saxon.tree.tiny.TinyBuilder
     [java] Tree built in 1.710493s (1710.493ms)
     [java] Tree size: 4945097 nodes, 9609018 characters, 1529426 attributes
     [java] Execution time: 118.8175ms
     [java] Memory used: 454035456
     [java] Executing 'C:\Users\cricocar\AppData\Local\Programs\Oxygen XML Editor 26\jre\bin\java.exe' with arguments:
'-Xmx3000m'
'-classpath'
'D:\Cindy\SVN\trunk\teiedit\lib\xsltproc\Saxon-HE-9.8.0-12.jar'
'net.sf.saxon.Query'
'-q:../../xql/corrList_2_comp-not-found.xql'
'-s:../../../build/W0096_Vol02/corrlist/W0096_Vol02-la_all-wordforms.html'
'-o:../../../build/W0096_Vol02/corrlist/W0096_Vol02-la_unclear-hyphenations_not-in-dict.html'
'-traceout:#err'
'-t'

The ' characters around the executable and arguments are
not part of the command.
     [java] Saxon-HE 9.8.0.12J from Saxonica
     [java] Java version 17.0.8
     [java] Analyzing query from ../../xql/corrList_2_comp-not-found.xql
     [java] Analysis time: 407.725 milliseconds
     [java] Processing file:/D:/Cindy/SVN/trunk/teiedit/works/corr/build/main/../../../build/W0096_Vol02/corrlist/W0096_Vol02-la_all-wordforms.html
     [java] Using parser com.sun.org.apache.xerces.internal.jaxp.SAXParserImpl$JAXPSAXParser
     [java] Building tree for file:/D:/Cindy/SVN/trunk/teiedit/works/corr/build/main/../../../build/W0096_Vol02/corrlist/W0096_Vol02-la_all-wordforms.html using class net.sf.saxon.tree.tiny.TinyBuilder
     [java] Tree built in 1.705103s (1705.1033ms)
     [java] Tree size: 4945097 nodes, 9609018 characters, 1529426 attributes
     [java] Execution time: 399.896ms
     [java] Memory used: 298502896
     [java] Executing 'C:\Users\cricocar\AppData\Local\Programs\Oxygen XML Editor 26\jre\bin\java.exe' with arguments:
'-Xmx3000m'
'-classpath'
'D:\Cindy\SVN\trunk\teiedit\lib\xsltproc\Saxon-HE-9.8.0-12.jar'
'net.sf.saxon.Query'
'-q:../../xql/corrList_2_words-not-found_sorted.xql'
'-s:../../../build/W0096_Vol02/corrlist/W0096_Vol02-la_all-wordforms.html'
'-o:../../../build/W0096_Vol02/corrlist/W0096_Vol02-la_wordforms-not-in-dict_sorted.html'
'-traceout:#err'
'-t'
'editText=special-chars-only'

The ' characters around the executable and arguments are
not part of the command.
     [java] Saxon-HE 9.8.0.12J from Saxonica
     [java] Java version 17.0.8
     [java] Analyzing query from ../../xql/corrList_2_words-not-found_sorted.xql
     [java] Analysis time: 432.1983 milliseconds
     [java] Processing file:/D:/Cindy/SVN/trunk/teiedit/works/corr/build/main/../../../build/W0096_Vol02/corrlist/W0096_Vol02-la_all-wordforms.html
     [java] Using parser com.sun.org.apache.xerces.internal.jaxp.SAXParserImpl$JAXPSAXParser
     [java] Building tree for file:/D:/Cindy/SVN/trunk/teiedit/works/corr/build/main/../../../build/W0096_Vol02/corrlist/W0096_Vol02-la_all-wordforms.html using class net.sf.saxon.tree.tiny.TinyBuilder
     [java] Tree built in 1.672956s (1672.9566ms)
     [java] Tree size: 4945097 nodes, 9609018 characters, 1529426 attributes
     [java] Execution time: 929.1325ms
     [java] Memory used: 326201280
