     [java] Executing 'C:\Program Files\Java\jdk1.8.0_192\jre\bin\java.exe' with arguments:
'-Xmx3000m'
'-classpath'
'D:\EscuelaSalamanca\SVN\04-39\trunk\teiedit\lib\xsltproc\Saxon-HE-9.8.0-12.jar'
'net.sf.saxon.Query'
'-q:../../xql/corrList_1_main.xql'
'-s:../../../build/W0039/xml/W0039_010.xml'
'-o:../../../build/W0039/corrlist/W0039-la_all-wordforms.html'
'-traceout:#err'
'-t'
'language=la'

The ' characters around the executable and arguments are
not part of the command.
     [java] Saxon-HE 9.8.0.12J from Saxonica
     [java] Java version 1.8.0_192
     [java] Analyzing query from ../../xql/corrList_1_main.xql
     [java] Analysis time: 677.6577 milliseconds
     [java] Processing file:/D:/EscuelaSalamanca/SVN/04-39/trunk/teiedit/works/corr/build/main/../../../build/W0039/xml/W0039_010.xml
     [java] Using parser com.sun.org.apache.xerces.internal.jaxp.SAXParserImpl$JAXPSAXParser
     [java] Building tree for file:/D:/EscuelaSalamanca/SVN/04-39/trunk/teiedit/works/corr/build/main/../../../build/W0039/xml/W0039_010.xml using class net.sf.saxon.tree.tiny.TinyBuilder
     [java] Tree built in 784.8686ms
     [java] Tree size: 987752 nodes, 3809786 characters, 408945 attributes
     [java] Execution time: 5h 2m 54.592492s (1.81745924923E7ms)
     [java] Memory used: 2479329504
     [java] Executing 'C:\Program Files\Java\jdk1.8.0_192\jre\bin\java.exe' with arguments:
'-Xmx3000m'
'-classpath'
'D:\EscuelaSalamanca\SVN\04-39\trunk\teiedit\lib\xsltproc\Saxon-HE-9.8.0-12.jar'
'net.sf.saxon.Query'
'-q:../../xql/corrList_2_ok.xql'
'-s:../../../build/W0039/corrlist/W0039-la_all-wordforms.html'
'-o:../../../build/W0039/corrlist/W0039-la_wordforms-ok.html'
'-traceout:#err'
'-t'

The ' characters around the executable and arguments are
not part of the command.
     [java] Saxon-HE 9.8.0.12J from Saxonica
     [java] Java version 1.8.0_192
     [java] Analyzing query from ../../xql/corrList_2_ok.xql
     [java] Analysis time: 899.916 milliseconds
     [java] Processing file:/D:/EscuelaSalamanca/SVN/04-39/trunk/teiedit/works/corr/build/main/../../../build/W0039/corrlist/W0039-la_all-wordforms.html
     [java] Using parser com.sun.org.apache.xerces.internal.jaxp.SAXParserImpl$JAXPSAXParser
     [java] Building tree for file:/D:/EscuelaSalamanca/SVN/04-39/trunk/teiedit/works/corr/build/main/../../../build/W0039/corrlist/W0039-la_all-wordforms.html using class net.sf.saxon.tree.tiny.TinyBuilder
     [java] Tree built in 3.514495s (3514.4955ms)
     [java] Tree size: 6528169 nodes, 14175663 characters, 2138999 attributes
     [java] Execution time: 1.874704s (1874.7049ms)
     [java] Memory used: 397189720
     [java] Executing 'C:\Program Files\Java\jdk1.8.0_192\jre\bin\java.exe' with arguments:
'-Xmx3000m'
'-classpath'
'D:\EscuelaSalamanca\SVN\04-39\trunk\teiedit\lib\xsltproc\Saxon-HE-9.8.0-12.jar'
'net.sf.saxon.Query'
'-q:../../xql/corrList_2_comp-hyph-dict.xql'
'-s:../../../build/W0039/corrlist/W0039-la_all-wordforms.html'
'-o:../../../build/W0039/corrlist/W0039-la_supposed-hyphenations-from-dict.html'
'-traceout:#err'
'-t'

The ' characters around the executable and arguments are
not part of the command.
     [java] Saxon-HE 9.8.0.12J from Saxonica
     [java] Java version 1.8.0_192
     [java] Analyzing query from ../../xql/corrList_2_comp-hyph-dict.xql
     [java] Analysis time: 647.7639 milliseconds
     [java] Processing file:/D:/EscuelaSalamanca/SVN/04-39/trunk/teiedit/works/corr/build/main/../../../build/W0039/corrlist/W0039-la_all-wordforms.html
     [java] Using parser com.sun.org.apache.xerces.internal.jaxp.SAXParserImpl$JAXPSAXParser
     [java] Building tree for file:/D:/EscuelaSalamanca/SVN/04-39/trunk/teiedit/works/corr/build/main/../../../build/W0039/corrlist/W0039-la_all-wordforms.html using class net.sf.saxon.tree.tiny.TinyBuilder
     [java] Tree built in 3.68785s (3687.85ms)
     [java] Tree size: 6528169 nodes, 14175663 characters, 2138999 attributes
     [java] Execution time: 1.273302s (1273.3023ms)
     [java] Memory used: 380265864
     [java] Executing 'C:\Program Files\Java\jdk1.8.0_192\jre\bin\java.exe' with arguments:
'-Xmx3000m'
'-classpath'
'D:\EscuelaSalamanca\SVN\04-39\trunk\teiedit\lib\xsltproc\Saxon-HE-9.8.0-12.jar'
'net.sf.saxon.Query'
'-q:../../xql/corrList_2_comp-hyph-text.xql'
'-s:../../../build/W0039/corrlist/W0039-la_all-wordforms.html'
'-o:../../../build/W0039/corrlist/W0039-la_supposed-hyphenations-from-text.html'
'-traceout:#err'
'-t'

The ' characters around the executable and arguments are
not part of the command.
     [java] Saxon-HE 9.8.0.12J from Saxonica
     [java] Java version 1.8.0_192
     [java] Analyzing query from ../../xql/corrList_2_comp-hyph-text.xql
     [java] Analysis time: 588.7325 milliseconds
     [java] Processing file:/D:/EscuelaSalamanca/SVN/04-39/trunk/teiedit/works/corr/build/main/../../../build/W0039/corrlist/W0039-la_all-wordforms.html
     [java] Using parser com.sun.org.apache.xerces.internal.jaxp.SAXParserImpl$JAXPSAXParser
     [java] Building tree for file:/D:/EscuelaSalamanca/SVN/04-39/trunk/teiedit/works/corr/build/main/../../../build/W0039/corrlist/W0039-la_all-wordforms.html using class net.sf.saxon.tree.tiny.TinyBuilder
     [java] Tree built in 3.340643s (3340.6431ms)
     [java] Tree size: 6528169 nodes, 14175663 characters, 2138999 attributes
     [java] Execution time: 1.148989s (1148.9892ms)
     [java] Memory used: 375254488
     [java] Executing 'C:\Program Files\Java\jdk1.8.0_192\jre\bin\java.exe' with arguments:
'-Xmx3000m'
'-classpath'
'D:\EscuelaSalamanca\SVN\04-39\trunk\teiedit\lib\xsltproc\Saxon-HE-9.8.0-12.jar'
'net.sf.saxon.Query'
'-q:../../xql/corrList_2_words-not-found.xql'
'-s:../../../build/W0039/corrlist/W0039-la_all-wordforms.html'
'-o:../../../build/W0039/corrlist/W0039-la_wordforms-not-in-dict.html'
'-traceout:#err'
'-t'

The ' characters around the executable and arguments are
not part of the command.
     [java] Saxon-HE 9.8.0.12J from Saxonica
     [java] Java version 1.8.0_192
     [java] Analyzing query from ../../xql/corrList_2_words-not-found.xql
     [java] Analysis time: 606.2822 milliseconds
     [java] Processing file:/D:/EscuelaSalamanca/SVN/04-39/trunk/teiedit/works/corr/build/main/../../../build/W0039/corrlist/W0039-la_all-wordforms.html
     [java] Using parser com.sun.org.apache.xerces.internal.jaxp.SAXParserImpl$JAXPSAXParser
     [java] Building tree for file:/D:/EscuelaSalamanca/SVN/04-39/trunk/teiedit/works/corr/build/main/../../../build/W0039/corrlist/W0039-la_all-wordforms.html using class net.sf.saxon.tree.tiny.TinyBuilder
     [java] Tree built in 3.691495s (3691.495ms)
     [java] Tree size: 6528169 nodes, 14175663 characters, 2138999 attributes
     [java] Execution time: 2.617067s (2617.0676ms)
     [java] Memory used: 408882128
     [java] Executing 'C:\Program Files\Java\jdk1.8.0_192\jre\bin\java.exe' with arguments:
'-Xmx3000m'
'-classpath'
'D:\EscuelaSalamanca\SVN\04-39\trunk\teiedit\lib\xsltproc\Saxon-HE-9.8.0-12.jar'
'net.sf.saxon.Query'
'-q:../../xql/corrList_2_comp-hyph-nohyph.xql'
'-s:../../../build/W0039/corrlist/W0039-la_all-wordforms.html'
'-o:../../../build/W0039/corrlist/W0039-la_unclear-hyphenations_in-dict.html'
'-traceout:#err'
'-t'

The ' characters around the executable and arguments are
not part of the command.
     [java] Saxon-HE 9.8.0.12J from Saxonica
     [java] Java version 1.8.0_192
     [java] Analyzing query from ../../xql/corrList_2_comp-hyph-nohyph.xql
     [java] Analysis time: 584.4071 milliseconds
     [java] Processing file:/D:/EscuelaSalamanca/SVN/04-39/trunk/teiedit/works/corr/build/main/../../../build/W0039/corrlist/W0039-la_all-wordforms.html
     [java] Using parser com.sun.org.apache.xerces.internal.jaxp.SAXParserImpl$JAXPSAXParser
     [java] Building tree for file:/D:/EscuelaSalamanca/SVN/04-39/trunk/teiedit/works/corr/build/main/../../../build/W0039/corrlist/W0039-la_all-wordforms.html using class net.sf.saxon.tree.tiny.TinyBuilder
     [java] Tree built in 4.013153s (4013.1535ms)
     [java] Tree size: 6528169 nodes, 14175663 characters, 2138999 attributes
     [java] Execution time: 271.4277ms
     [java] Memory used: 493700392
     [java] Executing 'C:\Program Files\Java\jdk1.8.0_192\jre\bin\java.exe' with arguments:
'-Xmx3000m'
'-classpath'
'D:\EscuelaSalamanca\SVN\04-39\trunk\teiedit\lib\xsltproc\Saxon-HE-9.8.0-12.jar'
'net.sf.saxon.Query'
'-q:../../xql/corrList_2_comp-not-found.xql'
'-s:../../../build/W0039/corrlist/W0039-la_all-wordforms.html'
'-o:../../../build/W0039/corrlist/W0039-la_unclear-hyphenations_not-in-dict.html'
'-traceout:#err'
'-t'

The ' characters around the executable and arguments are
not part of the command.
     [java] Saxon-HE 9.8.0.12J from Saxonica
     [java] Java version 1.8.0_192
     [java] Analyzing query from ../../xql/corrList_2_comp-not-found.xql
     [java] Analysis time: 520.7802 milliseconds
     [java] Processing file:/D:/EscuelaSalamanca/SVN/04-39/trunk/teiedit/works/corr/build/main/../../../build/W0039/corrlist/W0039-la_all-wordforms.html
     [java] Using parser com.sun.org.apache.xerces.internal.jaxp.SAXParserImpl$JAXPSAXParser
     [java] Building tree for file:/D:/EscuelaSalamanca/SVN/04-39/trunk/teiedit/works/corr/build/main/../../../build/W0039/corrlist/W0039-la_all-wordforms.html using class net.sf.saxon.tree.tiny.TinyBuilder
     [java] Tree built in 3.702754s (3702.7548ms)
     [java] Tree size: 6528169 nodes, 14175663 characters, 2138999 attributes
     [java] Execution time: 2.001588s (2001.5881ms)
     [java] Memory used: 404506784
     [java] Executing 'C:\Program Files\Java\jdk1.8.0_192\jre\bin\java.exe' with arguments:
'-Xmx3000m'
'-classpath'
'D:\EscuelaSalamanca\SVN\04-39\trunk\teiedit\lib\xsltproc\Saxon-HE-9.8.0-12.jar'
'net.sf.saxon.Query'
'-q:../../xql/corrList_2_words-not-found_sorted.xql'
'-s:../../../build/W0039/corrlist/W0039-la_all-wordforms.html'
'-o:../../../build/W0039/corrlist/W0039-la_wordforms-not-in-dict_sorted.html'
'-traceout:#err'
'-t'
'editText=special-chars-only'

The ' characters around the executable and arguments are
not part of the command.
     [java] Saxon-HE 9.8.0.12J from Saxonica
     [java] Java version 1.8.0_192
     [java] Analyzing query from ../../xql/corrList_2_words-not-found_sorted.xql
     [java] Analysis time: 590.5829 milliseconds
     [java] Processing file:/D:/EscuelaSalamanca/SVN/04-39/trunk/teiedit/works/corr/build/main/../../../build/W0039/corrlist/W0039-la_all-wordforms.html
     [java] Using parser com.sun.org.apache.xerces.internal.jaxp.SAXParserImpl$JAXPSAXParser
     [java] Building tree for file:/D:/EscuelaSalamanca/SVN/04-39/trunk/teiedit/works/corr/build/main/../../../build/W0039/corrlist/W0039-la_all-wordforms.html using class net.sf.saxon.tree.tiny.TinyBuilder
     [java] Tree built in 4.384019s (4384.0196ms)
     [java] Tree size: 6528169 nodes, 14175663 characters, 2138999 attributes
     [java] Execution time: 2.488518s (2488.5187ms)
     [java] Memory used: 544527800
