     [java] Executing 'C:\Users\solonets\AppData\Local\Programs\Oxygen XML Editor 27\jre\bin\java.exe' with arguments:
'-Xmx3000m'
'-classpath'
'D:\Polina\SVN\trunk\teiedit\lib\xsltproc\Saxon-HE-9.8.0-12.jar'
'net.sf.saxon.Query'
'-q:../../xql/corrList_1_main.xql'
'-s:../../../build/W0008_Vol06/xml/W0008_Vol06_009.xml'
'-o:../../../build/W0008_Vol06/corrlist/W0008_Vol06-la_all-wordforms.html'
'-traceout:#err'
'-t'
'language=la'

The ' characters around the executable and arguments are
not part of the command.
     [java] Saxon-HE 9.8.0.12J from Saxonica
     [java] Java version 17.0.11
     [java] Analyzing query from ../../xql/corrList_1_main.xql
     [java] Analysis time: 528.7498 milliseconds
     [java] Processing file:/D:/Polina/SVN/trunk/teiedit/works/corr/build/main/../../../build/W0008_Vol06/xml/W0008_Vol06_009.xml
     [java] Using parser com.sun.org.apache.xerces.internal.jaxp.SAXParserImpl$JAXPSAXParser
     [java] Building tree for file:/D:/Polina/SVN/trunk/teiedit/works/corr/build/main/../../../build/W0008_Vol06/xml/W0008_Vol06_009.xml using class net.sf.saxon.tree.tiny.TinyBuilder
     [java] Tree built in 158.5208ms
     [java] Tree size: 123416 nodes, 874615 characters, 67757 attributes
     [java] Execution time: 6m 21.185777s (381185.7776ms)
     [java] Memory used: 2036306512
     [java] Executing 'C:\Users\solonets\AppData\Local\Programs\Oxygen XML Editor 27\jre\bin\java.exe' with arguments:
'-Xmx3000m'
'-classpath'
'D:\Polina\SVN\trunk\teiedit\lib\xsltproc\Saxon-HE-9.8.0-12.jar'
'net.sf.saxon.Query'
'-q:../../xql/corrList_2_ok.xql'
'-s:../../../build/W0008_Vol06/corrlist/W0008_Vol06-la_all-wordforms.html'
'-o:../../../build/W0008_Vol06/corrlist/W0008_Vol06-la_wordforms-ok.html'
'-traceout:#err'
'-t'

The ' characters around the executable and arguments are
not part of the command.
     [java] Saxon-HE 9.8.0.12J from Saxonica
     [java] Java version 17.0.11
     [java] Analyzing query from ../../xql/corrList_2_ok.xql
     [java] Analysis time: 401.126999 milliseconds
     [java] Processing file:/D:/Polina/SVN/trunk/teiedit/works/corr/build/main/../../../build/W0008_Vol06/corrlist/W0008_Vol06-la_all-wordforms.html
     [java] Using parser com.sun.org.apache.xerces.internal.jaxp.SAXParserImpl$JAXPSAXParser
     [java] Building tree for file:/D:/Polina/SVN/trunk/teiedit/works/corr/build/main/../../../build/W0008_Vol06/corrlist/W0008_Vol06-la_all-wordforms.html using class net.sf.saxon.tree.tiny.TinyBuilder
     [java] Tree built in 497.6369ms
     [java] Tree size: 842937 nodes, 1501411 characters, 264165 attributes
     [java] Execution time: 505.241199ms
     [java] Memory used: 187959808
     [java] Executing 'C:\Users\solonets\AppData\Local\Programs\Oxygen XML Editor 27\jre\bin\java.exe' with arguments:
'-Xmx3000m'
'-classpath'
'D:\Polina\SVN\trunk\teiedit\lib\xsltproc\Saxon-HE-9.8.0-12.jar'
'net.sf.saxon.Query'
'-q:../../xql/corrList_2_comp-hyph-dict.xql'
'-s:../../../build/W0008_Vol06/corrlist/W0008_Vol06-la_all-wordforms.html'
'-o:../../../build/W0008_Vol06/corrlist/W0008_Vol06-la_supposed-hyphenations-from-dict.html'
'-traceout:#err'
'-t'

The ' characters around the executable and arguments are
not part of the command.
     [java] Saxon-HE 9.8.0.12J from Saxonica
     [java] Java version 17.0.11
     [java] Analyzing query from ../../xql/corrList_2_comp-hyph-dict.xql
     [java] Analysis time: 389.8094 milliseconds
     [java] Processing file:/D:/Polina/SVN/trunk/teiedit/works/corr/build/main/../../../build/W0008_Vol06/corrlist/W0008_Vol06-la_all-wordforms.html
     [java] Using parser com.sun.org.apache.xerces.internal.jaxp.SAXParserImpl$JAXPSAXParser
     [java] Building tree for file:/D:/Polina/SVN/trunk/teiedit/works/corr/build/main/../../../build/W0008_Vol06/corrlist/W0008_Vol06-la_all-wordforms.html using class net.sf.saxon.tree.tiny.TinyBuilder
     [java] Tree built in 487.1596ms
     [java] Tree size: 842937 nodes, 1501411 characters, 264165 attributes
     [java] Execution time: 37.6176ms
     [java] Memory used: 81751552
     [java] Executing 'C:\Users\solonets\AppData\Local\Programs\Oxygen XML Editor 27\jre\bin\java.exe' with arguments:
'-Xmx3000m'
'-classpath'
'D:\Polina\SVN\trunk\teiedit\lib\xsltproc\Saxon-HE-9.8.0-12.jar'
'net.sf.saxon.Query'
'-q:../../xql/corrList_2_comp-hyph-text.xql'
'-s:../../../build/W0008_Vol06/corrlist/W0008_Vol06-la_all-wordforms.html'
'-o:../../../build/W0008_Vol06/corrlist/W0008_Vol06-la_supposed-hyphenations-from-text.html'
'-traceout:#err'
'-t'

The ' characters around the executable and arguments are
not part of the command.
     [java] Saxon-HE 9.8.0.12J from Saxonica
     [java] Java version 17.0.11
     [java] Analyzing query from ../../xql/corrList_2_comp-hyph-text.xql
     [java] Analysis time: 402.0485 milliseconds
     [java] Processing file:/D:/Polina/SVN/trunk/teiedit/works/corr/build/main/../../../build/W0008_Vol06/corrlist/W0008_Vol06-la_all-wordforms.html
     [java] Using parser com.sun.org.apache.xerces.internal.jaxp.SAXParserImpl$JAXPSAXParser
     [java] Building tree for file:/D:/Polina/SVN/trunk/teiedit/works/corr/build/main/../../../build/W0008_Vol06/corrlist/W0008_Vol06-la_all-wordforms.html using class net.sf.saxon.tree.tiny.TinyBuilder
     [java] Tree built in 474.7234ms
     [java] Tree size: 842937 nodes, 1501411 characters, 264165 attributes
     [java] Execution time: 46.786501ms
     [java] Memory used: 87041024
     [java] Executing 'C:\Users\solonets\AppData\Local\Programs\Oxygen XML Editor 27\jre\bin\java.exe' with arguments:
'-Xmx3000m'
'-classpath'
'D:\Polina\SVN\trunk\teiedit\lib\xsltproc\Saxon-HE-9.8.0-12.jar'
'net.sf.saxon.Query'
'-q:../../xql/corrList_2_words-not-found.xql'
'-s:../../../build/W0008_Vol06/corrlist/W0008_Vol06-la_all-wordforms.html'
'-o:../../../build/W0008_Vol06/corrlist/W0008_Vol06-la_wordforms-not-in-dict.html'
'-traceout:#err'
'-t'

The ' characters around the executable and arguments are
not part of the command.
     [java] Saxon-HE 9.8.0.12J from Saxonica
     [java] Java version 17.0.11
     [java] Analyzing query from ../../xql/corrList_2_words-not-found.xql
     [java] Analysis time: 395.4397 milliseconds
     [java] Processing file:/D:/Polina/SVN/trunk/teiedit/works/corr/build/main/../../../build/W0008_Vol06/corrlist/W0008_Vol06-la_all-wordforms.html
     [java] Using parser com.sun.org.apache.xerces.internal.jaxp.SAXParserImpl$JAXPSAXParser
     [java] Building tree for file:/D:/Polina/SVN/trunk/teiedit/works/corr/build/main/../../../build/W0008_Vol06/corrlist/W0008_Vol06-la_all-wordforms.html using class net.sf.saxon.tree.tiny.TinyBuilder
     [java] Tree built in 461.023799ms
     [java] Tree size: 842937 nodes, 1501411 characters, 264165 attributes
     [java] Execution time: 212.3595ms
     [java] Memory used: 104605184
     [java] Executing 'C:\Users\solonets\AppData\Local\Programs\Oxygen XML Editor 27\jre\bin\java.exe' with arguments:
'-Xmx3000m'
'-classpath'
'D:\Polina\SVN\trunk\teiedit\lib\xsltproc\Saxon-HE-9.8.0-12.jar'
'net.sf.saxon.Query'
'-q:../../xql/corrList_2_comp-hyph-nohyph.xql'
'-s:../../../build/W0008_Vol06/corrlist/W0008_Vol06-la_all-wordforms.html'
'-o:../../../build/W0008_Vol06/corrlist/W0008_Vol06-la_unclear-hyphenations_in-dict.html'
'-traceout:#err'
'-t'

The ' characters around the executable and arguments are
not part of the command.
     [java] Saxon-HE 9.8.0.12J from Saxonica
     [java] Java version 17.0.11
     [java] Analyzing query from ../../xql/corrList_2_comp-hyph-nohyph.xql
     [java] Analysis time: 397.9277 milliseconds
     [java] Processing file:/D:/Polina/SVN/trunk/teiedit/works/corr/build/main/../../../build/W0008_Vol06/corrlist/W0008_Vol06-la_all-wordforms.html
     [java] Using parser com.sun.org.apache.xerces.internal.jaxp.SAXParserImpl$JAXPSAXParser
     [java] Building tree for file:/D:/Polina/SVN/trunk/teiedit/works/corr/build/main/../../../build/W0008_Vol06/corrlist/W0008_Vol06-la_all-wordforms.html using class net.sf.saxon.tree.tiny.TinyBuilder
     [java] Tree built in 481.2675ms
     [java] Tree size: 842937 nodes, 1501411 characters, 264165 attributes
     [java] Execution time: 68.8886ms
     [java] Memory used: 59694080
     [java] Executing 'C:\Users\solonets\AppData\Local\Programs\Oxygen XML Editor 27\jre\bin\java.exe' with arguments:
'-Xmx3000m'
'-classpath'
'D:\Polina\SVN\trunk\teiedit\lib\xsltproc\Saxon-HE-9.8.0-12.jar'
'net.sf.saxon.Query'
'-q:../../xql/corrList_2_comp-not-found.xql'
'-s:../../../build/W0008_Vol06/corrlist/W0008_Vol06-la_all-wordforms.html'
'-o:../../../build/W0008_Vol06/corrlist/W0008_Vol06-la_unclear-hyphenations_not-in-dict.html'
'-traceout:#err'
'-t'

The ' characters around the executable and arguments are
not part of the command.
     [java] Saxon-HE 9.8.0.12J from Saxonica
     [java] Java version 17.0.11
     [java] Analyzing query from ../../xql/corrList_2_comp-not-found.xql
     [java] Analysis time: 394.9333 milliseconds
     [java] Processing file:/D:/Polina/SVN/trunk/teiedit/works/corr/build/main/../../../build/W0008_Vol06/corrlist/W0008_Vol06-la_all-wordforms.html
     [java] Using parser com.sun.org.apache.xerces.internal.jaxp.SAXParserImpl$JAXPSAXParser
     [java] Building tree for file:/D:/Polina/SVN/trunk/teiedit/works/corr/build/main/../../../build/W0008_Vol06/corrlist/W0008_Vol06-la_all-wordforms.html using class net.sf.saxon.tree.tiny.TinyBuilder
     [java] Tree built in 458.2954ms
     [java] Tree size: 842937 nodes, 1501411 characters, 264165 attributes
     [java] Execution time: 122.0255ms
     [java] Memory used: 66885632
     [java] Executing 'C:\Users\solonets\AppData\Local\Programs\Oxygen XML Editor 27\jre\bin\java.exe' with arguments:
'-Xmx3000m'
'-classpath'
'D:\Polina\SVN\trunk\teiedit\lib\xsltproc\Saxon-HE-9.8.0-12.jar'
'net.sf.saxon.Query'
'-q:../../xql/corrList_2_words-not-found_sorted.xql'
'-s:../../../build/W0008_Vol06/corrlist/W0008_Vol06-la_all-wordforms.html'
'-o:../../../build/W0008_Vol06/corrlist/W0008_Vol06-la_wordforms-not-in-dict_sorted.html'
'-traceout:#err'
'-t'
'editText=special-chars-only'

The ' characters around the executable and arguments are
not part of the command.
     [java] Saxon-HE 9.8.0.12J from Saxonica
     [java] Java version 17.0.11
     [java] Analyzing query from ../../xql/corrList_2_words-not-found_sorted.xql
     [java] Analysis time: 416.8242 milliseconds
     [java] Processing file:/D:/Polina/SVN/trunk/teiedit/works/corr/build/main/../../../build/W0008_Vol06/corrlist/W0008_Vol06-la_all-wordforms.html
     [java] Using parser com.sun.org.apache.xerces.internal.jaxp.SAXParserImpl$JAXPSAXParser
     [java] Building tree for file:/D:/Polina/SVN/trunk/teiedit/works/corr/build/main/../../../build/W0008_Vol06/corrlist/W0008_Vol06-la_all-wordforms.html using class net.sf.saxon.tree.tiny.TinyBuilder
     [java] Tree built in 472.3208ms
     [java] Tree size: 842937 nodes, 1501411 characters, 264165 attributes
     [java] Execution time: 250.6692ms
     [java] Memory used: 131786752
