     [java] Executing 'C:\Program Files\Java\jdk-11.0.1\bin\java.exe' with arguments:
'-Xmx3000m'
'-classpath'
'L:\SVN\04-39\trunk\teiedit\lib\xsltproc\Saxon-HE-9.8.0-12.jar'
'net.sf.saxon.Query'
'-q:../../xql/corrList_1_main.xql'
'-s:../../../build/W0017/xml/W0017_009.xml'
'-o:../../../build/W0017/corrlist/W0017-es_all-wordforms.html'
'-traceout:#err'
'-t'
'language=es'

The ' characters around the executable and arguments are
not part of the command.
     [java] Saxon-HE 9.8.0.12J from Saxonica
     [java] Java version 11.0.1
     [java] Analyzing query from ../../xql/corrList_1_main.xql
     [java] Analysis time: 591.112837 milliseconds
     [java] Processing file:/L:/SVN/04-39/trunk/teiedit/works/corr/build/main/../../../build/W0017/xml/W0017_009.xml
     [java] Using parser com.sun.org.apache.xerces.internal.jaxp.SAXParserImpl$JAXPSAXParser
     [java] Building tree for file:/L:/SVN/04-39/trunk/teiedit/works/corr/build/main/../../../build/W0017/xml/W0017_009.xml using class net.sf.saxon.tree.tiny.TinyBuilder
     [java] Tree built in 452.652934ms
     [java] Tree size: 357985 nodes, 1650663 characters, 181779 attributes
     [java] Execution time: 35m 39.961809s (2139961.809739ms)
     [java] Memory used: 1348408880
     [java] Executing 'C:\Program Files\Java\jdk-11.0.1\bin\java.exe' with arguments:
'-Xmx3000m'
'-classpath'
'L:\SVN\04-39\trunk\teiedit\lib\xsltproc\Saxon-HE-9.8.0-12.jar'
'net.sf.saxon.Query'
'-q:../../xql/corrList_2_ok.xql'
'-s:../../../build/W0017/corrlist/W0017-es_all-wordforms.html'
'-o:../../../build/W0017/corrlist/W0017-es_wordforms-ok.html'
'-traceout:#err'
'-t'

The ' characters around the executable and arguments are
not part of the command.
     [java] Saxon-HE 9.8.0.12J from Saxonica
     [java] Java version 11.0.1
     [java] Analyzing query from ../../xql/corrList_2_ok.xql
     [java] Analysis time: 454.038399 milliseconds
     [java] Processing file:/L:/SVN/04-39/trunk/teiedit/works/corr/build/main/../../../build/W0017/corrlist/W0017-es_all-wordforms.html
     [java] Using parser com.sun.org.apache.xerces.internal.jaxp.SAXParserImpl$JAXPSAXParser
     [java] Building tree for file:/L:/SVN/04-39/trunk/teiedit/works/corr/build/main/../../../build/W0017/corrlist/W0017-es_all-wordforms.html using class net.sf.saxon.tree.tiny.TinyBuilder
     [java] Tree built in 767.772615ms
     [java] Tree size: 1799616 nodes, 3653573 characters, 575208 attributes
     [java] Execution time: 435.970573ms
     [java] Memory used: 141797328
     [java] Executing 'C:\Program Files\Java\jdk-11.0.1\bin\java.exe' with arguments:
'-Xmx3000m'
'-classpath'
'L:\SVN\04-39\trunk\teiedit\lib\xsltproc\Saxon-HE-9.8.0-12.jar'
'net.sf.saxon.Query'
'-q:../../xql/corrList_2_comp-hyph-dict.xql'
'-s:../../../build/W0017/corrlist/W0017-es_all-wordforms.html'
'-o:../../../build/W0017/corrlist/W0017-es_supposed-hyphenations-from-dict.html'
'-traceout:#err'
'-t'

The ' characters around the executable and arguments are
not part of the command.
     [java] Saxon-HE 9.8.0.12J from Saxonica
     [java] Java version 11.0.1
     [java] Analyzing query from ../../xql/corrList_2_comp-hyph-dict.xql
     [java] Analysis time: 451.558925 milliseconds
     [java] Processing file:/L:/SVN/04-39/trunk/teiedit/works/corr/build/main/../../../build/W0017/corrlist/W0017-es_all-wordforms.html
     [java] Using parser com.sun.org.apache.xerces.internal.jaxp.SAXParserImpl$JAXPSAXParser
     [java] Building tree for file:/L:/SVN/04-39/trunk/teiedit/works/corr/build/main/../../../build/W0017/corrlist/W0017-es_all-wordforms.html using class net.sf.saxon.tree.tiny.TinyBuilder
     [java] Tree built in 770.915825ms
     [java] Tree size: 1799616 nodes, 3653573 characters, 575208 attributes
     [java] Execution time: 102.026486ms
     [java] Memory used: 139460608
     [java] Executing 'C:\Program Files\Java\jdk-11.0.1\bin\java.exe' with arguments:
'-Xmx3000m'
'-classpath'
'L:\SVN\04-39\trunk\teiedit\lib\xsltproc\Saxon-HE-9.8.0-12.jar'
'net.sf.saxon.Query'
'-q:../../xql/corrList_2_comp-hyph-text.xql'
'-s:../../../build/W0017/corrlist/W0017-es_all-wordforms.html'
'-o:../../../build/W0017/corrlist/W0017-es_supposed-hyphenations-from-text.html'
'-traceout:#err'
'-t'

The ' characters around the executable and arguments are
not part of the command.
     [java] Saxon-HE 9.8.0.12J from Saxonica
     [java] Java version 11.0.1
     [java] Analyzing query from ../../xql/corrList_2_comp-hyph-text.xql
     [java] Analysis time: 434.416245 milliseconds
     [java] Processing file:/L:/SVN/04-39/trunk/teiedit/works/corr/build/main/../../../build/W0017/corrlist/W0017-es_all-wordforms.html
     [java] Using parser com.sun.org.apache.xerces.internal.jaxp.SAXParserImpl$JAXPSAXParser
     [java] Building tree for file:/L:/SVN/04-39/trunk/teiedit/works/corr/build/main/../../../build/W0017/corrlist/W0017-es_all-wordforms.html using class net.sf.saxon.tree.tiny.TinyBuilder
     [java] Tree built in 766.494418ms
     [java] Tree size: 1799616 nodes, 3653573 characters, 575208 attributes
     [java] Execution time: 103.990355ms
     [java] Memory used: 136448512
     [java] Executing 'C:\Program Files\Java\jdk-11.0.1\bin\java.exe' with arguments:
'-Xmx3000m'
'-classpath'
'L:\SVN\04-39\trunk\teiedit\lib\xsltproc\Saxon-HE-9.8.0-12.jar'
'net.sf.saxon.Query'
'-q:../../xql/corrList_2_words-not-found.xql'
'-s:../../../build/W0017/corrlist/W0017-es_all-wordforms.html'
'-o:../../../build/W0017/corrlist/W0017-es_wordforms-not-in-dict.html'
'-traceout:#err'
'-t'

The ' characters around the executable and arguments are
not part of the command.
     [java] Saxon-HE 9.8.0.12J from Saxonica
     [java] Java version 11.0.1
     [java] Analyzing query from ../../xql/corrList_2_words-not-found.xql
     [java] Analysis time: 449.946907 milliseconds
     [java] Processing file:/L:/SVN/04-39/trunk/teiedit/works/corr/build/main/../../../build/W0017/corrlist/W0017-es_all-wordforms.html
     [java] Using parser com.sun.org.apache.xerces.internal.jaxp.SAXParserImpl$JAXPSAXParser
     [java] Building tree for file:/L:/SVN/04-39/trunk/teiedit/works/corr/build/main/../../../build/W0017/corrlist/W0017-es_all-wordforms.html using class net.sf.saxon.tree.tiny.TinyBuilder
     [java] Tree built in 755.469895ms
     [java] Tree size: 1799616 nodes, 3653573 characters, 575208 attributes
     [java] Execution time: 597.72737ms
     [java] Memory used: 164078880
     [java] Executing 'C:\Program Files\Java\jdk-11.0.1\bin\java.exe' with arguments:
'-Xmx3000m'
'-classpath'
'L:\SVN\04-39\trunk\teiedit\lib\xsltproc\Saxon-HE-9.8.0-12.jar'
'net.sf.saxon.Query'
'-q:../../xql/corrList_2_comp-hyph-nohyph.xql'
'-s:../../../build/W0017/corrlist/W0017-es_all-wordforms.html'
'-o:../../../build/W0017/corrlist/W0017-es_unclear-hyphenations_in-dict.html'
'-traceout:#err'
'-t'

The ' characters around the executable and arguments are
not part of the command.
     [java] Saxon-HE 9.8.0.12J from Saxonica
     [java] Java version 11.0.1
     [java] Analyzing query from ../../xql/corrList_2_comp-hyph-nohyph.xql
     [java] Analysis time: 429.001486 milliseconds
     [java] Processing file:/L:/SVN/04-39/trunk/teiedit/works/corr/build/main/../../../build/W0017/corrlist/W0017-es_all-wordforms.html
     [java] Using parser com.sun.org.apache.xerces.internal.jaxp.SAXParserImpl$JAXPSAXParser
     [java] Building tree for file:/L:/SVN/04-39/trunk/teiedit/works/corr/build/main/../../../build/W0017/corrlist/W0017-es_all-wordforms.html using class net.sf.saxon.tree.tiny.TinyBuilder
     [java] Tree built in 847.46521ms
     [java] Tree size: 1799616 nodes, 3653573 characters, 575208 attributes
     [java] Execution time: 120.49033ms
     [java] Memory used: 132120576
     [java] Executing 'C:\Program Files\Java\jdk-11.0.1\bin\java.exe' with arguments:
'-Xmx3000m'
'-classpath'
'L:\SVN\04-39\trunk\teiedit\lib\xsltproc\Saxon-HE-9.8.0-12.jar'
'net.sf.saxon.Query'
'-q:../../xql/corrList_2_comp-not-found.xql'
'-s:../../../build/W0017/corrlist/W0017-es_all-wordforms.html'
'-o:../../../build/W0017/corrlist/W0017-es_unclear-hyphenations_not-in-dict.html'
'-traceout:#err'
'-t'

The ' characters around the executable and arguments are
not part of the command.
     [java] Saxon-HE 9.8.0.12J from Saxonica
     [java] Java version 11.0.1
     [java] Analyzing query from ../../xql/corrList_2_comp-not-found.xql
     [java] Analysis time: 480.525677 milliseconds
     [java] Processing file:/L:/SVN/04-39/trunk/teiedit/works/corr/build/main/../../../build/W0017/corrlist/W0017-es_all-wordforms.html
     [java] Using parser com.sun.org.apache.xerces.internal.jaxp.SAXParserImpl$JAXPSAXParser
     [java] Building tree for file:/L:/SVN/04-39/trunk/teiedit/works/corr/build/main/../../../build/W0017/corrlist/W0017-es_all-wordforms.html using class net.sf.saxon.tree.tiny.TinyBuilder
     [java] Tree built in 758.1615ms
     [java] Tree size: 1799616 nodes, 3653573 characters, 575208 attributes
     [java] Execution time: 353.227612ms
     [java] Memory used: 123193760
     [java] Executing 'C:\Program Files\Java\jdk-11.0.1\bin\java.exe' with arguments:
'-Xmx3000m'
'-classpath'
'L:\SVN\04-39\trunk\teiedit\lib\xsltproc\Saxon-HE-9.8.0-12.jar'
'net.sf.saxon.Query'
'-q:../../xql/corrList_2_words-not-found_sorted.xql'
'-s:../../../build/W0017/corrlist/W0017-es_all-wordforms.html'
'-o:../../../build/W0017/corrlist/W0017-es_wordforms-not-in-dict_sorted.html'
'-traceout:#err'
'-t'
'editText=special-chars-only'

The ' characters around the executable and arguments are
not part of the command.
     [java] Saxon-HE 9.8.0.12J from Saxonica
     [java] Java version 11.0.1
     [java] Analyzing query from ../../xql/corrList_2_words-not-found_sorted.xql
     [java] Analysis time: 493.685336 milliseconds
     [java] Processing file:/L:/SVN/04-39/trunk/teiedit/works/corr/build/main/../../../build/W0017/corrlist/W0017-es_all-wordforms.html
     [java] Using parser com.sun.org.apache.xerces.internal.jaxp.SAXParserImpl$JAXPSAXParser
     [java] Building tree for file:/L:/SVN/04-39/trunk/teiedit/works/corr/build/main/../../../build/W0017/corrlist/W0017-es_all-wordforms.html using class net.sf.saxon.tree.tiny.TinyBuilder
     [java] Tree built in 772.427487ms
     [java] Tree size: 1799616 nodes, 3653573 characters, 575208 attributes
     [java] Execution time: 708.126735ms
     [java] Memory used: 129559168
