     [java] Executing 'C:\Program Files\Oxygen XML Editor 23\jre\bin\java.exe' with arguments:
'-Xmx3000m'
'-classpath'
'C:\Users\solonets\Documents\SVN\trunk\teiedit\lib\xsltproc\Saxon-HE-9.8.0-12.jar'
'net.sf.saxon.Query'
'-q:../../xql/corrList_1_marginals.xql'
'-s:../../../build/W0008_Vol04/xml/W0008_Vol04_009.xml'
'-o:../../../build/W0008_Vol04/corrlist/marginals/W0008_Vol04-marg-la_all-wordforms.html'
'-traceout:#err'
'-t'
'language=la'

The ' characters around the executable and arguments are
not part of the command.
     [java] Saxon-HE 9.8.0.12J from Saxonica
     [java] Java version 15.0.1
     [java] Analyzing query from ../../xql/corrList_1_marginals.xql
     [java] Analysis time: 621.5224 milliseconds
     [java] Processing file:/C:/Users/solonets/Documents/SVN/trunk/teiedit/works/corr/build/marginals/../../../build/W0008_Vol04/xml/W0008_Vol04_009.xml
     [java] Using parser com.sun.org.apache.xerces.internal.jaxp.SAXParserImpl$JAXPSAXParser
     [java] Building tree for file:/C:/Users/solonets/Documents/SVN/trunk/teiedit/works/corr/build/marginals/../../../build/W0008_Vol04/xml/W0008_Vol04_009.xml using class net.sf.saxon.tree.tiny.TinyBuilder
     [java] Tree built in 404.6802ms
     [java] Tree size: 425197 nodes, 1849305 characters, 196269 attributes
     [java] Execution time: 13.430327s (13430.3274ms)
     [java] Memory used: 1614809088
     [java] Executing 'C:\Program Files\Oxygen XML Editor 23\jre\bin\java.exe' with arguments:
'-Xmx3000m'
'-classpath'
'C:\Users\solonets\Documents\SVN\trunk\teiedit\lib\xsltproc\Saxon-HE-9.8.0-12.jar'
'net.sf.saxon.Query'
'-q:../../xql/corrList_2_ok.xql'
'-s:../../../build/W0008_Vol04/corrlist/marginals/W0008_Vol04-marg-la_all-wordforms.html'
'-o:../../../build/W0008_Vol04/corrlist/marginals/W0008_Vol04-marg-la_wordforms-ok.html'
'-traceout:#err'
'-t'

The ' characters around the executable and arguments are
not part of the command.
     [java] Saxon-HE 9.8.0.12J from Saxonica
     [java] Java version 15.0.1
     [java] Analyzing query from ../../xql/corrList_2_ok.xql
     [java] Analysis time: 451.2497 milliseconds
     [java] Processing file:/C:/Users/solonets/Documents/SVN/trunk/teiedit/works/corr/build/marginals/../../../build/W0008_Vol04/corrlist/marginals/W0008_Vol04-marg-la_all-wordforms.html
     [java] Using parser com.sun.org.apache.xerces.internal.jaxp.SAXParserImpl$JAXPSAXParser
     [java] Building tree for file:/C:/Users/solonets/Documents/SVN/trunk/teiedit/works/corr/build/marginals/../../../build/W0008_Vol04/corrlist/marginals/W0008_Vol04-marg-la_all-wordforms.html using class net.sf.saxon.tree.tiny.TinyBuilder
     [java] Tree built in 20.1767ms
     [java] Tree size: 6850 nodes, 14111 characters, 2544 attributes
     [java] Execution time: 61.0895ms
     [java] Memory used: 27036072
     [java] Executing 'C:\Program Files\Oxygen XML Editor 23\jre\bin\java.exe' with arguments:
'-Xmx3000m'
'-classpath'
'C:\Users\solonets\Documents\SVN\trunk\teiedit\lib\xsltproc\Saxon-HE-9.8.0-12.jar'
'net.sf.saxon.Query'
'-q:../../xql/corrList_2_comp-hyph-dict.xql'
'-s:../../../build/W0008_Vol04/corrlist/marginals/W0008_Vol04-marg-la_all-wordforms.html'
'-o:../../../build/W0008_Vol04/corrlist/marginals/W0008_Vol04-marg-la_supposed-hyphenations-from-dict.html'
'-traceout:#err'
'-t'

The ' characters around the executable and arguments are
not part of the command.
     [java] Saxon-HE 9.8.0.12J from Saxonica
     [java] Java version 15.0.1
     [java] Analyzing query from ../../xql/corrList_2_comp-hyph-dict.xql
     [java] Analysis time: 465.629 milliseconds
     [java] Processing file:/C:/Users/solonets/Documents/SVN/trunk/teiedit/works/corr/build/marginals/../../../build/W0008_Vol04/corrlist/marginals/W0008_Vol04-marg-la_all-wordforms.html
     [java] Using parser com.sun.org.apache.xerces.internal.jaxp.SAXParserImpl$JAXPSAXParser
     [java] Building tree for file:/C:/Users/solonets/Documents/SVN/trunk/teiedit/works/corr/build/marginals/../../../build/W0008_Vol04/corrlist/marginals/W0008_Vol04-marg-la_all-wordforms.html using class net.sf.saxon.tree.tiny.TinyBuilder
     [java] Tree built in 21.9301ms
     [java] Tree size: 6850 nodes, 14111 characters, 2544 attributes
     [java] Execution time: 49.2225ms
     [java] Memory used: 26082096
     [java] Executing 'C:\Program Files\Oxygen XML Editor 23\jre\bin\java.exe' with arguments:
'-Xmx3000m'
'-classpath'
'C:\Users\solonets\Documents\SVN\trunk\teiedit\lib\xsltproc\Saxon-HE-9.8.0-12.jar'
'net.sf.saxon.Query'
'-q:../../xql/corrList_2_comp-hyph-text.xql'
'-s:../../../build/W0008_Vol04/corrlist/marginals/W0008_Vol04-marg-la_all-wordforms.html'
'-o:../../../build/W0008_Vol04/corrlist/marginals/W0008_Vol04-marg-la_supposed-hyphenations-from-text.html'
'-traceout:#err'
'-t'

The ' characters around the executable and arguments are
not part of the command.
     [java] Saxon-HE 9.8.0.12J from Saxonica
     [java] Java version 15.0.1
     [java] Analyzing query from ../../xql/corrList_2_comp-hyph-text.xql
     [java] Analysis time: 477.8374 milliseconds
     [java] Processing file:/C:/Users/solonets/Documents/SVN/trunk/teiedit/works/corr/build/marginals/../../../build/W0008_Vol04/corrlist/marginals/W0008_Vol04-marg-la_all-wordforms.html
     [java] Using parser com.sun.org.apache.xerces.internal.jaxp.SAXParserImpl$JAXPSAXParser
     [java] Building tree for file:/C:/Users/solonets/Documents/SVN/trunk/teiedit/works/corr/build/marginals/../../../build/W0008_Vol04/corrlist/marginals/W0008_Vol04-marg-la_all-wordforms.html using class net.sf.saxon.tree.tiny.TinyBuilder
     [java] Tree built in 20.0342ms
     [java] Tree size: 6850 nodes, 14111 characters, 2544 attributes
     [java] Execution time: 47.5753ms
     [java] Memory used: 26447544
     [java] Executing 'C:\Program Files\Oxygen XML Editor 23\jre\bin\java.exe' with arguments:
'-Xmx3000m'
'-classpath'
'C:\Users\solonets\Documents\SVN\trunk\teiedit\lib\xsltproc\Saxon-HE-9.8.0-12.jar'
'net.sf.saxon.Query'
'-q:../../xql/corrList_2_words-not-found.xql'
'-s:../../../build/W0008_Vol04/corrlist/marginals/W0008_Vol04-marg-la_all-wordforms.html'
'-o:../../../build/W0008_Vol04/corrlist/marginals/W0008_Vol04-marg-la_wordforms-not-in-dict.html'
'-traceout:#err'
'-t'

The ' characters around the executable and arguments are
not part of the command.
     [java] Saxon-HE 9.8.0.12J from Saxonica
     [java] Java version 15.0.1
     [java] Analyzing query from ../../xql/corrList_2_words-not-found.xql
     [java] Analysis time: 474.8165 milliseconds
     [java] Processing file:/C:/Users/solonets/Documents/SVN/trunk/teiedit/works/corr/build/marginals/../../../build/W0008_Vol04/corrlist/marginals/W0008_Vol04-marg-la_all-wordforms.html
     [java] Using parser com.sun.org.apache.xerces.internal.jaxp.SAXParserImpl$JAXPSAXParser
     [java] Building tree for file:/C:/Users/solonets/Documents/SVN/trunk/teiedit/works/corr/build/marginals/../../../build/W0008_Vol04/corrlist/marginals/W0008_Vol04-marg-la_all-wordforms.html using class net.sf.saxon.tree.tiny.TinyBuilder
     [java] Tree built in 21.2974ms
     [java] Tree size: 6850 nodes, 14111 characters, 2544 attributes
     [java] Execution time: 56.3999ms
     [java] Memory used: 27043544
     [java] Executing 'C:\Program Files\Oxygen XML Editor 23\jre\bin\java.exe' with arguments:
'-Xmx3000m'
'-classpath'
'C:\Users\solonets\Documents\SVN\trunk\teiedit\lib\xsltproc\Saxon-HE-9.8.0-12.jar'
'net.sf.saxon.Query'
'-q:../../xql/corrList_2_comp-hyph-nohyph.xql'
'-s:../../../build/W0008_Vol04/corrlist/marginals/W0008_Vol04-marg-la_all-wordforms.html'
'-o:../../../build/W0008_Vol04/corrlist/marginals/W0008_Vol04-marg-la_unclear-hyphenations_in-dict.html'
'-traceout:#err'
'-t'

The ' characters around the executable and arguments are
not part of the command.
     [java] Saxon-HE 9.8.0.12J from Saxonica
     [java] Java version 15.0.1
     [java] Analyzing query from ../../xql/corrList_2_comp-hyph-nohyph.xql
     [java] Analysis time: 484.496 milliseconds
     [java] Processing file:/C:/Users/solonets/Documents/SVN/trunk/teiedit/works/corr/build/marginals/../../../build/W0008_Vol04/corrlist/marginals/W0008_Vol04-marg-la_all-wordforms.html
     [java] Using parser com.sun.org.apache.xerces.internal.jaxp.SAXParserImpl$JAXPSAXParser
     [java] Building tree for file:/C:/Users/solonets/Documents/SVN/trunk/teiedit/works/corr/build/marginals/../../../build/W0008_Vol04/corrlist/marginals/W0008_Vol04-marg-la_all-wordforms.html using class net.sf.saxon.tree.tiny.TinyBuilder
     [java] Tree built in 21.5445ms
     [java] Tree size: 6850 nodes, 14111 characters, 2544 attributes
     [java] Execution time: 45.5232ms
     [java] Memory used: 26061896
     [java] Executing 'C:\Program Files\Oxygen XML Editor 23\jre\bin\java.exe' with arguments:
'-Xmx3000m'
'-classpath'
'C:\Users\solonets\Documents\SVN\trunk\teiedit\lib\xsltproc\Saxon-HE-9.8.0-12.jar'
'net.sf.saxon.Query'
'-q:../../xql/corrList_2_comp-not-found.xql'
'-s:../../../build/W0008_Vol04/corrlist/marginals/W0008_Vol04-marg-la_all-wordforms.html'
'-o:../../../build/W0008_Vol04/corrlist/marginals/W0008_Vol04-marg-la_unclear-hyphenations_not-in-dict.html'
'-traceout:#err'
'-t'

The ' characters around the executable and arguments are
not part of the command.
     [java] Saxon-HE 9.8.0.12J from Saxonica
     [java] Java version 15.0.1
     [java] Analyzing query from ../../xql/corrList_2_comp-not-found.xql
     [java] Analysis time: 480.0796 milliseconds
     [java] Processing file:/C:/Users/solonets/Documents/SVN/trunk/teiedit/works/corr/build/marginals/../../../build/W0008_Vol04/corrlist/marginals/W0008_Vol04-marg-la_all-wordforms.html
     [java] Using parser com.sun.org.apache.xerces.internal.jaxp.SAXParserImpl$JAXPSAXParser
     [java] Building tree for file:/C:/Users/solonets/Documents/SVN/trunk/teiedit/works/corr/build/marginals/../../../build/W0008_Vol04/corrlist/marginals/W0008_Vol04-marg-la_all-wordforms.html using class net.sf.saxon.tree.tiny.TinyBuilder
     [java] Tree built in 22.4348ms
     [java] Tree size: 6850 nodes, 14111 characters, 2544 attributes
     [java] Execution time: 57.0047ms
     [java] Memory used: 27025584
     [java] Executing 'C:\Program Files\Oxygen XML Editor 23\jre\bin\java.exe' with arguments:
'-Xmx3000m'
'-classpath'
'C:\Users\solonets\Documents\SVN\trunk\teiedit\lib\xsltproc\Saxon-HE-9.8.0-12.jar'
'net.sf.saxon.Query'
'-q:../../xql/corrList_2_words-not-found_sorted.xql'
'-s:../../../build/W0008_Vol04/corrlist/marginals/W0008_Vol04-marg-la_all-wordforms.html'
'-o:../../../build/W0008_Vol04/corrlist/marginals/W0008_Vol04-marg-la_wordforms-not-in-dict_sorted.html'
'-traceout:#err'
'-t'
'editText=special-chars-only'

The ' characters around the executable and arguments are
not part of the command.
     [java] Saxon-HE 9.8.0.12J from Saxonica
     [java] Java version 15.0.1
     [java] Analyzing query from ../../xql/corrList_2_words-not-found_sorted.xql
     [java] Analysis time: 486.709 milliseconds
     [java] Processing file:/C:/Users/solonets/Documents/SVN/trunk/teiedit/works/corr/build/marginals/../../../build/W0008_Vol04/corrlist/marginals/W0008_Vol04-marg-la_all-wordforms.html
     [java] Using parser com.sun.org.apache.xerces.internal.jaxp.SAXParserImpl$JAXPSAXParser
     [java] Building tree for file:/C:/Users/solonets/Documents/SVN/trunk/teiedit/works/corr/build/marginals/../../../build/W0008_Vol04/corrlist/marginals/W0008_Vol04-marg-la_all-wordforms.html using class net.sf.saxon.tree.tiny.TinyBuilder
     [java] Tree built in 21.9787ms
     [java] Tree size: 6850 nodes, 14111 characters, 2544 attributes
     [java] Execution time: 65.6222ms
     [java] Memory used: 29737056
