     [java] Executing 'C:\Program Files (x86)\Java\jdk-16.0.2\bin\java.exe' with arguments:
'-Xmx3000m'
'-classpath'
'D:\SVN\trunk\teiedit\lib\xsltproc\Saxon-HE-9.8.0-12.jar'
'net.sf.saxon.Query'
'-q:../../xql/corrList_1_marginals.xql'
'-s:../../../build/W0018/xml/W0018_010.xml'
'-o:../../../build/W0018/corrlist/marginals/W0018-marg-es_all-wordforms.html'
'-traceout:#err'
'-t'
'language=es'

The ' characters around the executable and arguments are
not part of the command.
     [java] Saxon-HE 9.8.0.12J from Saxonica
     [java] Java version 16.0.2
     [java] Analyzing query from ../../xql/corrList_1_marginals.xql
     [java] Analysis time: 500.0546 milliseconds
     [java] Processing file:/D:/SVN/trunk/teiedit/works/corr/build/marginals/../../../build/W0018/xml/W0018_010.xml
     [java] Using parser com.sun.org.apache.xerces.internal.jaxp.SAXParserImpl$JAXPSAXParser
     [java] Building tree for file:/D:/SVN/trunk/teiedit/works/corr/build/marginals/../../../build/W0018/xml/W0018_010.xml using class net.sf.saxon.tree.tiny.TinyBuilder
     [java] Tree built in 47.8183ms
     [java] Tree size: 38570 nodes, 142166 characters, 17638 attributes
     [java] Execution time: 4.087064s (4087.0643ms)
     [java] Memory used: 422578176
     [java] Executing 'C:\Program Files (x86)\Java\jdk-16.0.2\bin\java.exe' with arguments:
'-Xmx3000m'
'-classpath'
'D:\SVN\trunk\teiedit\lib\xsltproc\Saxon-HE-9.8.0-12.jar'
'net.sf.saxon.Query'
'-q:../../xql/corrList_2_ok.xql'
'-s:../../../build/W0018/corrlist/marginals/W0018-marg-es_all-wordforms.html'
'-o:../../../build/W0018/corrlist/marginals/W0018-marg-es_wordforms-ok.html'
'-traceout:#err'
'-t'

The ' characters around the executable and arguments are
not part of the command.
     [java] Saxon-HE 9.8.0.12J from Saxonica
     [java] Java version 16.0.2
     [java] Analyzing query from ../../xql/corrList_2_ok.xql
     [java] Analysis time: 341.1522 milliseconds
     [java] Processing file:/D:/SVN/trunk/teiedit/works/corr/build/marginals/../../../build/W0018/corrlist/marginals/W0018-marg-es_all-wordforms.html
     [java] Using parser com.sun.org.apache.xerces.internal.jaxp.SAXParserImpl$JAXPSAXParser
     [java] Building tree for file:/D:/SVN/trunk/teiedit/works/corr/build/marginals/../../../build/W0018/corrlist/marginals/W0018-marg-es_all-wordforms.html using class net.sf.saxon.tree.tiny.TinyBuilder
     [java] Tree built in 15.7133ms
     [java] Tree size: 7478 nodes, 13053 characters, 2685 attributes
     [java] Execution time: 39.5889ms
     [java] Memory used: 23638584
     [java] Executing 'C:\Program Files (x86)\Java\jdk-16.0.2\bin\java.exe' with arguments:
'-Xmx3000m'
'-classpath'
'D:\SVN\trunk\teiedit\lib\xsltproc\Saxon-HE-9.8.0-12.jar'
'net.sf.saxon.Query'
'-q:../../xql/corrList_2_comp-hyph-dict.xql'
'-s:../../../build/W0018/corrlist/marginals/W0018-marg-es_all-wordforms.html'
'-o:../../../build/W0018/corrlist/marginals/W0018-marg-es_supposed-hyphenations-from-dict.html'
'-traceout:#err'
'-t'

The ' characters around the executable and arguments are
not part of the command.
     [java] Saxon-HE 9.8.0.12J from Saxonica
     [java] Java version 16.0.2
     [java] Analyzing query from ../../xql/corrList_2_comp-hyph-dict.xql
     [java] Analysis time: 372.5008 milliseconds
     [java] Processing file:/D:/SVN/trunk/teiedit/works/corr/build/marginals/../../../build/W0018/corrlist/marginals/W0018-marg-es_all-wordforms.html
     [java] Using parser com.sun.org.apache.xerces.internal.jaxp.SAXParserImpl$JAXPSAXParser
     [java] Building tree for file:/D:/SVN/trunk/teiedit/works/corr/build/marginals/../../../build/W0018/corrlist/marginals/W0018-marg-es_all-wordforms.html using class net.sf.saxon.tree.tiny.TinyBuilder
     [java] Tree built in 19.3889ms
     [java] Tree size: 7478 nodes, 13053 characters, 2685 attributes
     [java] Execution time: 23.2773ms
     [java] Memory used: 23019472
     [java] Executing 'C:\Program Files (x86)\Java\jdk-16.0.2\bin\java.exe' with arguments:
'-Xmx3000m'
'-classpath'
'D:\SVN\trunk\teiedit\lib\xsltproc\Saxon-HE-9.8.0-12.jar'
'net.sf.saxon.Query'
'-q:../../xql/corrList_2_comp-hyph-text.xql'
'-s:../../../build/W0018/corrlist/marginals/W0018-marg-es_all-wordforms.html'
'-o:../../../build/W0018/corrlist/marginals/W0018-marg-es_supposed-hyphenations-from-text.html'
'-traceout:#err'
'-t'

The ' characters around the executable and arguments are
not part of the command.
     [java] Saxon-HE 9.8.0.12J from Saxonica
     [java] Java version 16.0.2
     [java] Analyzing query from ../../xql/corrList_2_comp-hyph-text.xql
     [java] Analysis time: 348.3771 milliseconds
     [java] Processing file:/D:/SVN/trunk/teiedit/works/corr/build/marginals/../../../build/W0018/corrlist/marginals/W0018-marg-es_all-wordforms.html
     [java] Using parser com.sun.org.apache.xerces.internal.jaxp.SAXParserImpl$JAXPSAXParser
     [java] Building tree for file:/D:/SVN/trunk/teiedit/works/corr/build/marginals/../../../build/W0018/corrlist/marginals/W0018-marg-es_all-wordforms.html using class net.sf.saxon.tree.tiny.TinyBuilder
     [java] Tree built in 19.5474ms
     [java] Tree size: 7478 nodes, 13053 characters, 2685 attributes
     [java] Execution time: 20.3286ms
     [java] Memory used: 23040256
     [java] Executing 'C:\Program Files (x86)\Java\jdk-16.0.2\bin\java.exe' with arguments:
'-Xmx3000m'
'-classpath'
'D:\SVN\trunk\teiedit\lib\xsltproc\Saxon-HE-9.8.0-12.jar'
'net.sf.saxon.Query'
'-q:../../xql/corrList_2_words-not-found.xql'
'-s:../../../build/W0018/corrlist/marginals/W0018-marg-es_all-wordforms.html'
'-o:../../../build/W0018/corrlist/marginals/W0018-marg-es_wordforms-not-in-dict.html'
'-traceout:#err'
'-t'

The ' characters around the executable and arguments are
not part of the command.
     [java] Saxon-HE 9.8.0.12J from Saxonica
     [java] Java version 16.0.2
     [java] Analyzing query from ../../xql/corrList_2_words-not-found.xql
     [java] Analysis time: 365.6188 milliseconds
     [java] Processing file:/D:/SVN/trunk/teiedit/works/corr/build/marginals/../../../build/W0018/corrlist/marginals/W0018-marg-es_all-wordforms.html
     [java] Using parser com.sun.org.apache.xerces.internal.jaxp.SAXParserImpl$JAXPSAXParser
     [java] Building tree for file:/D:/SVN/trunk/teiedit/works/corr/build/marginals/../../../build/W0018/corrlist/marginals/W0018-marg-es_all-wordforms.html using class net.sf.saxon.tree.tiny.TinyBuilder
     [java] Tree built in 18.4083ms
     [java] Tree size: 7478 nodes, 13053 characters, 2685 attributes
     [java] Execution time: 27.0781ms
     [java] Memory used: 23038800
     [java] Executing 'C:\Program Files (x86)\Java\jdk-16.0.2\bin\java.exe' with arguments:
'-Xmx3000m'
'-classpath'
'D:\SVN\trunk\teiedit\lib\xsltproc\Saxon-HE-9.8.0-12.jar'
'net.sf.saxon.Query'
'-q:../../xql/corrList_2_comp-hyph-nohyph.xql'
'-s:../../../build/W0018/corrlist/marginals/W0018-marg-es_all-wordforms.html'
'-o:../../../build/W0018/corrlist/marginals/W0018-marg-es_unclear-hyphenations_in-dict.html'
'-traceout:#err'
'-t'

The ' characters around the executable and arguments are
not part of the command.
     [java] Saxon-HE 9.8.0.12J from Saxonica
     [java] Java version 16.0.2
     [java] Analyzing query from ../../xql/corrList_2_comp-hyph-nohyph.xql
     [java] Analysis time: 328.4585 milliseconds
     [java] Processing file:/D:/SVN/trunk/teiedit/works/corr/build/marginals/../../../build/W0018/corrlist/marginals/W0018-marg-es_all-wordforms.html
     [java] Using parser com.sun.org.apache.xerces.internal.jaxp.SAXParserImpl$JAXPSAXParser
     [java] Building tree for file:/D:/SVN/trunk/teiedit/works/corr/build/marginals/../../../build/W0018/corrlist/marginals/W0018-marg-es_all-wordforms.html using class net.sf.saxon.tree.tiny.TinyBuilder
     [java] Tree built in 16.2749ms
     [java] Tree size: 7478 nodes, 13053 characters, 2685 attributes
     [java] Execution time: 23.158ms
     [java] Memory used: 23050344
     [java] Executing 'C:\Program Files (x86)\Java\jdk-16.0.2\bin\java.exe' with arguments:
'-Xmx3000m'
'-classpath'
'D:\SVN\trunk\teiedit\lib\xsltproc\Saxon-HE-9.8.0-12.jar'
'net.sf.saxon.Query'
'-q:../../xql/corrList_2_comp-not-found.xql'
'-s:../../../build/W0018/corrlist/marginals/W0018-marg-es_all-wordforms.html'
'-o:../../../build/W0018/corrlist/marginals/W0018-marg-es_unclear-hyphenations_not-in-dict.html'
'-traceout:#err'
'-t'

The ' characters around the executable and arguments are
not part of the command.
     [java] Saxon-HE 9.8.0.12J from Saxonica
     [java] Java version 16.0.2
     [java] Analyzing query from ../../xql/corrList_2_comp-not-found.xql
     [java] Analysis time: 347.5123 milliseconds
     [java] Processing file:/D:/SVN/trunk/teiedit/works/corr/build/marginals/../../../build/W0018/corrlist/marginals/W0018-marg-es_all-wordforms.html
     [java] Using parser com.sun.org.apache.xerces.internal.jaxp.SAXParserImpl$JAXPSAXParser
     [java] Building tree for file:/D:/SVN/trunk/teiedit/works/corr/build/marginals/../../../build/W0018/corrlist/marginals/W0018-marg-es_all-wordforms.html using class net.sf.saxon.tree.tiny.TinyBuilder
     [java] Tree built in 15.9648ms
     [java] Tree size: 7478 nodes, 13053 characters, 2685 attributes
     [java] Execution time: 29.8685ms
     [java] Memory used: 23656624
     [java] Executing 'C:\Program Files (x86)\Java\jdk-16.0.2\bin\java.exe' with arguments:
'-Xmx3000m'
'-classpath'
'D:\SVN\trunk\teiedit\lib\xsltproc\Saxon-HE-9.8.0-12.jar'
'net.sf.saxon.Query'
'-q:../../xql/corrList_2_words-not-found_sorted.xql'
'-s:../../../build/W0018/corrlist/marginals/W0018-marg-es_all-wordforms.html'
'-o:../../../build/W0018/corrlist/marginals/W0018-marg-es_wordforms-not-in-dict_sorted.html'
'-traceout:#err'
'-t'
'editText=special-chars-only'

The ' characters around the executable and arguments are
not part of the command.
     [java] Saxon-HE 9.8.0.12J from Saxonica
     [java] Java version 16.0.2
     [java] Analyzing query from ../../xql/corrList_2_words-not-found_sorted.xql
     [java] Analysis time: 393.802 milliseconds
     [java] Processing file:/D:/SVN/trunk/teiedit/works/corr/build/marginals/../../../build/W0018/corrlist/marginals/W0018-marg-es_all-wordforms.html
     [java] Using parser com.sun.org.apache.xerces.internal.jaxp.SAXParserImpl$JAXPSAXParser
     [java] Building tree for file:/D:/SVN/trunk/teiedit/works/corr/build/marginals/../../../build/W0018/corrlist/marginals/W0018-marg-es_all-wordforms.html using class net.sf.saxon.tree.tiny.TinyBuilder
     [java] Tree built in 15.4603ms
     [java] Tree size: 7478 nodes, 13053 characters, 2685 attributes
     [java] Execution time: 42.4868ms
     [java] Memory used: 25768944
