     [java] Executing 'C:\Program Files\Java\jdk1.8.0_192\jre\bin\java.exe' with arguments:
'-Xmx3000m'
'-classpath'
'D:\EscuelaSalamanca\SVN\04-39\trunk\teiedit\lib\xsltproc\Saxon-HE-9.8.0-12.jar'
'net.sf.saxon.Query'
'-q:../../xql/corrList_1_main.xql'
'-s:../../../build/W0037_Vol03/xml/W0037_Vol03_012.xml'
'-o:../../../build/W0037_Vol03/corrlist/W0037_Vol03-la_all-wordforms.html'
'-traceout:#err'
'-t'
'language=la'

The ' characters around the executable and arguments are
not part of the command.
     [java] Saxon-HE 9.8.0.12J from Saxonica
     [java] Java version 1.8.0_192
     [java] Analyzing query from ../../xql/corrList_1_main.xql
     [java] Analysis time: 681.1194 milliseconds
     [java] Processing file:/D:/EscuelaSalamanca/SVN/04-39/trunk/teiedit/works/corr/build/main/../../../build/W0037_Vol03/xml/W0037_Vol03_012.xml
     [java] Using parser com.sun.org.apache.xerces.internal.jaxp.SAXParserImpl$JAXPSAXParser
     [java] Building tree for file:/D:/EscuelaSalamanca/SVN/04-39/trunk/teiedit/works/corr/build/main/../../../build/W0037_Vol03/xml/W0037_Vol03_012.xml using class net.sf.saxon.tree.tiny.TinyBuilder
     [java] Tree built in 524.3971ms
     [java] Tree size: 847849 nodes, 3409335 characters, 373720 attributes
     [java] Execution time: 1h 27m 21.226076s (5241226.0766ms)
     [java] Memory used: 1392635288
     [java] Executing 'C:\Program Files\Java\jdk1.8.0_192\jre\bin\java.exe' with arguments:
'-Xmx3000m'
'-classpath'
'D:\EscuelaSalamanca\SVN\04-39\trunk\teiedit\lib\xsltproc\Saxon-HE-9.8.0-12.jar'
'net.sf.saxon.Query'
'-q:../../xql/corrList_2_ok.xql'
'-s:../../../build/W0037_Vol03/corrlist/W0037_Vol03-la_all-wordforms.html'
'-o:../../../build/W0037_Vol03/corrlist/W0037_Vol03-la_wordforms-ok.html'
'-traceout:#err'
'-t'

The ' characters around the executable and arguments are
not part of the command.
     [java] Saxon-HE 9.8.0.12J from Saxonica
     [java] Java version 1.8.0_192
     [java] Analyzing query from ../../xql/corrList_2_ok.xql
     [java] Analysis time: 578.1286 milliseconds
     [java] Processing file:/D:/EscuelaSalamanca/SVN/04-39/trunk/teiedit/works/corr/build/main/../../../build/W0037_Vol03/corrlist/W0037_Vol03-la_all-wordforms.html
     [java] Using parser com.sun.org.apache.xerces.internal.jaxp.SAXParserImpl$JAXPSAXParser
     [java] Building tree for file:/D:/EscuelaSalamanca/SVN/04-39/trunk/teiedit/works/corr/build/main/../../../build/W0037_Vol03/corrlist/W0037_Vol03-la_all-wordforms.html using class net.sf.saxon.tree.tiny.TinyBuilder
     [java] Tree built in 1.113609s (1113.6099ms)
     [java] Tree size: 2490918 nodes, 5212191 characters, 786830 attributes
     [java] Execution time: 940.5125ms
     [java] Memory used: 336309680
     [java] Executing 'C:\Program Files\Java\jdk1.8.0_192\jre\bin\java.exe' with arguments:
'-Xmx3000m'
'-classpath'
'D:\EscuelaSalamanca\SVN\04-39\trunk\teiedit\lib\xsltproc\Saxon-HE-9.8.0-12.jar'
'net.sf.saxon.Query'
'-q:../../xql/corrList_2_comp-hyph-dict.xql'
'-s:../../../build/W0037_Vol03/corrlist/W0037_Vol03-la_all-wordforms.html'
'-o:../../../build/W0037_Vol03/corrlist/W0037_Vol03-la_supposed-hyphenations-from-dict.html'
'-traceout:#err'
'-t'

The ' characters around the executable and arguments are
not part of the command.
     [java] Saxon-HE 9.8.0.12J from Saxonica
     [java] Java version 1.8.0_192
     [java] Analyzing query from ../../xql/corrList_2_comp-hyph-dict.xql
     [java] Analysis time: 504.1424 milliseconds
     [java] Processing file:/D:/EscuelaSalamanca/SVN/04-39/trunk/teiedit/works/corr/build/main/../../../build/W0037_Vol03/corrlist/W0037_Vol03-la_all-wordforms.html
     [java] Using parser com.sun.org.apache.xerces.internal.jaxp.SAXParserImpl$JAXPSAXParser
     [java] Building tree for file:/D:/EscuelaSalamanca/SVN/04-39/trunk/teiedit/works/corr/build/main/../../../build/W0037_Vol03/corrlist/W0037_Vol03-la_all-wordforms.html using class net.sf.saxon.tree.tiny.TinyBuilder
     [java] Tree built in 1.112771s (1112.771ms)
     [java] Tree size: 2490918 nodes, 5212191 characters, 786830 attributes
     [java] Execution time: 70.1708ms
     [java] Memory used: 281514416
     [java] Executing 'C:\Program Files\Java\jdk1.8.0_192\jre\bin\java.exe' with arguments:
'-Xmx3000m'
'-classpath'
'D:\EscuelaSalamanca\SVN\04-39\trunk\teiedit\lib\xsltproc\Saxon-HE-9.8.0-12.jar'
'net.sf.saxon.Query'
'-q:../../xql/corrList_2_comp-hyph-text.xql'
'-s:../../../build/W0037_Vol03/corrlist/W0037_Vol03-la_all-wordforms.html'
'-o:../../../build/W0037_Vol03/corrlist/W0037_Vol03-la_supposed-hyphenations-from-text.html'
'-traceout:#err'
'-t'

The ' characters around the executable and arguments are
not part of the command.
     [java] Saxon-HE 9.8.0.12J from Saxonica
     [java] Java version 1.8.0_192
     [java] Analyzing query from ../../xql/corrList_2_comp-hyph-text.xql
     [java] Analysis time: 521.885 milliseconds
     [java] Processing file:/D:/EscuelaSalamanca/SVN/04-39/trunk/teiedit/works/corr/build/main/../../../build/W0037_Vol03/corrlist/W0037_Vol03-la_all-wordforms.html
     [java] Using parser com.sun.org.apache.xerces.internal.jaxp.SAXParserImpl$JAXPSAXParser
     [java] Building tree for file:/D:/EscuelaSalamanca/SVN/04-39/trunk/teiedit/works/corr/build/main/../../../build/W0037_Vol03/corrlist/W0037_Vol03-la_all-wordforms.html using class net.sf.saxon.tree.tiny.TinyBuilder
     [java] Tree built in 1.09867s (1098.6703ms)
     [java] Tree size: 2490918 nodes, 5212191 characters, 786830 attributes
     [java] Execution time: 102.3641ms
     [java] Memory used: 227085944
     [java] Executing 'C:\Program Files\Java\jdk1.8.0_192\jre\bin\java.exe' with arguments:
'-Xmx3000m'
'-classpath'
'D:\EscuelaSalamanca\SVN\04-39\trunk\teiedit\lib\xsltproc\Saxon-HE-9.8.0-12.jar'
'net.sf.saxon.Query'
'-q:../../xql/corrList_2_words-not-found.xql'
'-s:../../../build/W0037_Vol03/corrlist/W0037_Vol03-la_all-wordforms.html'
'-o:../../../build/W0037_Vol03/corrlist/W0037_Vol03-la_wordforms-not-in-dict.html'
'-traceout:#err'
'-t'

The ' characters around the executable and arguments are
not part of the command.
     [java] Saxon-HE 9.8.0.12J from Saxonica
     [java] Java version 1.8.0_192
     [java] Analyzing query from ../../xql/corrList_2_words-not-found.xql
     [java] Analysis time: 507.628 milliseconds
     [java] Processing file:/D:/EscuelaSalamanca/SVN/04-39/trunk/teiedit/works/corr/build/main/../../../build/W0037_Vol03/corrlist/W0037_Vol03-la_all-wordforms.html
     [java] Using parser com.sun.org.apache.xerces.internal.jaxp.SAXParserImpl$JAXPSAXParser
     [java] Building tree for file:/D:/EscuelaSalamanca/SVN/04-39/trunk/teiedit/works/corr/build/main/../../../build/W0037_Vol03/corrlist/W0037_Vol03-la_all-wordforms.html using class net.sf.saxon.tree.tiny.TinyBuilder
     [java] Tree built in 1.067135s (1067.1351ms)
     [java] Tree size: 2490918 nodes, 5212191 characters, 786830 attributes
     [java] Execution time: 609.6966ms
     [java] Memory used: 317003768
     [java] Executing 'C:\Program Files\Java\jdk1.8.0_192\jre\bin\java.exe' with arguments:
'-Xmx3000m'
'-classpath'
'D:\EscuelaSalamanca\SVN\04-39\trunk\teiedit\lib\xsltproc\Saxon-HE-9.8.0-12.jar'
'net.sf.saxon.Query'
'-q:../../xql/corrList_2_comp-hyph-nohyph.xql'
'-s:../../../build/W0037_Vol03/corrlist/W0037_Vol03-la_all-wordforms.html'
'-o:../../../build/W0037_Vol03/corrlist/W0037_Vol03-la_unclear-hyphenations_in-dict.html'
'-traceout:#err'
'-t'

The ' characters around the executable and arguments are
not part of the command.
     [java] Saxon-HE 9.8.0.12J from Saxonica
     [java] Java version 1.8.0_192
     [java] Analyzing query from ../../xql/corrList_2_comp-hyph-nohyph.xql
     [java] Analysis time: 519.9186 milliseconds
     [java] Processing file:/D:/EscuelaSalamanca/SVN/04-39/trunk/teiedit/works/corr/build/main/../../../build/W0037_Vol03/corrlist/W0037_Vol03-la_all-wordforms.html
     [java] Using parser com.sun.org.apache.xerces.internal.jaxp.SAXParserImpl$JAXPSAXParser
     [java] Building tree for file:/D:/EscuelaSalamanca/SVN/04-39/trunk/teiedit/works/corr/build/main/../../../build/W0037_Vol03/corrlist/W0037_Vol03-la_all-wordforms.html using class net.sf.saxon.tree.tiny.TinyBuilder
     [java] Tree built in 1.134336s (1134.3362ms)
     [java] Tree size: 2490918 nodes, 5212191 characters, 786830 attributes
     [java] Execution time: 91.1691ms
     [java] Memory used: 286234112
     [java] Executing 'C:\Program Files\Java\jdk1.8.0_192\jre\bin\java.exe' with arguments:
'-Xmx3000m'
'-classpath'
'D:\EscuelaSalamanca\SVN\04-39\trunk\teiedit\lib\xsltproc\Saxon-HE-9.8.0-12.jar'
'net.sf.saxon.Query'
'-q:../../xql/corrList_2_comp-not-found.xql'
'-s:../../../build/W0037_Vol03/corrlist/W0037_Vol03-la_all-wordforms.html'
'-o:../../../build/W0037_Vol03/corrlist/W0037_Vol03-la_unclear-hyphenations_not-in-dict.html'
'-traceout:#err'
'-t'

The ' characters around the executable and arguments are
not part of the command.
     [java] Saxon-HE 9.8.0.12J from Saxonica
     [java] Java version 1.8.0_192
     [java] Analyzing query from ../../xql/corrList_2_comp-not-found.xql
     [java] Analysis time: 508.1137 milliseconds
     [java] Processing file:/D:/EscuelaSalamanca/SVN/04-39/trunk/teiedit/works/corr/build/main/../../../build/W0037_Vol03/corrlist/W0037_Vol03-la_all-wordforms.html
     [java] Using parser com.sun.org.apache.xerces.internal.jaxp.SAXParserImpl$JAXPSAXParser
     [java] Building tree for file:/D:/EscuelaSalamanca/SVN/04-39/trunk/teiedit/works/corr/build/main/../../../build/W0037_Vol03/corrlist/W0037_Vol03-la_all-wordforms.html using class net.sf.saxon.tree.tiny.TinyBuilder
     [java] Tree built in 1.097241s (1097.2412ms)
     [java] Tree size: 2490918 nodes, 5212191 characters, 786830 attributes
     [java] Execution time: 256.9177ms
     [java] Memory used: 271940912
     [java] Executing 'C:\Program Files\Java\jdk1.8.0_192\jre\bin\java.exe' with arguments:
'-Xmx3000m'
'-classpath'
'D:\EscuelaSalamanca\SVN\04-39\trunk\teiedit\lib\xsltproc\Saxon-HE-9.8.0-12.jar'
'net.sf.saxon.Query'
'-q:../../xql/corrList_2_words-not-found_sorted.xql'
'-s:../../../build/W0037_Vol03/corrlist/W0037_Vol03-la_all-wordforms.html'
'-o:../../../build/W0037_Vol03/corrlist/W0037_Vol03-la_wordforms-not-in-dict_sorted.html'
'-traceout:#err'
'-t'
'editText=special-chars-only'

The ' characters around the executable and arguments are
not part of the command.
     [java] Saxon-HE 9.8.0.12J from Saxonica
     [java] Java version 1.8.0_192
     [java] Analyzing query from ../../xql/corrList_2_words-not-found_sorted.xql
     [java] Analysis time: 522.1051 milliseconds
     [java] Processing file:/D:/EscuelaSalamanca/SVN/04-39/trunk/teiedit/works/corr/build/main/../../../build/W0037_Vol03/corrlist/W0037_Vol03-la_all-wordforms.html
     [java] Using parser com.sun.org.apache.xerces.internal.jaxp.SAXParserImpl$JAXPSAXParser
     [java] Building tree for file:/D:/EscuelaSalamanca/SVN/04-39/trunk/teiedit/works/corr/build/main/../../../build/W0037_Vol03/corrlist/W0037_Vol03-la_all-wordforms.html using class net.sf.saxon.tree.tiny.TinyBuilder
     [java] Tree built in 1.126931s (1126.9312ms)
     [java] Tree size: 2490918 nodes, 5212191 characters, 786830 attributes
     [java] Execution time: 416.32ms
     [java] Memory used: 227320400
