     [java] Executing '/usr/lib/jvm/jdk-19/bin/java' with arguments:
'-Xmx3000m'
'-classpath'
'/home/marie-astrid/Documents/Salamanca/trunk/teiedit/lib/xsltproc/Saxon-HE-9.8.0-12.jar'
'net.sf.saxon.Query'
'-q:../../xql/corrList_1_main.xql'
'-s:/home/marie-astrid/Documents/Salamanca/trunk/teiedit/works/build/W0016_Vol01/xml/W0016_Vol01_009.xml'
'-o:/home/marie-astrid/Documents/Salamanca/trunk/teiedit/works/build/W0016_Vol01/corrlist/W0016_Vol01-la_all-wordforms.html'
'-traceout:#err'
'-t'
'language=la'

The ' characters around the executable and arguments are
not part of the command.
     [java] Saxon-HE 9.8.0.12J from Saxonica
     [java] Java version 19.0.2
     [java] Analyzing query from ../../xql/corrList_1_main.xql
     [java] Analysis time: 1180.849036 milliseconds
     [java] Processing file:/home/marie-astrid/Documents/Salamanca/trunk/teiedit/works/build/W0016_Vol01/xml/W0016_Vol01_009.xml
     [java] Using parser com.sun.org.apache.xerces.internal.jaxp.SAXParserImpl$JAXPSAXParser
     [java] Building tree for file:/home/marie-astrid/Documents/Salamanca/trunk/teiedit/works/build/W0016_Vol01/xml/W0016_Vol01_009.xml using class net.sf.saxon.tree.tiny.TinyBuilder
     [java] Tree built in 142.138093ms
     [java] Tree size: 40588 nodes, 165479 characters, 19276 attributes
     [java] Execution time: 7m 10.33357s (430333.570008ms)
     [java] Memory used: 2620042928
     [java] Executing '/usr/lib/jvm/jdk-19/bin/java' with arguments:
'-Xmx3000m'
'-classpath'
'/home/marie-astrid/Documents/Salamanca/trunk/teiedit/lib/xsltproc/Saxon-HE-9.8.0-12.jar'
'net.sf.saxon.Query'
'-q:../../xql/corrList_2_ok.xql'
'-s:/home/marie-astrid/Documents/Salamanca/trunk/teiedit/works/build/W0016_Vol01/corrlist/W0016_Vol01-la_all-wordforms.html'
'-o:/home/marie-astrid/Documents/Salamanca/trunk/teiedit/works/build/W0016_Vol01/corrlist/W0016_Vol01-la_wordforms-ok.html'
'-traceout:#err'
'-t'

The ' characters around the executable and arguments are
not part of the command.
     [java] Saxon-HE 9.8.0.12J from Saxonica
     [java] Java version 19.0.2
     [java] Analyzing query from ../../xql/corrList_2_ok.xql
     [java] Analysis time: 751.144921 milliseconds
     [java] Processing file:/home/marie-astrid/Documents/Salamanca/trunk/teiedit/works/build/W0016_Vol01/corrlist/W0016_Vol01-la_all-wordforms.html
     [java] Using parser com.sun.org.apache.xerces.internal.jaxp.SAXParserImpl$JAXPSAXParser
     [java] Building tree for file:/home/marie-astrid/Documents/Salamanca/trunk/teiedit/works/build/W0016_Vol01/corrlist/W0016_Vol01-la_all-wordforms.html using class net.sf.saxon.tree.tiny.TinyBuilder
     [java] Tree built in 511.270484ms
     [java] Tree size: 292536 nodes, 490999 characters, 90057 attributes
     [java] Execution time: 522.266676ms
     [java] Memory used: 102247408
     [java] Executing '/usr/lib/jvm/jdk-19/bin/java' with arguments:
'-Xmx3000m'
'-classpath'
'/home/marie-astrid/Documents/Salamanca/trunk/teiedit/lib/xsltproc/Saxon-HE-9.8.0-12.jar'
'net.sf.saxon.Query'
'-q:../../xql/corrList_2_comp-hyph-dict.xql'
'-s:/home/marie-astrid/Documents/Salamanca/trunk/teiedit/works/build/W0016_Vol01/corrlist/W0016_Vol01-la_all-wordforms.html'
'-o:/home/marie-astrid/Documents/Salamanca/trunk/teiedit/works/build/W0016_Vol01/corrlist/W0016_Vol01-la_supposed-hyphenations-from-dict.html'
'-traceout:#err'
'-t'

The ' characters around the executable and arguments are
not part of the command.
     [java] Saxon-HE 9.8.0.12J from Saxonica
     [java] Java version 19.0.2
     [java] Analyzing query from ../../xql/corrList_2_comp-hyph-dict.xql
     [java] Analysis time: 755.538861 milliseconds
     [java] Processing file:/home/marie-astrid/Documents/Salamanca/trunk/teiedit/works/build/W0016_Vol01/corrlist/W0016_Vol01-la_all-wordforms.html
     [java] Using parser com.sun.org.apache.xerces.internal.jaxp.SAXParserImpl$JAXPSAXParser
     [java] Building tree for file:/home/marie-astrid/Documents/Salamanca/trunk/teiedit/works/build/W0016_Vol01/corrlist/W0016_Vol01-la_all-wordforms.html using class net.sf.saxon.tree.tiny.TinyBuilder
     [java] Tree built in 497.192599ms
     [java] Tree size: 292536 nodes, 490999 characters, 90057 attributes
     [java] Execution time: 160.205521ms
     [java] Memory used: 67442592
     [java] Executing '/usr/lib/jvm/jdk-19/bin/java' with arguments:
'-Xmx3000m'
'-classpath'
'/home/marie-astrid/Documents/Salamanca/trunk/teiedit/lib/xsltproc/Saxon-HE-9.8.0-12.jar'
'net.sf.saxon.Query'
'-q:../../xql/corrList_2_comp-hyph-text.xql'
'-s:/home/marie-astrid/Documents/Salamanca/trunk/teiedit/works/build/W0016_Vol01/corrlist/W0016_Vol01-la_all-wordforms.html'
'-o:/home/marie-astrid/Documents/Salamanca/trunk/teiedit/works/build/W0016_Vol01/corrlist/W0016_Vol01-la_supposed-hyphenations-from-text.html'
'-traceout:#err'
'-t'

The ' characters around the executable and arguments are
not part of the command.
     [java] Saxon-HE 9.8.0.12J from Saxonica
     [java] Java version 19.0.2
     [java] Analyzing query from ../../xql/corrList_2_comp-hyph-text.xql
     [java] Analysis time: 698.105704 milliseconds
     [java] Processing file:/home/marie-astrid/Documents/Salamanca/trunk/teiedit/works/build/W0016_Vol01/corrlist/W0016_Vol01-la_all-wordforms.html
     [java] Using parser com.sun.org.apache.xerces.internal.jaxp.SAXParserImpl$JAXPSAXParser
     [java] Building tree for file:/home/marie-astrid/Documents/Salamanca/trunk/teiedit/works/build/W0016_Vol01/corrlist/W0016_Vol01-la_all-wordforms.html using class net.sf.saxon.tree.tiny.TinyBuilder
     [java] Tree built in 457.244059ms
     [java] Tree size: 292536 nodes, 490999 characters, 90057 attributes
     [java] Execution time: 167.985679ms
     [java] Memory used: 68337400
     [java] Executing '/usr/lib/jvm/jdk-19/bin/java' with arguments:
'-Xmx3000m'
'-classpath'
'/home/marie-astrid/Documents/Salamanca/trunk/teiedit/lib/xsltproc/Saxon-HE-9.8.0-12.jar'
'net.sf.saxon.Query'
'-q:../../xql/corrList_2_words-not-found.xql'
'-s:/home/marie-astrid/Documents/Salamanca/trunk/teiedit/works/build/W0016_Vol01/corrlist/W0016_Vol01-la_all-wordforms.html'
'-o:/home/marie-astrid/Documents/Salamanca/trunk/teiedit/works/build/W0016_Vol01/corrlist/W0016_Vol01-la_wordforms-not-in-dict.html'
'-traceout:#err'
'-t'

The ' characters around the executable and arguments are
not part of the command.
     [java] Saxon-HE 9.8.0.12J from Saxonica
     [java] Java version 19.0.2
     [java] Analyzing query from ../../xql/corrList_2_words-not-found.xql
     [java] Analysis time: 649.630419 milliseconds
     [java] Processing file:/home/marie-astrid/Documents/Salamanca/trunk/teiedit/works/build/W0016_Vol01/corrlist/W0016_Vol01-la_all-wordforms.html
     [java] Using parser com.sun.org.apache.xerces.internal.jaxp.SAXParserImpl$JAXPSAXParser
     [java] Building tree for file:/home/marie-astrid/Documents/Salamanca/trunk/teiedit/works/build/W0016_Vol01/corrlist/W0016_Vol01-la_all-wordforms.html using class net.sf.saxon.tree.tiny.TinyBuilder
     [java] Tree built in 450.058548ms
     [java] Tree size: 292536 nodes, 490999 characters, 90057 attributes
     [java] Execution time: 232.915359ms
     [java] Memory used: 72270480
     [java] Executing '/usr/lib/jvm/jdk-19/bin/java' with arguments:
'-Xmx3000m'
'-classpath'
'/home/marie-astrid/Documents/Salamanca/trunk/teiedit/lib/xsltproc/Saxon-HE-9.8.0-12.jar'
'net.sf.saxon.Query'
'-q:../../xql/corrList_2_comp-hyph-nohyph.xql'
'-s:/home/marie-astrid/Documents/Salamanca/trunk/teiedit/works/build/W0016_Vol01/corrlist/W0016_Vol01-la_all-wordforms.html'
'-o:/home/marie-astrid/Documents/Salamanca/trunk/teiedit/works/build/W0016_Vol01/corrlist/W0016_Vol01-la_unclear-hyphenations_in-dict.html'
'-traceout:#err'
'-t'

The ' characters around the executable and arguments are
not part of the command.
     [java] Saxon-HE 9.8.0.12J from Saxonica
     [java] Java version 19.0.2
     [java] Analyzing query from ../../xql/corrList_2_comp-hyph-nohyph.xql
     [java] Analysis time: 709.769428 milliseconds
     [java] Processing file:/home/marie-astrid/Documents/Salamanca/trunk/teiedit/works/build/W0016_Vol01/corrlist/W0016_Vol01-la_all-wordforms.html
     [java] Using parser com.sun.org.apache.xerces.internal.jaxp.SAXParserImpl$JAXPSAXParser
     [java] Building tree for file:/home/marie-astrid/Documents/Salamanca/trunk/teiedit/works/build/W0016_Vol01/corrlist/W0016_Vol01-la_all-wordforms.html using class net.sf.saxon.tree.tiny.TinyBuilder
     [java] Tree built in 515.536589ms
     [java] Tree size: 292536 nodes, 490999 characters, 90057 attributes
     [java] Execution time: 136.91617ms
     [java] Memory used: 66654136
     [java] Executing '/usr/lib/jvm/jdk-19/bin/java' with arguments:
'-Xmx3000m'
'-classpath'
'/home/marie-astrid/Documents/Salamanca/trunk/teiedit/lib/xsltproc/Saxon-HE-9.8.0-12.jar'
'net.sf.saxon.Query'
'-q:../../xql/corrList_2_comp-not-found.xql'
'-s:/home/marie-astrid/Documents/Salamanca/trunk/teiedit/works/build/W0016_Vol01/corrlist/W0016_Vol01-la_all-wordforms.html'
'-o:/home/marie-astrid/Documents/Salamanca/trunk/teiedit/works/build/W0016_Vol01/corrlist/W0016_Vol01-la_unclear-hyphenations_not-in-dict.html'
'-traceout:#err'
'-t'

The ' characters around the executable and arguments are
not part of the command.
     [java] Saxon-HE 9.8.0.12J from Saxonica
     [java] Java version 19.0.2
     [java] Analyzing query from ../../xql/corrList_2_comp-not-found.xql
     [java] Analysis time: 639.203334 milliseconds
     [java] Processing file:/home/marie-astrid/Documents/Salamanca/trunk/teiedit/works/build/W0016_Vol01/corrlist/W0016_Vol01-la_all-wordforms.html
     [java] Using parser com.sun.org.apache.xerces.internal.jaxp.SAXParserImpl$JAXPSAXParser
     [java] Building tree for file:/home/marie-astrid/Documents/Salamanca/trunk/teiedit/works/build/W0016_Vol01/corrlist/W0016_Vol01-la_all-wordforms.html using class net.sf.saxon.tree.tiny.TinyBuilder
     [java] Tree built in 443.685181ms
     [java] Tree size: 292536 nodes, 490999 characters, 90057 attributes
     [java] Execution time: 222.730217ms
     [java] Memory used: 70445512
     [java] Executing '/usr/lib/jvm/jdk-19/bin/java' with arguments:
'-Xmx3000m'
'-classpath'
'/home/marie-astrid/Documents/Salamanca/trunk/teiedit/lib/xsltproc/Saxon-HE-9.8.0-12.jar'
'net.sf.saxon.Query'
'-q:../../xql/corrList_2_words-not-found_sorted.xql'
'-s:/home/marie-astrid/Documents/Salamanca/trunk/teiedit/works/build/W0016_Vol01/corrlist/W0016_Vol01-la_all-wordforms.html'
'-o:/home/marie-astrid/Documents/Salamanca/trunk/teiedit/works/build/W0016_Vol01/corrlist/W0016_Vol01-la_wordforms-not-in-dict_sorted.html'
'-traceout:#err'
'-t'
'editText=special-chars-only'

The ' characters around the executable and arguments are
not part of the command.
     [java] Saxon-HE 9.8.0.12J from Saxonica
     [java] Java version 19.0.2
     [java] Analyzing query from ../../xql/corrList_2_words-not-found_sorted.xql
     [java] Analysis time: 870.297255 milliseconds
     [java] Processing file:/home/marie-astrid/Documents/Salamanca/trunk/teiedit/works/build/W0016_Vol01/corrlist/W0016_Vol01-la_all-wordforms.html
     [java] Using parser com.sun.org.apache.xerces.internal.jaxp.SAXParserImpl$JAXPSAXParser
     [java] Building tree for file:/home/marie-astrid/Documents/Salamanca/trunk/teiedit/works/build/W0016_Vol01/corrlist/W0016_Vol01-la_all-wordforms.html using class net.sf.saxon.tree.tiny.TinyBuilder
     [java] Tree built in 553.112385ms
     [java] Tree size: 292536 nodes, 490999 characters, 90057 attributes
     [java] Execution time: 323.748929ms
     [java] Memory used: 83214336
