
    ----------------------------------------------
    #### Last action: Processed Tite document no. 1 ####
    ----------------------------------------------
    Total characters: 1010670
    Non-whitespace characters: 827868
    Relevant whitespace: 182802
    Hyphens (total): 4422
    Tagged line breaks (lb): 19975
    (In-text line feeds: 15978)
    (Omitted whitespace (normalize-space): 0)
    Characters tagged as special characters (within tei:g): 0
    

    ----------------------------------------------
    #### Last action: Processed Tite document no. 2 ####
    ----------------------------------------------
    Total characters: 1010670
    Non-whitespace characters: 827868
    Relevant whitespace: 182802
    Hyphens (total): 4422
    Tagged line breaks (lb): 19975
    (In-text line feeds: 15978)
    (Omitted whitespace (normalize-space): 0)
    Characters tagged as special characters (within tei:g): 0
    

    ----------------------------------------------
    #### Last action: Transformation from TEI Tite to TEI P5. ####
    ----------------------------------------------
    Total characters: 1010682
    Non-whitespace characters: 827868
    Relevant whitespace: 182814
    Hyphens (total): 4422
    Tagged line breaks (lb): 19975
    (In-text line feeds: 15990)
    (Omitted whitespace (normalize-space): 0)
    Characters tagged as special characters (within tei:g): 0
    

    ----------------------------------------------
    #### Last action: Added cross-references in index. ####
    ----------------------------------------------
    Total characters: 1010682
    Non-whitespace characters: 827868
    Relevant whitespace: 182814
    Hyphens (total): 4422
    Tagged line breaks (lb): 19975
    (In-text line feeds: 15990)
    (Omitted whitespace (normalize-space): 0)
    Characters tagged as special characters (within tei:g): 0
    

    ----------------------------------------------
    #### Last action: Annotated hyphenated breaks. ####
    ----------------------------------------------
    Total characters: 1002452
    Non-whitespace characters: 823446
    Relevant whitespace: 179006
    Hyphens (total): 0
    Tagged line breaks (lb): 19975
    (In-text line feeds: 12182)
    (Omitted whitespace (normalize-space): 0)
    Characters tagged as special characters (within tei:g): 0
    

    ----------------------------------------------
    #### Last action: Tagged special characters. ####
    ----------------------------------------------
    Total characters: 1001708
    Non-whitespace characters: 823446
    Relevant whitespace: 178262
    Hyphens (total): 0
    Tagged line breaks (lb): 19975
    (In-text line feeds: 11438)
    (Omitted whitespace (normalize-space): 0)
    Characters tagged as special characters (within tei:g): 15635
    

    ----------------------------------------------
    #### Last action: Created @xml:id. ####
    ----------------------------------------------
    Total characters: 1001708
    Non-whitespace characters: 823446
    Relevant whitespace: 178262
    Hyphens (total): 0
    Tagged line breaks (lb): 19975
    (In-text line feeds: 11438)
    (Omitted whitespace (normalize-space): 0)
    Characters tagged as special characters (within tei:g): 15635
    

    ----------------------------------------------
    #### Last action: Processed Tite document no. 8 ####
    ----------------------------------------------
    Total characters: 1010724
    Non-whitespace characters: 827935
    Relevant whitespace: 182789
    Hyphens (total): 4421
    Tagged line breaks (lb): 19973
    (In-text line feeds: 15962)
    (Omitted whitespace (normalize-space): 0)
    Characters tagged as special characters (within tei:g): 0
    