     [xslt] Using class org.apache.tools.ant.taskdefs.optional.TraXLiaison
     [xslt] Processing D:\Cindy\SVN\trunk\teiedit\works\build\W0046\xml\W0046_017.xml to D:\Cindy\SVN\trunk\teiedit\works\build\W0046\xml\W0046_018.xml
     [xslt] Loading stylesheet D:\Cindy\SVN\trunk\teiedit\works\build\W0046\xsl\W0046_017.xsl
     [xslt] INFO: repositioned lb W0046-00-0092-lb-0027

     [xslt] WARN: found choice element with empty child, in line W0046-00-0448-lb-1001 :

     [xslt] 	child::tei:sic (child 1) has content: "tatis"

     [xslt] 	child::tei:corr (child 2) has content: ""

     [xslt] WARN: amount of whitespace characters differs in input and output doc: 

     [xslt] Input whitespace: 90735

     [xslt] Output whitespace: 89185

     [xslt] INFO: quality check successfull.

     [xslt] Using class org.apache.tools.ant.taskdefs.optional.TraXLiaison
     [xslt] Processing D:\Cindy\SVN\trunk\teiedit\works\build\W0046\xml\W0046_018.xml to D:\Cindy\SVN\trunk\teiedit\works\build\W0046\xml\W0046_019.xml
     [xslt] Loading stylesheet D:\Cindy\SVN\trunk\teiedit\works\build\W0046\xsl\W0046_018.xsl
     [xslt] INFO: identified 38 *pb* as primary no-break that were not previously marked as such.

     [xslt] INFO: identified 8 *cb* as primary no-break that were not previously marked as such.

     [xslt] INFO: identified 0 *cb* as secondary break that were not previously marked as no-break at all.

     [xslt] INFO: identified 0 *cb* as secondary break that were previously marked as primary no-break.

     [xslt] INFO: identified 0 *lb* as primary no-break that were not previously marked as such.

     [xslt] INFO: identified 0 *lb* as secondary break that were not previously marked as no-break at all.

     [xslt] INFO: identified 47 *lb* as secondary break that were previously marked as primary no-break.

     [xslt] INFO: replaced trailing whitespace in 46 text nodes before primary no-breaks.

     [xslt] INFO: replaced trailing whitespace in 0 text nodes before secondary no-breaks.

     [xslt] Input whitespace: 89185

     [xslt] Output whitespace: 89139

     [xslt] ---------------------------------------------------------

     [xslt] INFO: quality check successfull.

     [xslt] Using class org.apache.tools.ant.taskdefs.optional.TraXLiaison
     [xslt] Processing D:\Cindy\SVN\trunk\teiedit\works\build\W0046\xml\W0046_019.xml to D:\Cindy\SVN\trunk\teiedit\works\build\W0046\xml\W0046_020.xml
     [xslt] Loading stylesheet D:\Cindy\SVN\trunk\teiedit\works\build\W0046\xsl\W0046_019.xsl
     [xslt] INFO: quality check successfull.

     [xslt] INFO: added 6 choice/*[2]/pb.

     [xslt] INFO: added 2 choice/*[2]/cb.

     [xslt] INFO: added 313 choice/*[2]/lb.

     [xslt] Using class org.apache.tools.ant.taskdefs.optional.TraXLiaison
     [xslt] Processing D:\Cindy\SVN\trunk\teiedit\works\build\W0046\xml\W0046_020.xml to D:\Cindy\SVN\trunk\teiedit\works\build\W0046\xml\W0046_021.xml
     [xslt] Loading stylesheet D:\Cindy\SVN\trunk\teiedit\works\build\W0046\xsl\W0046_020.xsl
Apache resolver library not found, internal resolver will be used
     [xslt] INFO: added 68 special character tags (tei:g).

     [xslt] INFO: quality check successfull.

     [xslt] Using class org.apache.tools.ant.taskdefs.optional.TraXLiaison
     [xslt] Processing D:\Cindy\SVN\trunk\teiedit\works\build\W0046\xml\W0046_021.xml to D:\Cindy\SVN\trunk\teiedit\works\build\W0046\xml\W0046_022.xml
     [xslt] Loading stylesheet D:\Cindy\SVN\trunk\teiedit\works\build\W0046\xsl\W0046_021.xsl
     [xslt] Using class org.apache.tools.ant.taskdefs.optional.TraXLiaison
     [xslt] Processing D:\Cindy\SVN\trunk\teiedit\works\build\W0046\xml\W0046_022.xml to D:\Cindy\SVN\trunk\teiedit\works\build\W0046\xml\W0046_023.xml
     [xslt] Loading stylesheet D:\Cindy\SVN\trunk\teiedit\works\build\W0046\xsl\W0046_022.xsl
     [xslt] Generated temporary lb/@xml:id.

     [xslt] Extracted tei:lb from pages in the main area of the text.

     [xslt] Numbered tei:lb from the main area.

     [xslt] Extracted tei:lb from the marginal area.

     [xslt] Numbered tei:lb from the marginal area.

     [xslt] INFO: Added line numbers to tei:lb/@n.

     [xslt] INFO: Serializing final output...

     [xslt] INFO: quality check successfull.

     [xslt] Using class org.apache.tools.ant.taskdefs.optional.TraXLiaison
     [xslt] Processing D:\Cindy\SVN\trunk\teiedit\works\build\W0046\xml\W0046_023.xml to D:\Cindy\SVN\trunk\teiedit\works\build\W0046\xml\W0046_024.xml
     [xslt] Loading stylesheet D:\Cindy\SVN\trunk\teiedit\works\build\W0046\xsl\W0046_023.xsl
     [xslt] INFO: quality check successfull.

