     [xslt] Using class org.apache.tools.ant.taskdefs.optional.TraXLiaison
     [xslt] Processing D:\Cindy\SVN\trunk\teiedit\works\build\W0008_Vol06\xml\W0008_Vol06_017.xml to D:\Cindy\SVN\trunk\teiedit\works\build\W0008_Vol06\xml\W0008_Vol06_018.xml
     [xslt] Loading stylesheet D:\Cindy\SVN\trunk\teiedit\works\build\W0008_Vol06\xsl\W0008_Vol06_017.xsl
     [xslt] WARN: found choice element which seems not to be separated from preceding or following text - resolve this manually! (in line W0008-06-0029-lb-2052 )

     [xslt] 

     [xslt] WARN: found choice element with empty child, in line W0008-06-0029-lb-2052 :

     [xslt] 	child::tei:sic (child 1) has content: "."

     [xslt] 	child::tei:corr (child 2) has content: ""

     [xslt] INFO: quality check successfull.

     [xslt] Using class org.apache.tools.ant.taskdefs.optional.TraXLiaison
     [xslt] Processing D:\Cindy\SVN\trunk\teiedit\works\build\W0008_Vol06\xml\W0008_Vol06_018.xml to D:\Cindy\SVN\trunk\teiedit\works\build\W0008_Vol06\xml\W0008_Vol06_019.xml
     [xslt] Loading stylesheet D:\Cindy\SVN\trunk\teiedit\works\build\W0008_Vol06\xsl\W0008_Vol06_018.xsl
     [xslt] INFO: identified 0 *pb* as primary no-break that were not previously marked as such.

     [xslt] INFO: identified 0 *cb* as primary no-break that were not previously marked as such.

     [xslt] INFO: identified 0 *cb* as secondary break that were not previously marked as no-break at all.

     [xslt] INFO: identified 0 *cb* as secondary break that were previously marked as primary no-break.

     [xslt] INFO: identified 0 *lb* as primary no-break that were not previously marked as such.

     [xslt] INFO: identified 0 *lb* as secondary break that were not previously marked as no-break at all.

     [xslt] INFO: identified 0 *lb* as secondary break that were previously marked as primary no-break.

     [xslt] INFO: replaced trailing whitespace in 0 text nodes before primary no-breaks.

     [xslt] INFO: replaced trailing whitespace in 0 text nodes before secondary no-breaks.

     [xslt] Input whitespace: 129248

     [xslt] Output whitespace: 129248

     [xslt] ---------------------------------------------------------

     [xslt] INFO: quality check successfull.

     [xslt] Using class org.apache.tools.ant.taskdefs.optional.TraXLiaison
     [xslt] Processing D:\Cindy\SVN\trunk\teiedit\works\build\W0008_Vol06\xml\W0008_Vol06_019.xml to D:\Cindy\SVN\trunk\teiedit\works\build\W0008_Vol06\xml\W0008_Vol06_020.xml
     [xslt] Loading stylesheet D:\Cindy\SVN\trunk\teiedit\works\build\W0008_Vol06\xsl\W0008_Vol06_019.xsl
     [xslt] INFO: quality check successfull.

     [xslt] INFO: added 0 choice/*[2]/pb.

     [xslt] INFO: added 3 choice/*[2]/cb.

     [xslt] INFO: added 380 choice/*[2]/lb.

     [xslt] Using class org.apache.tools.ant.taskdefs.optional.TraXLiaison
     [xslt] Processing D:\Cindy\SVN\trunk\teiedit\works\build\W0008_Vol06\xml\W0008_Vol06_020.xml to D:\Cindy\SVN\trunk\teiedit\works\build\W0008_Vol06\xml\W0008_Vol06_021.xml
     [xslt] Loading stylesheet D:\Cindy\SVN\trunk\teiedit\works\build\W0008_Vol06\xsl\W0008_Vol06_020.xsl
Apache resolver library not found, internal resolver will be used
     [xslt] INFO: added 285 special character tags (tei:g).

     [xslt] INFO: quality check successfull.

     [xslt] Using class org.apache.tools.ant.taskdefs.optional.TraXLiaison
     [xslt] Processing D:\Cindy\SVN\trunk\teiedit\works\build\W0008_Vol06\xml\W0008_Vol06_021.xml to D:\Cindy\SVN\trunk\teiedit\works\build\W0008_Vol06\xml\W0008_Vol06_022.xml
     [xslt] Loading stylesheet D:\Cindy\SVN\trunk\teiedit\works\build\W0008_Vol06\xsl\W0008_Vol06_021.xsl
     [xslt] Generated temporary lb/@xml:id.

     [xslt] Extracted tei:lb from pages in the main area of the text.

     [xslt] Numbered tei:lb from the main area.

     [xslt] INFO: Added line numbers to tei:lb/@n.

     [xslt] INFO: Serializing final output...

     [xslt] INFO: quality check successfull.

     [xslt] Using class org.apache.tools.ant.taskdefs.optional.TraXLiaison
     [xslt] Processing D:\Cindy\SVN\trunk\teiedit\works\build\W0008_Vol06\xml\W0008_Vol06_022.xml to D:\Cindy\SVN\trunk\teiedit\works\build\W0008_Vol06\xml\W0008_Vol06_023.xml
     [xslt] Loading stylesheet D:\Cindy\SVN\trunk\teiedit\works\build\W0008_Vol06\xsl\W0008_Vol06_022.xsl
     [xslt] INFO: quality check successfull.

     [xslt] Using class org.apache.tools.ant.taskdefs.optional.TraXLiaison
     [xslt] Processing D:\Cindy\SVN\trunk\teiedit\works\build\W0008_Vol06\xml\W0008_Vol06_023.xml to D:\Cindy\SVN\trunk\teiedit\works\build\W0008_Vol06\xml\W0008_Vol06_024.xml
     [xslt] Loading stylesheet D:\Cindy\SVN\trunk\teiedit\works\build\W0008_Vol06\xsl\W0008_Vol06_023.xsl
