     [java] Executing '/usr/lib/jvm/jdk-19/bin/java' with arguments:
'-Xmx3000m'
'-classpath'
'/home/marie-astrid/Documents/Salamanca/trunk/teiedit/lib/xsltproc/Saxon-HE-9.8.0-12.jar'
'net.sf.saxon.Query'
'-q:../../xql/corrList_1_marginals.xql'
'-s:/home/marie-astrid/Documents/Salamanca/trunk/teiedit/works/build/W0043_Vol04/xml/W0043_Vol04_008.xml'
'-o:/home/marie-astrid/Documents/Salamanca/trunk/teiedit/works/build/W0043_Vol04/corrlist/marginals/W0043_Vol04-marg-la_all-wordforms.html'
'-traceout:#err'
'-t'
'language=la'

The ' characters around the executable and arguments are
not part of the command.
     [java] Saxon-HE 9.8.0.12J from Saxonica
     [java] Java version 19.0.2
     [java] Analyzing query from ../../xql/corrList_1_marginals.xql
     [java] Analysis time: 983.770803 milliseconds
     [java] Processing file:/home/marie-astrid/Documents/Salamanca/trunk/teiedit/works/build/W0043_Vol04/xml/W0043_Vol04_008.xml
     [java] Using parser com.sun.org.apache.xerces.internal.jaxp.SAXParserImpl$JAXPSAXParser
     [java] Building tree for file:/home/marie-astrid/Documents/Salamanca/trunk/teiedit/works/build/W0043_Vol04/xml/W0043_Vol04_008.xml using class net.sf.saxon.tree.tiny.TinyBuilder
     [java] Tree built in 808.019424ms
     [java] Tree size: 429061 nodes, 1836448 characters, 215584 attributes
     [java] Execution time: 1m 1.048309s (61048.309635ms)
     [java] Memory used: 1222792736
     [java] Executing '/usr/lib/jvm/jdk-19/bin/java' with arguments:
'-Xmx3000m'
'-classpath'
'/home/marie-astrid/Documents/Salamanca/trunk/teiedit/lib/xsltproc/Saxon-HE-9.8.0-12.jar'
'net.sf.saxon.Query'
'-q:../../xql/corrList_2_ok.xql'
'-s:/home/marie-astrid/Documents/Salamanca/trunk/teiedit/works/build/W0043_Vol04/corrlist/marginals/W0043_Vol04-marg-la_all-wordforms.html'
'-o:/home/marie-astrid/Documents/Salamanca/trunk/teiedit/works/build/W0043_Vol04/corrlist/marginals/W0043_Vol04-marg-la_wordforms-ok.html'
'-traceout:#err'
'-t'

The ' characters around the executable and arguments are
not part of the command.
     [java] Saxon-HE 9.8.0.12J from Saxonica
     [java] Java version 19.0.2
     [java] Analyzing query from ../../xql/corrList_2_ok.xql
     [java] Analysis time: 715.340225 milliseconds
     [java] Processing file:/home/marie-astrid/Documents/Salamanca/trunk/teiedit/works/build/W0043_Vol04/corrlist/marginals/W0043_Vol04-marg-la_all-wordforms.html
     [java] Using parser com.sun.org.apache.xerces.internal.jaxp.SAXParserImpl$JAXPSAXParser
     [java] Building tree for file:/home/marie-astrid/Documents/Salamanca/trunk/teiedit/works/build/W0043_Vol04/corrlist/marginals/W0043_Vol04-marg-la_all-wordforms.html using class net.sf.saxon.tree.tiny.TinyBuilder
     [java] Tree built in 274.126525ms
     [java] Tree size: 145550 nodes, 296249 characters, 50290 attributes
     [java] Execution time: 414.177923ms
     [java] Memory used: 58304480
     [java] Executing '/usr/lib/jvm/jdk-19/bin/java' with arguments:
'-Xmx3000m'
'-classpath'
'/home/marie-astrid/Documents/Salamanca/trunk/teiedit/lib/xsltproc/Saxon-HE-9.8.0-12.jar'
'net.sf.saxon.Query'
'-q:../../xql/corrList_2_comp-hyph-dict.xql'
'-s:/home/marie-astrid/Documents/Salamanca/trunk/teiedit/works/build/W0043_Vol04/corrlist/marginals/W0043_Vol04-marg-la_all-wordforms.html'
'-o:/home/marie-astrid/Documents/Salamanca/trunk/teiedit/works/build/W0043_Vol04/corrlist/marginals/W0043_Vol04-marg-la_supposed-hyphenations-from-dict.html'
'-traceout:#err'
'-t'

The ' characters around the executable and arguments are
not part of the command.
     [java] Saxon-HE 9.8.0.12J from Saxonica
     [java] Java version 19.0.2
     [java] Analyzing query from ../../xql/corrList_2_comp-hyph-dict.xql
     [java] Analysis time: 682.519909 milliseconds
     [java] Processing file:/home/marie-astrid/Documents/Salamanca/trunk/teiedit/works/build/W0043_Vol04/corrlist/marginals/W0043_Vol04-marg-la_all-wordforms.html
     [java] Using parser com.sun.org.apache.xerces.internal.jaxp.SAXParserImpl$JAXPSAXParser
     [java] Building tree for file:/home/marie-astrid/Documents/Salamanca/trunk/teiedit/works/build/W0043_Vol04/corrlist/marginals/W0043_Vol04-marg-la_all-wordforms.html using class net.sf.saxon.tree.tiny.TinyBuilder
     [java] Tree built in 275.475782ms
     [java] Tree size: 145550 nodes, 296249 characters, 50290 attributes
     [java] Execution time: 99.846942ms
     [java] Memory used: 41434624
     [java] Executing '/usr/lib/jvm/jdk-19/bin/java' with arguments:
'-Xmx3000m'
'-classpath'
'/home/marie-astrid/Documents/Salamanca/trunk/teiedit/lib/xsltproc/Saxon-HE-9.8.0-12.jar'
'net.sf.saxon.Query'
'-q:../../xql/corrList_2_comp-hyph-text.xql'
'-s:/home/marie-astrid/Documents/Salamanca/trunk/teiedit/works/build/W0043_Vol04/corrlist/marginals/W0043_Vol04-marg-la_all-wordforms.html'
'-o:/home/marie-astrid/Documents/Salamanca/trunk/teiedit/works/build/W0043_Vol04/corrlist/marginals/W0043_Vol04-marg-la_supposed-hyphenations-from-text.html'
'-traceout:#err'
'-t'

The ' characters around the executable and arguments are
not part of the command.
     [java] Saxon-HE 9.8.0.12J from Saxonica
     [java] Java version 19.0.2
     [java] Analyzing query from ../../xql/corrList_2_comp-hyph-text.xql
     [java] Analysis time: 675.246124 milliseconds
     [java] Processing file:/home/marie-astrid/Documents/Salamanca/trunk/teiedit/works/build/W0043_Vol04/corrlist/marginals/W0043_Vol04-marg-la_all-wordforms.html
     [java] Using parser com.sun.org.apache.xerces.internal.jaxp.SAXParserImpl$JAXPSAXParser
     [java] Building tree for file:/home/marie-astrid/Documents/Salamanca/trunk/teiedit/works/build/W0043_Vol04/corrlist/marginals/W0043_Vol04-marg-la_all-wordforms.html using class net.sf.saxon.tree.tiny.TinyBuilder
     [java] Tree built in 209.03812ms
     [java] Tree size: 145550 nodes, 296249 characters, 50290 attributes
     [java] Execution time: 104.000462ms
     [java] Memory used: 42841552
     [java] Executing '/usr/lib/jvm/jdk-19/bin/java' with arguments:
'-Xmx3000m'
'-classpath'
'/home/marie-astrid/Documents/Salamanca/trunk/teiedit/lib/xsltproc/Saxon-HE-9.8.0-12.jar'
'net.sf.saxon.Query'
'-q:../../xql/corrList_2_words-not-found.xql'
'-s:/home/marie-astrid/Documents/Salamanca/trunk/teiedit/works/build/W0043_Vol04/corrlist/marginals/W0043_Vol04-marg-la_all-wordforms.html'
'-o:/home/marie-astrid/Documents/Salamanca/trunk/teiedit/works/build/W0043_Vol04/corrlist/marginals/W0043_Vol04-marg-la_wordforms-not-in-dict.html'
'-traceout:#err'
'-t'

The ' characters around the executable and arguments are
not part of the command.
     [java] Saxon-HE 9.8.0.12J from Saxonica
     [java] Java version 19.0.2
     [java] Analyzing query from ../../xql/corrList_2_words-not-found.xql
     [java] Analysis time: 649.44823 milliseconds
     [java] Processing file:/home/marie-astrid/Documents/Salamanca/trunk/teiedit/works/build/W0043_Vol04/corrlist/marginals/W0043_Vol04-marg-la_all-wordforms.html
     [java] Using parser com.sun.org.apache.xerces.internal.jaxp.SAXParserImpl$JAXPSAXParser
     [java] Building tree for file:/home/marie-astrid/Documents/Salamanca/trunk/teiedit/works/build/W0043_Vol04/corrlist/marginals/W0043_Vol04-marg-la_all-wordforms.html using class net.sf.saxon.tree.tiny.TinyBuilder
     [java] Tree built in 205.753465ms
     [java] Tree size: 145550 nodes, 296249 characters, 50290 attributes
     [java] Execution time: 194.157617ms
     [java] Memory used: 44092688
     [java] Executing '/usr/lib/jvm/jdk-19/bin/java' with arguments:
'-Xmx3000m'
'-classpath'
'/home/marie-astrid/Documents/Salamanca/trunk/teiedit/lib/xsltproc/Saxon-HE-9.8.0-12.jar'
'net.sf.saxon.Query'
'-q:../../xql/corrList_2_comp-hyph-nohyph.xql'
'-s:/home/marie-astrid/Documents/Salamanca/trunk/teiedit/works/build/W0043_Vol04/corrlist/marginals/W0043_Vol04-marg-la_all-wordforms.html'
'-o:/home/marie-astrid/Documents/Salamanca/trunk/teiedit/works/build/W0043_Vol04/corrlist/marginals/W0043_Vol04-marg-la_unclear-hyphenations_in-dict.html'
'-traceout:#err'
'-t'

The ' characters around the executable and arguments are
not part of the command.
     [java] Saxon-HE 9.8.0.12J from Saxonica
     [java] Java version 19.0.2
     [java] Analyzing query from ../../xql/corrList_2_comp-hyph-nohyph.xql
     [java] Analysis time: 642.554501 milliseconds
     [java] Processing file:/home/marie-astrid/Documents/Salamanca/trunk/teiedit/works/build/W0043_Vol04/corrlist/marginals/W0043_Vol04-marg-la_all-wordforms.html
     [java] Using parser com.sun.org.apache.xerces.internal.jaxp.SAXParserImpl$JAXPSAXParser
     [java] Building tree for file:/home/marie-astrid/Documents/Salamanca/trunk/teiedit/works/build/W0043_Vol04/corrlist/marginals/W0043_Vol04-marg-la_all-wordforms.html using class net.sf.saxon.tree.tiny.TinyBuilder
     [java] Tree built in 286.260092ms
     [java] Tree size: 145550 nodes, 296249 characters, 50290 attributes
     [java] Execution time: 113.461619ms
     [java] Memory used: 41467808
     [java] Executing '/usr/lib/jvm/jdk-19/bin/java' with arguments:
'-Xmx3000m'
'-classpath'
'/home/marie-astrid/Documents/Salamanca/trunk/teiedit/lib/xsltproc/Saxon-HE-9.8.0-12.jar'
'net.sf.saxon.Query'
'-q:../../xql/corrList_2_comp-not-found.xql'
'-s:/home/marie-astrid/Documents/Salamanca/trunk/teiedit/works/build/W0043_Vol04/corrlist/marginals/W0043_Vol04-marg-la_all-wordforms.html'
'-o:/home/marie-astrid/Documents/Salamanca/trunk/teiedit/works/build/W0043_Vol04/corrlist/marginals/W0043_Vol04-marg-la_unclear-hyphenations_not-in-dict.html'
'-traceout:#err'
'-t'

The ' characters around the executable and arguments are
not part of the command.
     [java] Saxon-HE 9.8.0.12J from Saxonica
     [java] Java version 19.0.2
     [java] Analyzing query from ../../xql/corrList_2_comp-not-found.xql
     [java] Analysis time: 733.125693 milliseconds
     [java] Processing file:/home/marie-astrid/Documents/Salamanca/trunk/teiedit/works/build/W0043_Vol04/corrlist/marginals/W0043_Vol04-marg-la_all-wordforms.html
     [java] Using parser com.sun.org.apache.xerces.internal.jaxp.SAXParserImpl$JAXPSAXParser
     [java] Building tree for file:/home/marie-astrid/Documents/Salamanca/trunk/teiedit/works/build/W0043_Vol04/corrlist/marginals/W0043_Vol04-marg-la_all-wordforms.html using class net.sf.saxon.tree.tiny.TinyBuilder
     [java] Tree built in 225.594091ms
     [java] Tree size: 145550 nodes, 296249 characters, 50290 attributes
     [java] Execution time: 195.022762ms
     [java] Memory used: 44479000
     [java] Executing '/usr/lib/jvm/jdk-19/bin/java' with arguments:
'-Xmx3000m'
'-classpath'
'/home/marie-astrid/Documents/Salamanca/trunk/teiedit/lib/xsltproc/Saxon-HE-9.8.0-12.jar'
'net.sf.saxon.Query'
'-q:../../xql/corrList_2_words-not-found_sorted.xql'
'-s:/home/marie-astrid/Documents/Salamanca/trunk/teiedit/works/build/W0043_Vol04/corrlist/marginals/W0043_Vol04-marg-la_all-wordforms.html'
'-o:/home/marie-astrid/Documents/Salamanca/trunk/teiedit/works/build/W0043_Vol04/corrlist/marginals/W0043_Vol04-marg-la_wordforms-not-in-dict_sorted.html'
'-traceout:#err'
'-t'
'editText=special-chars-only'

The ' characters around the executable and arguments are
not part of the command.
     [java] Saxon-HE 9.8.0.12J from Saxonica
     [java] Java version 19.0.2
     [java] Analyzing query from ../../xql/corrList_2_words-not-found_sorted.xql
     [java] Analysis time: 739.795507 milliseconds
     [java] Processing file:/home/marie-astrid/Documents/Salamanca/trunk/teiedit/works/build/W0043_Vol04/corrlist/marginals/W0043_Vol04-marg-la_all-wordforms.html
     [java] Using parser com.sun.org.apache.xerces.internal.jaxp.SAXParserImpl$JAXPSAXParser
     [java] Building tree for file:/home/marie-astrid/Documents/Salamanca/trunk/teiedit/works/build/W0043_Vol04/corrlist/marginals/W0043_Vol04-marg-la_all-wordforms.html using class net.sf.saxon.tree.tiny.TinyBuilder
     [java] Tree built in 224.203448ms
     [java] Tree size: 145550 nodes, 296249 characters, 50290 attributes
     [java] Execution time: 312.699013ms
     [java] Memory used: 51265720
