     [java] Executing 'C:\Program Files (x86)\Java\jdk-16.0.2\bin\java.exe' with arguments:
'-Xmx3000m'
'-classpath'
'D:\SVN\trunk\teiedit\lib\xsltproc\Saxon-HE-9.8.0-12.jar'
'net.sf.saxon.Query'
'-q:../../xql/corrList_1_marginals.xql'
'-s:../../../build/W0092/xml/W0092_011.xml'
'-o:../../../build/W0092/corrlist/marginals/W0092-marg-la_all-wordforms.html'
'-traceout:#err'
'-t'
'language=la'

The ' characters around the executable and arguments are
not part of the command.
     [java] Saxon-HE 9.8.0.12J from Saxonica
     [java] Java version 16.0.2
     [java] Analyzing query from ../../xql/corrList_1_marginals.xql
     [java] Analysis time: 512.9168 milliseconds
     [java] Processing file:/D:/SVN/trunk/teiedit/works/corr/build/marginals/../../../build/W0092/xml/W0092_011.xml
     [java] Using parser com.sun.org.apache.xerces.internal.jaxp.SAXParserImpl$JAXPSAXParser
     [java] Building tree for file:/D:/SVN/trunk/teiedit/works/corr/build/marginals/../../../build/W0092/xml/W0092_011.xml using class net.sf.saxon.tree.tiny.TinyBuilder
     [java] Tree built in 494.8312ms
     [java] Tree size: 611017 nodes, 4639002 characters, 337885 attributes
     [java] Execution time: 1m 48.423663s (108423.6636ms)
     [java] Memory used: 1230911712
     [java] Executing 'C:\Program Files (x86)\Java\jdk-16.0.2\bin\java.exe' with arguments:
'-Xmx3000m'
'-classpath'
'D:\SVN\trunk\teiedit\lib\xsltproc\Saxon-HE-9.8.0-12.jar'
'net.sf.saxon.Query'
'-q:../../xql/corrList_2_ok.xql'
'-s:../../../build/W0092/corrlist/marginals/W0092-marg-la_all-wordforms.html'
'-o:../../../build/W0092/corrlist/marginals/W0092-marg-la_wordforms-ok.html'
'-traceout:#err'
'-t'

The ' characters around the executable and arguments are
not part of the command.
     [java] Saxon-HE 9.8.0.12J from Saxonica
     [java] Java version 16.0.2
     [java] Analyzing query from ../../xql/corrList_2_ok.xql
     [java] Analysis time: 364.3838 milliseconds
     [java] Processing file:/D:/SVN/trunk/teiedit/works/corr/build/marginals/../../../build/W0092/corrlist/marginals/W0092-marg-la_all-wordforms.html
     [java] Using parser com.sun.org.apache.xerces.internal.jaxp.SAXParserImpl$JAXPSAXParser
     [java] Building tree for file:/D:/SVN/trunk/teiedit/works/corr/build/marginals/../../../build/W0092/corrlist/marginals/W0092-marg-la_all-wordforms.html using class net.sf.saxon.tree.tiny.TinyBuilder
     [java] Tree built in 228.2008ms
     [java] Tree size: 303277 nodes, 605813 characters, 105964 attributes
     [java] Execution time: 200.6513ms
     [java] Memory used: 78696448
     [java] Executing 'C:\Program Files (x86)\Java\jdk-16.0.2\bin\java.exe' with arguments:
'-Xmx3000m'
'-classpath'
'D:\SVN\trunk\teiedit\lib\xsltproc\Saxon-HE-9.8.0-12.jar'
'net.sf.saxon.Query'
'-q:../../xql/corrList_2_comp-hyph-dict.xql'
'-s:../../../build/W0092/corrlist/marginals/W0092-marg-la_all-wordforms.html'
'-o:../../../build/W0092/corrlist/marginals/W0092-marg-la_supposed-hyphenations-from-dict.html'
'-traceout:#err'
'-t'

The ' characters around the executable and arguments are
not part of the command.
     [java] Saxon-HE 9.8.0.12J from Saxonica
     [java] Java version 16.0.2
     [java] Analyzing query from ../../xql/corrList_2_comp-hyph-dict.xql
     [java] Analysis time: 365.8512 milliseconds
     [java] Processing file:/D:/SVN/trunk/teiedit/works/corr/build/marginals/../../../build/W0092/corrlist/marginals/W0092-marg-la_all-wordforms.html
     [java] Using parser com.sun.org.apache.xerces.internal.jaxp.SAXParserImpl$JAXPSAXParser
     [java] Building tree for file:/D:/SVN/trunk/teiedit/works/corr/build/marginals/../../../build/W0092/corrlist/marginals/W0092-marg-la_all-wordforms.html using class net.sf.saxon.tree.tiny.TinyBuilder
     [java] Tree built in 247.4283ms
     [java] Tree size: 303277 nodes, 605813 characters, 105964 attributes
     [java] Execution time: 73.812ms
     [java] Memory used: 51530240
     [java] Executing 'C:\Program Files (x86)\Java\jdk-16.0.2\bin\java.exe' with arguments:
'-Xmx3000m'
'-classpath'
'D:\SVN\trunk\teiedit\lib\xsltproc\Saxon-HE-9.8.0-12.jar'
'net.sf.saxon.Query'
'-q:../../xql/corrList_2_comp-hyph-text.xql'
'-s:../../../build/W0092/corrlist/marginals/W0092-marg-la_all-wordforms.html'
'-o:../../../build/W0092/corrlist/marginals/W0092-marg-la_supposed-hyphenations-from-text.html'
'-traceout:#err'
'-t'

The ' characters around the executable and arguments are
not part of the command.
     [java] Saxon-HE 9.8.0.12J from Saxonica
     [java] Java version 16.0.2
     [java] Analyzing query from ../../xql/corrList_2_comp-hyph-text.xql
     [java] Analysis time: 372.4529 milliseconds
     [java] Processing file:/D:/SVN/trunk/teiedit/works/corr/build/marginals/../../../build/W0092/corrlist/marginals/W0092-marg-la_all-wordforms.html
     [java] Using parser com.sun.org.apache.xerces.internal.jaxp.SAXParserImpl$JAXPSAXParser
     [java] Building tree for file:/D:/SVN/trunk/teiedit/works/corr/build/marginals/../../../build/W0092/corrlist/marginals/W0092-marg-la_all-wordforms.html using class net.sf.saxon.tree.tiny.TinyBuilder
     [java] Tree built in 242.3757ms
     [java] Tree size: 303277 nodes, 605813 characters, 105964 attributes
     [java] Execution time: 84.297ms
     [java] Memory used: 52788224
     [java] Executing 'C:\Program Files (x86)\Java\jdk-16.0.2\bin\java.exe' with arguments:
'-Xmx3000m'
'-classpath'
'D:\SVN\trunk\teiedit\lib\xsltproc\Saxon-HE-9.8.0-12.jar'
'net.sf.saxon.Query'
'-q:../../xql/corrList_2_words-not-found.xql'
'-s:../../../build/W0092/corrlist/marginals/W0092-marg-la_all-wordforms.html'
'-o:../../../build/W0092/corrlist/marginals/W0092-marg-la_wordforms-not-in-dict.html'
'-traceout:#err'
'-t'

The ' characters around the executable and arguments are
not part of the command.
     [java] Saxon-HE 9.8.0.12J from Saxonica
     [java] Java version 16.0.2
     [java] Analyzing query from ../../xql/corrList_2_words-not-found.xql
     [java] Analysis time: 366.3802 milliseconds
     [java] Processing file:/D:/SVN/trunk/teiedit/works/corr/build/marginals/../../../build/W0092/corrlist/marginals/W0092-marg-la_all-wordforms.html
     [java] Using parser com.sun.org.apache.xerces.internal.jaxp.SAXParserImpl$JAXPSAXParser
     [java] Building tree for file:/D:/SVN/trunk/teiedit/works/corr/build/marginals/../../../build/W0092/corrlist/marginals/W0092-marg-la_all-wordforms.html using class net.sf.saxon.tree.tiny.TinyBuilder
     [java] Tree built in 282.7618ms
     [java] Tree size: 303277 nodes, 605813 characters, 105964 attributes
     [java] Execution time: 97.9312ms
     [java] Memory used: 55118336
     [java] Executing 'C:\Program Files (x86)\Java\jdk-16.0.2\bin\java.exe' with arguments:
'-Xmx3000m'
'-classpath'
'D:\SVN\trunk\teiedit\lib\xsltproc\Saxon-HE-9.8.0-12.jar'
'net.sf.saxon.Query'
'-q:../../xql/corrList_2_comp-hyph-nohyph.xql'
'-s:../../../build/W0092/corrlist/marginals/W0092-marg-la_all-wordforms.html'
'-o:../../../build/W0092/corrlist/marginals/W0092-marg-la_unclear-hyphenations_in-dict.html'
'-traceout:#err'
'-t'

The ' characters around the executable and arguments are
not part of the command.
     [java] Saxon-HE 9.8.0.12J from Saxonica
     [java] Java version 16.0.2
     [java] Analyzing query from ../../xql/corrList_2_comp-hyph-nohyph.xql
     [java] Analysis time: 356.7952 milliseconds
     [java] Processing file:/D:/SVN/trunk/teiedit/works/corr/build/marginals/../../../build/W0092/corrlist/marginals/W0092-marg-la_all-wordforms.html
     [java] Using parser com.sun.org.apache.xerces.internal.jaxp.SAXParserImpl$JAXPSAXParser
     [java] Building tree for file:/D:/SVN/trunk/teiedit/works/corr/build/marginals/../../../build/W0092/corrlist/marginals/W0092-marg-la_all-wordforms.html using class net.sf.saxon.tree.tiny.TinyBuilder
     [java] Tree built in 240.7826ms
     [java] Tree size: 303277 nodes, 605813 characters, 105964 attributes
     [java] Execution time: 78.3424ms
     [java] Memory used: 50744832
     [java] Executing 'C:\Program Files (x86)\Java\jdk-16.0.2\bin\java.exe' with arguments:
'-Xmx3000m'
'-classpath'
'D:\SVN\trunk\teiedit\lib\xsltproc\Saxon-HE-9.8.0-12.jar'
'net.sf.saxon.Query'
'-q:../../xql/corrList_2_comp-not-found.xql'
'-s:../../../build/W0092/corrlist/marginals/W0092-marg-la_all-wordforms.html'
'-o:../../../build/W0092/corrlist/marginals/W0092-marg-la_unclear-hyphenations_not-in-dict.html'
'-traceout:#err'
'-t'

The ' characters around the executable and arguments are
not part of the command.
     [java] Saxon-HE 9.8.0.12J from Saxonica
     [java] Java version 16.0.2
     [java] Analyzing query from ../../xql/corrList_2_comp-not-found.xql
     [java] Analysis time: 391.288 milliseconds
     [java] Processing file:/D:/SVN/trunk/teiedit/works/corr/build/marginals/../../../build/W0092/corrlist/marginals/W0092-marg-la_all-wordforms.html
     [java] Using parser com.sun.org.apache.xerces.internal.jaxp.SAXParserImpl$JAXPSAXParser
     [java] Building tree for file:/D:/SVN/trunk/teiedit/works/corr/build/marginals/../../../build/W0092/corrlist/marginals/W0092-marg-la_all-wordforms.html using class net.sf.saxon.tree.tiny.TinyBuilder
     [java] Tree built in 258.2345ms
     [java] Tree size: 303277 nodes, 605813 characters, 105964 attributes
     [java] Execution time: 89.3725ms
     [java] Memory used: 55966720
     [java] Executing 'C:\Program Files (x86)\Java\jdk-16.0.2\bin\java.exe' with arguments:
'-Xmx3000m'
'-classpath'
'D:\SVN\trunk\teiedit\lib\xsltproc\Saxon-HE-9.8.0-12.jar'
'net.sf.saxon.Query'
'-q:../../xql/corrList_2_words-not-found_sorted.xql'
'-s:../../../build/W0092/corrlist/marginals/W0092-marg-la_all-wordforms.html'
'-o:../../../build/W0092/corrlist/marginals/W0092-marg-la_wordforms-not-in-dict_sorted.html'
'-traceout:#err'
'-t'
'editText=special-chars-only'

The ' characters around the executable and arguments are
not part of the command.
     [java] Saxon-HE 9.8.0.12J from Saxonica
     [java] Java version 16.0.2
     [java] Analyzing query from ../../xql/corrList_2_words-not-found_sorted.xql
     [java] Analysis time: 411.2223 milliseconds
     [java] Processing file:/D:/SVN/trunk/teiedit/works/corr/build/marginals/../../../build/W0092/corrlist/marginals/W0092-marg-la_all-wordforms.html
     [java] Using parser com.sun.org.apache.xerces.internal.jaxp.SAXParserImpl$JAXPSAXParser
     [java] Building tree for file:/D:/SVN/trunk/teiedit/works/corr/build/marginals/../../../build/W0092/corrlist/marginals/W0092-marg-la_all-wordforms.html using class net.sf.saxon.tree.tiny.TinyBuilder
     [java] Tree built in 258.3461ms
     [java] Tree size: 303277 nodes, 605813 characters, 105964 attributes
     [java] Execution time: 154.1988ms
     [java] Memory used: 70243840
