     [java] Executing 'C:\Program Files (x86)\Java\jdk-16.0.2\bin\java.exe' with arguments:
'-Xmx3000m'
'-classpath'
'D:\SVN\trunk\teiedit\lib\xsltproc\Saxon-HE-9.8.0-12.jar'
'net.sf.saxon.Query'
'-q:../../xql/corrList_1_main.xql'
'-s:../../../build/W0027_Vol02/xml/W0027_Vol02_010.xml'
'-o:../../../build/W0027_Vol02/corrlist/W0027_Vol02-la_all-wordforms.html'
'-traceout:#err'
'-t'
'language=la'

The ' characters around the executable and arguments are
not part of the command.
     [java] Saxon-HE 9.8.0.12J from Saxonica
     [java] Java version 16.0.2
     [java] Analyzing query from ../../xql/corrList_1_main.xql
     [java] Analysis time: 482.694 milliseconds
     [java] Processing file:/D:/SVN/trunk/teiedit/works/corr/build/main/../../../build/W0027_Vol02/xml/W0027_Vol02_010.xml
     [java] Using parser com.sun.org.apache.xerces.internal.jaxp.SAXParserImpl$JAXPSAXParser
     [java] Building tree for file:/D:/SVN/trunk/teiedit/works/corr/build/main/../../../build/W0027_Vol02/xml/W0027_Vol02_010.xml using class net.sf.saxon.tree.tiny.TinyBuilder
     [java] Tree built in 537.5904ms
     [java] Tree size: 899231 nodes, 3758308 characters, 403900 attributes
     [java] Execution time: 2h 29m 4.610513s (8944610.5136ms)
     [java] Memory used: 2513601376
     [java] Executing 'C:\Program Files (x86)\Java\jdk-16.0.2\bin\java.exe' with arguments:
'-Xmx3000m'
'-classpath'
'D:\SVN\trunk\teiedit\lib\xsltproc\Saxon-HE-9.8.0-12.jar'
'net.sf.saxon.Query'
'-q:../../xql/corrList_2_ok.xql'
'-s:../../../build/W0027_Vol02/corrlist/W0027_Vol02-la_all-wordforms.html'
'-o:../../../build/W0027_Vol02/corrlist/W0027_Vol02-la_wordforms-ok.html'
'-traceout:#err'
'-t'

The ' characters around the executable and arguments are
not part of the command.
     [java] Saxon-HE 9.8.0.12J from Saxonica
     [java] Java version 16.0.2
     [java] Analyzing query from ../../xql/corrList_2_ok.xql
     [java] Analysis time: 621.2506 milliseconds
     [java] Processing file:/D:/SVN/trunk/teiedit/works/corr/build/main/../../../build/W0027_Vol02/corrlist/W0027_Vol02-la_all-wordforms.html
     [java] Using parser com.sun.org.apache.xerces.internal.jaxp.SAXParserImpl$JAXPSAXParser
     [java] Building tree for file:/D:/SVN/trunk/teiedit/works/corr/build/main/../../../build/W0027_Vol02/corrlist/W0027_Vol02-la_all-wordforms.html using class net.sf.saxon.tree.tiny.TinyBuilder
     [java] Tree built in 1.345585s (1345.5855ms)
     [java] Tree size: 2888138 nodes, 5997707 characters, 930320 attributes
     [java] Execution time: 2.592904s (2592.9041ms)
     [java] Memory used: 192876296
     [java] Executing 'C:\Program Files (x86)\Java\jdk-16.0.2\bin\java.exe' with arguments:
'-Xmx3000m'
'-classpath'
'D:\SVN\trunk\teiedit\lib\xsltproc\Saxon-HE-9.8.0-12.jar'
'net.sf.saxon.Query'
'-q:../../xql/corrList_2_comp-hyph-dict.xql'
'-s:../../../build/W0027_Vol02/corrlist/W0027_Vol02-la_all-wordforms.html'
'-o:../../../build/W0027_Vol02/corrlist/W0027_Vol02-la_supposed-hyphenations-from-dict.html'
'-traceout:#err'
'-t'

The ' characters around the executable and arguments are
not part of the command.
     [java] Saxon-HE 9.8.0.12J from Saxonica
     [java] Java version 16.0.2
     [java] Analyzing query from ../../xql/corrList_2_comp-hyph-dict.xql
     [java] Analysis time: 592.8645 milliseconds
     [java] Processing file:/D:/SVN/trunk/teiedit/works/corr/build/main/../../../build/W0027_Vol02/corrlist/W0027_Vol02-la_all-wordforms.html
     [java] Using parser com.sun.org.apache.xerces.internal.jaxp.SAXParserImpl$JAXPSAXParser
     [java] Building tree for file:/D:/SVN/trunk/teiedit/works/corr/build/main/../../../build/W0027_Vol02/corrlist/W0027_Vol02-la_all-wordforms.html using class net.sf.saxon.tree.tiny.TinyBuilder
     [java] Tree built in 1.332141s (1332.1413ms)
     [java] Tree size: 2888138 nodes, 5997707 characters, 930320 attributes
     [java] Execution time: 90.4604ms
     [java] Memory used: 256200400
     [java] Executing 'C:\Program Files (x86)\Java\jdk-16.0.2\bin\java.exe' with arguments:
'-Xmx3000m'
'-classpath'
'D:\SVN\trunk\teiedit\lib\xsltproc\Saxon-HE-9.8.0-12.jar'
'net.sf.saxon.Query'
'-q:../../xql/corrList_2_comp-hyph-text.xql'
'-s:../../../build/W0027_Vol02/corrlist/W0027_Vol02-la_all-wordforms.html'
'-o:../../../build/W0027_Vol02/corrlist/W0027_Vol02-la_supposed-hyphenations-from-text.html'
'-traceout:#err'
'-t'

The ' characters around the executable and arguments are
not part of the command.
     [java] Saxon-HE 9.8.0.12J from Saxonica
     [java] Java version 16.0.2
     [java] Analyzing query from ../../xql/corrList_2_comp-hyph-text.xql
     [java] Analysis time: 639.4927 milliseconds
     [java] Processing file:/D:/SVN/trunk/teiedit/works/corr/build/main/../../../build/W0027_Vol02/corrlist/W0027_Vol02-la_all-wordforms.html
     [java] Using parser com.sun.org.apache.xerces.internal.jaxp.SAXParserImpl$JAXPSAXParser
     [java] Building tree for file:/D:/SVN/trunk/teiedit/works/corr/build/main/../../../build/W0027_Vol02/corrlist/W0027_Vol02-la_all-wordforms.html using class net.sf.saxon.tree.tiny.TinyBuilder
     [java] Tree built in 1.816373s (1816.3735ms)
     [java] Tree size: 2888138 nodes, 5997707 characters, 930320 attributes
     [java] Execution time: 330.3522ms
     [java] Memory used: 271608728
     [java] Executing 'C:\Program Files (x86)\Java\jdk-16.0.2\bin\java.exe' with arguments:
'-Xmx3000m'
'-classpath'
'D:\SVN\trunk\teiedit\lib\xsltproc\Saxon-HE-9.8.0-12.jar'
'net.sf.saxon.Query'
'-q:../../xql/corrList_2_words-not-found.xql'
'-s:../../../build/W0027_Vol02/corrlist/W0027_Vol02-la_all-wordforms.html'
'-o:../../../build/W0027_Vol02/corrlist/W0027_Vol02-la_wordforms-not-in-dict.html'
'-traceout:#err'
'-t'

The ' characters around the executable and arguments are
not part of the command.
     [java] Saxon-HE 9.8.0.12J from Saxonica
     [java] Java version 16.0.2
     [java] Analyzing query from ../../xql/corrList_2_words-not-found.xql
     [java] Analysis time: 678.2154 milliseconds
     [java] Processing file:/D:/SVN/trunk/teiedit/works/corr/build/main/../../../build/W0027_Vol02/corrlist/W0027_Vol02-la_all-wordforms.html
     [java] Using parser com.sun.org.apache.xerces.internal.jaxp.SAXParserImpl$JAXPSAXParser
     [java] Building tree for file:/D:/SVN/trunk/teiedit/works/corr/build/main/../../../build/W0027_Vol02/corrlist/W0027_Vol02-la_all-wordforms.html using class net.sf.saxon.tree.tiny.TinyBuilder
     [java] Tree built in 1.857138s (1857.1389ms)
     [java] Tree size: 2888138 nodes, 5997707 characters, 930320 attributes
     [java] Execution time: 1.724041s (1724.0415ms)
     [java] Memory used: 202243184
     [java] Executing 'C:\Program Files (x86)\Java\jdk-16.0.2\bin\java.exe' with arguments:
'-Xmx3000m'
'-classpath'
'D:\SVN\trunk\teiedit\lib\xsltproc\Saxon-HE-9.8.0-12.jar'
'net.sf.saxon.Query'
'-q:../../xql/corrList_2_comp-hyph-nohyph.xql'
'-s:../../../build/W0027_Vol02/corrlist/W0027_Vol02-la_all-wordforms.html'
'-o:../../../build/W0027_Vol02/corrlist/W0027_Vol02-la_unclear-hyphenations_in-dict.html'
'-traceout:#err'
'-t'

The ' characters around the executable and arguments are
not part of the command.
     [java] Saxon-HE 9.8.0.12J from Saxonica
     [java] Java version 16.0.2
     [java] Analyzing query from ../../xql/corrList_2_comp-hyph-nohyph.xql
     [java] Analysis time: 593.6768 milliseconds
     [java] Processing file:/D:/SVN/trunk/teiedit/works/corr/build/main/../../../build/W0027_Vol02/corrlist/W0027_Vol02-la_all-wordforms.html
     [java] Using parser com.sun.org.apache.xerces.internal.jaxp.SAXParserImpl$JAXPSAXParser
     [java] Building tree for file:/D:/SVN/trunk/teiedit/works/corr/build/main/../../../build/W0027_Vol02/corrlist/W0027_Vol02-la_all-wordforms.html using class net.sf.saxon.tree.tiny.TinyBuilder
     [java] Tree built in 1.292831s (1292.8314ms)
     [java] Tree size: 2888138 nodes, 5997707 characters, 930320 attributes
     [java] Execution time: 110.397ms
     [java] Memory used: 258408040
     [java] Executing 'C:\Program Files (x86)\Java\jdk-16.0.2\bin\java.exe' with arguments:
'-Xmx3000m'
'-classpath'
'D:\SVN\trunk\teiedit\lib\xsltproc\Saxon-HE-9.8.0-12.jar'
'net.sf.saxon.Query'
'-q:../../xql/corrList_2_comp-not-found.xql'
'-s:../../../build/W0027_Vol02/corrlist/W0027_Vol02-la_all-wordforms.html'
'-o:../../../build/W0027_Vol02/corrlist/W0027_Vol02-la_unclear-hyphenations_not-in-dict.html'
'-traceout:#err'
'-t'

The ' characters around the executable and arguments are
not part of the command.
     [java] Saxon-HE 9.8.0.12J from Saxonica
     [java] Java version 16.0.2
     [java] Analyzing query from ../../xql/corrList_2_comp-not-found.xql
     [java] Analysis time: 586.7345 milliseconds
     [java] Processing file:/D:/SVN/trunk/teiedit/works/corr/build/main/../../../build/W0027_Vol02/corrlist/W0027_Vol02-la_all-wordforms.html
     [java] Using parser com.sun.org.apache.xerces.internal.jaxp.SAXParserImpl$JAXPSAXParser
     [java] Building tree for file:/D:/SVN/trunk/teiedit/works/corr/build/main/../../../build/W0027_Vol02/corrlist/W0027_Vol02-la_all-wordforms.html using class net.sf.saxon.tree.tiny.TinyBuilder
     [java] Tree built in 1.186397s (1186.3976ms)
     [java] Tree size: 2888138 nodes, 5997707 characters, 930320 attributes
     [java] Execution time: 295.5222ms
     [java] Memory used: 283664320
     [java] Executing 'C:\Program Files (x86)\Java\jdk-16.0.2\bin\java.exe' with arguments:
'-Xmx3000m'
'-classpath'
'D:\SVN\trunk\teiedit\lib\xsltproc\Saxon-HE-9.8.0-12.jar'
'net.sf.saxon.Query'
'-q:../../xql/corrList_2_words-not-found_sorted.xql'
'-s:../../../build/W0027_Vol02/corrlist/W0027_Vol02-la_all-wordforms.html'
'-o:../../../build/W0027_Vol02/corrlist/W0027_Vol02-la_wordforms-not-in-dict_sorted.html'
'-traceout:#err'
'-t'
'editText=special-chars-only'

The ' characters around the executable and arguments are
not part of the command.
     [java] Saxon-HE 9.8.0.12J from Saxonica
     [java] Java version 16.0.2
     [java] Analyzing query from ../../xql/corrList_2_words-not-found_sorted.xql
     [java] Analysis time: 628.6276 milliseconds
     [java] Processing file:/D:/SVN/trunk/teiedit/works/corr/build/main/../../../build/W0027_Vol02/corrlist/W0027_Vol02-la_all-wordforms.html
     [java] Using parser com.sun.org.apache.xerces.internal.jaxp.SAXParserImpl$JAXPSAXParser
     [java] Building tree for file:/D:/SVN/trunk/teiedit/works/corr/build/main/../../../build/W0027_Vol02/corrlist/W0027_Vol02-la_all-wordforms.html using class net.sf.saxon.tree.tiny.TinyBuilder
     [java] Tree built in 1.576477s (1576.477ms)
     [java] Tree size: 2888138 nodes, 5997707 characters, 930320 attributes
     [java] Execution time: 772.3509ms
     [java] Memory used: 240791888
