     [java] Executing 'C:\Users\cricocar\AppData\Local\Programs\Oxygen XML Editor 26\jre\bin\java.exe' with arguments:
'-Xmx3000m'
'-classpath'
'D:\Cindy\SVN\trunk\teiedit\lib\xsltproc\Saxon-HE-9.8.0-12.jar'
'net.sf.saxon.Query'
'-q:../../xql/corrList_1_marginals.xql'
'-s:../../../build/W0101/xml/W0101_008.xml'
'-o:../../../build/W0101/corrlist/marginals/W0101-marg-la_all-wordforms.html'
'-traceout:#err'
'-t'
'language=la'

The ' characters around the executable and arguments are
not part of the command.
     [java] Saxon-HE 9.8.0.12J from Saxonica
     [java] Java version 17.0.8
     [java] Analyzing query from ../../xql/corrList_1_marginals.xql
     [java] Analysis time: 554.665 milliseconds
     [java] Processing file:/D:/Cindy/SVN/trunk/teiedit/works/corr/build/marginals/../../../build/W0101/xml/W0101_008.xml
     [java] Using parser com.sun.org.apache.xerces.internal.jaxp.SAXParserImpl$JAXPSAXParser
     [java] Building tree for file:/D:/Cindy/SVN/trunk/teiedit/works/corr/build/marginals/../../../build/W0101/xml/W0101_008.xml using class net.sf.saxon.tree.tiny.TinyBuilder
     [java] Tree built in 709.6156ms
     [java] Tree size: 1245343 nodes, 5259213 characters, 552947 attributes
     [java] Execution time: 40.668466s (40668.4666ms)
     [java] Memory used: 1705649664
     [java] Executing 'C:\Users\cricocar\AppData\Local\Programs\Oxygen XML Editor 26\jre\bin\java.exe' with arguments:
'-Xmx3000m'
'-classpath'
'D:\Cindy\SVN\trunk\teiedit\lib\xsltproc\Saxon-HE-9.8.0-12.jar'
'net.sf.saxon.Query'
'-q:../../xql/corrList_2_ok.xql'
'-s:../../../build/W0101/corrlist/marginals/W0101-marg-la_all-wordforms.html'
'-o:../../../build/W0101/corrlist/marginals/W0101-marg-la_wordforms-ok.html'
'-traceout:#err'
'-t'

The ' characters around the executable and arguments are
not part of the command.
     [java] Saxon-HE 9.8.0.12J from Saxonica
     [java] Java version 17.0.8
     [java] Analyzing query from ../../xql/corrList_2_ok.xql
     [java] Analysis time: 408.896 milliseconds
     [java] Processing file:/D:/Cindy/SVN/trunk/teiedit/works/corr/build/marginals/../../../build/W0101/corrlist/marginals/W0101-marg-la_all-wordforms.html
     [java] Using parser com.sun.org.apache.xerces.internal.jaxp.SAXParserImpl$JAXPSAXParser
     [java] Building tree for file:/D:/Cindy/SVN/trunk/teiedit/works/corr/build/marginals/../../../build/W0101/corrlist/marginals/W0101-marg-la_all-wordforms.html using class net.sf.saxon.tree.tiny.TinyBuilder
     [java] Tree built in 54.9336ms
     [java] Tree size: 54066 nodes, 96086 characters, 18584 attributes
     [java] Execution time: 85.6028ms
     [java] Memory used: 29176672
     [java] Executing 'C:\Users\cricocar\AppData\Local\Programs\Oxygen XML Editor 26\jre\bin\java.exe' with arguments:
'-Xmx3000m'
'-classpath'
'D:\Cindy\SVN\trunk\teiedit\lib\xsltproc\Saxon-HE-9.8.0-12.jar'
'net.sf.saxon.Query'
'-q:../../xql/corrList_2_comp-hyph-dict.xql'
'-s:../../../build/W0101/corrlist/marginals/W0101-marg-la_all-wordforms.html'
'-o:../../../build/W0101/corrlist/marginals/W0101-marg-la_supposed-hyphenations-from-dict.html'
'-traceout:#err'
'-t'

The ' characters around the executable and arguments are
not part of the command.
     [java] Saxon-HE 9.8.0.12J from Saxonica
     [java] Java version 17.0.8
     [java] Analyzing query from ../../xql/corrList_2_comp-hyph-dict.xql
     [java] Analysis time: 410.4309 milliseconds
     [java] Processing file:/D:/Cindy/SVN/trunk/teiedit/works/corr/build/marginals/../../../build/W0101/corrlist/marginals/W0101-marg-la_all-wordforms.html
     [java] Using parser com.sun.org.apache.xerces.internal.jaxp.SAXParserImpl$JAXPSAXParser
     [java] Building tree for file:/D:/Cindy/SVN/trunk/teiedit/works/corr/build/marginals/../../../build/W0101/corrlist/marginals/W0101-marg-la_all-wordforms.html using class net.sf.saxon.tree.tiny.TinyBuilder
     [java] Tree built in 57.5375ms
     [java] Tree size: 54066 nodes, 96086 characters, 18584 attributes
     [java] Execution time: 32.7703ms
     [java] Memory used: 26148328
     [java] Executing 'C:\Users\cricocar\AppData\Local\Programs\Oxygen XML Editor 26\jre\bin\java.exe' with arguments:
'-Xmx3000m'
'-classpath'
'D:\Cindy\SVN\trunk\teiedit\lib\xsltproc\Saxon-HE-9.8.0-12.jar'
'net.sf.saxon.Query'
'-q:../../xql/corrList_2_comp-hyph-text.xql'
'-s:../../../build/W0101/corrlist/marginals/W0101-marg-la_all-wordforms.html'
'-o:../../../build/W0101/corrlist/marginals/W0101-marg-la_supposed-hyphenations-from-text.html'
'-traceout:#err'
'-t'

The ' characters around the executable and arguments are
not part of the command.
     [java] Saxon-HE 9.8.0.12J from Saxonica
     [java] Java version 17.0.8
     [java] Analyzing query from ../../xql/corrList_2_comp-hyph-text.xql
     [java] Analysis time: 415.2907 milliseconds
     [java] Processing file:/D:/Cindy/SVN/trunk/teiedit/works/corr/build/marginals/../../../build/W0101/corrlist/marginals/W0101-marg-la_all-wordforms.html
     [java] Using parser com.sun.org.apache.xerces.internal.jaxp.SAXParserImpl$JAXPSAXParser
     [java] Building tree for file:/D:/Cindy/SVN/trunk/teiedit/works/corr/build/marginals/../../../build/W0101/corrlist/marginals/W0101-marg-la_all-wordforms.html using class net.sf.saxon.tree.tiny.TinyBuilder
     [java] Tree built in 59.2353ms
     [java] Tree size: 54066 nodes, 96086 characters, 18584 attributes
     [java] Execution time: 33.5816ms
     [java] Memory used: 26726968
     [java] Executing 'C:\Users\cricocar\AppData\Local\Programs\Oxygen XML Editor 26\jre\bin\java.exe' with arguments:
'-Xmx3000m'
'-classpath'
'D:\Cindy\SVN\trunk\teiedit\lib\xsltproc\Saxon-HE-9.8.0-12.jar'
'net.sf.saxon.Query'
'-q:../../xql/corrList_2_words-not-found.xql'
'-s:../../../build/W0101/corrlist/marginals/W0101-marg-la_all-wordforms.html'
'-o:../../../build/W0101/corrlist/marginals/W0101-marg-la_wordforms-not-in-dict.html'
'-traceout:#err'
'-t'

The ' characters around the executable and arguments are
not part of the command.
     [java] Saxon-HE 9.8.0.12J from Saxonica
     [java] Java version 17.0.8
     [java] Analyzing query from ../../xql/corrList_2_words-not-found.xql
     [java] Analysis time: 425.1739 milliseconds
     [java] Processing file:/D:/Cindy/SVN/trunk/teiedit/works/corr/build/marginals/../../../build/W0101/corrlist/marginals/W0101-marg-la_all-wordforms.html
     [java] Using parser com.sun.org.apache.xerces.internal.jaxp.SAXParserImpl$JAXPSAXParser
     [java] Building tree for file:/D:/Cindy/SVN/trunk/teiedit/works/corr/build/marginals/../../../build/W0101/corrlist/marginals/W0101-marg-la_all-wordforms.html using class net.sf.saxon.tree.tiny.TinyBuilder
     [java] Tree built in 55.3737ms
     [java] Tree size: 54066 nodes, 96086 characters, 18584 attributes
     [java] Execution time: 85.066ms
     [java] Memory used: 28825224
     [java] Executing 'C:\Users\cricocar\AppData\Local\Programs\Oxygen XML Editor 26\jre\bin\java.exe' with arguments:
'-Xmx3000m'
'-classpath'
'D:\Cindy\SVN\trunk\teiedit\lib\xsltproc\Saxon-HE-9.8.0-12.jar'
'net.sf.saxon.Query'
'-q:../../xql/corrList_2_comp-hyph-nohyph.xql'
'-s:../../../build/W0101/corrlist/marginals/W0101-marg-la_all-wordforms.html'
'-o:../../../build/W0101/corrlist/marginals/W0101-marg-la_unclear-hyphenations_in-dict.html'
'-traceout:#err'
'-t'

The ' characters around the executable and arguments are
not part of the command.
     [java] Saxon-HE 9.8.0.12J from Saxonica
     [java] Java version 17.0.8
     [java] Analyzing query from ../../xql/corrList_2_comp-hyph-nohyph.xql
     [java] Analysis time: 408.3249 milliseconds
     [java] Processing file:/D:/Cindy/SVN/trunk/teiedit/works/corr/build/marginals/../../../build/W0101/corrlist/marginals/W0101-marg-la_all-wordforms.html
     [java] Using parser com.sun.org.apache.xerces.internal.jaxp.SAXParserImpl$JAXPSAXParser
     [java] Building tree for file:/D:/Cindy/SVN/trunk/teiedit/works/corr/build/marginals/../../../build/W0101/corrlist/marginals/W0101-marg-la_all-wordforms.html using class net.sf.saxon.tree.tiny.TinyBuilder
     [java] Tree built in 55.557ms
     [java] Tree size: 54066 nodes, 96086 characters, 18584 attributes
     [java] Execution time: 35.6635ms
     [java] Memory used: 26086520
     [java] Executing 'C:\Users\cricocar\AppData\Local\Programs\Oxygen XML Editor 26\jre\bin\java.exe' with arguments:
'-Xmx3000m'
'-classpath'
'D:\Cindy\SVN\trunk\teiedit\lib\xsltproc\Saxon-HE-9.8.0-12.jar'
'net.sf.saxon.Query'
'-q:../../xql/corrList_2_comp-not-found.xql'
'-s:../../../build/W0101/corrlist/marginals/W0101-marg-la_all-wordforms.html'
'-o:../../../build/W0101/corrlist/marginals/W0101-marg-la_unclear-hyphenations_not-in-dict.html'
'-traceout:#err'
'-t'

The ' characters around the executable and arguments are
not part of the command.
     [java] Saxon-HE 9.8.0.12J from Saxonica
     [java] Java version 17.0.8
     [java] Analyzing query from ../../xql/corrList_2_comp-not-found.xql
     [java] Analysis time: 417.7623 milliseconds
     [java] Processing file:/D:/Cindy/SVN/trunk/teiedit/works/corr/build/marginals/../../../build/W0101/corrlist/marginals/W0101-marg-la_all-wordforms.html
     [java] Using parser com.sun.org.apache.xerces.internal.jaxp.SAXParserImpl$JAXPSAXParser
     [java] Building tree for file:/D:/Cindy/SVN/trunk/teiedit/works/corr/build/marginals/../../../build/W0101/corrlist/marginals/W0101-marg-la_all-wordforms.html using class net.sf.saxon.tree.tiny.TinyBuilder
     [java] Tree built in 74.332ms
     [java] Tree size: 54066 nodes, 96086 characters, 18584 attributes
     [java] Execution time: 67.6579ms
     [java] Memory used: 28257088
     [java] Executing 'C:\Users\cricocar\AppData\Local\Programs\Oxygen XML Editor 26\jre\bin\java.exe' with arguments:
'-Xmx3000m'
'-classpath'
'D:\Cindy\SVN\trunk\teiedit\lib\xsltproc\Saxon-HE-9.8.0-12.jar'
'net.sf.saxon.Query'
'-q:../../xql/corrList_2_words-not-found_sorted.xql'
'-s:../../../build/W0101/corrlist/marginals/W0101-marg-la_all-wordforms.html'
'-o:../../../build/W0101/corrlist/marginals/W0101-marg-la_wordforms-not-in-dict_sorted.html'
'-traceout:#err'
'-t'
'editText=special-chars-only'

The ' characters around the executable and arguments are
not part of the command.
     [java] Saxon-HE 9.8.0.12J from Saxonica
     [java] Java version 17.0.8
     [java] Analyzing query from ../../xql/corrList_2_words-not-found_sorted.xql
     [java] Analysis time: 443.5132 milliseconds
     [java] Processing file:/D:/Cindy/SVN/trunk/teiedit/works/corr/build/marginals/../../../build/W0101/corrlist/marginals/W0101-marg-la_all-wordforms.html
     [java] Using parser com.sun.org.apache.xerces.internal.jaxp.SAXParserImpl$JAXPSAXParser
     [java] Building tree for file:/D:/Cindy/SVN/trunk/teiedit/works/corr/build/marginals/../../../build/W0101/corrlist/marginals/W0101-marg-la_all-wordforms.html using class net.sf.saxon.tree.tiny.TinyBuilder
     [java] Tree built in 55.0037ms
     [java] Tree size: 54066 nodes, 96086 characters, 18584 attributes
     [java] Execution time: 83.4656ms
     [java] Memory used: 32376264
