     [java] Executing '/usr/lib/jvm/jdk-19/bin/java' with arguments:
'-Xmx3000m'
'-classpath'
'/home/marie-astrid/Documents/Salamanca/trunk/teiedit/lib/xsltproc/Saxon-HE-9.8.0-12.jar'
'net.sf.saxon.Query'
'-q:../../xql/corrList_1_marginals.xql'
'-s:/home/marie-astrid/Documents/Salamanca/trunk/teiedit/works/build/W0105_Vol01/xml/W0105_Vol01_008.xml'
'-o:/home/marie-astrid/Documents/Salamanca/trunk/teiedit/works/build/W0105_Vol01/corrlist/marginals/W0105_Vol01-marg-la_all-wordforms.html'
'-traceout:#err'
'-t'
'language=la'

The ' characters around the executable and arguments are
not part of the command.
     [java] Saxon-HE 9.8.0.12J from Saxonica
     [java] Java version 19.0.2
     [java] Analyzing query from ../../xql/corrList_1_marginals.xql
     [java] Analysis time: 1790.513399 milliseconds
     [java] Processing file:/home/marie-astrid/Documents/Salamanca/trunk/teiedit/works/build/W0105_Vol01/xml/W0105_Vol01_008.xml
     [java] Using parser com.sun.org.apache.xerces.internal.jaxp.SAXParserImpl$JAXPSAXParser
     [java] Building tree for file:/home/marie-astrid/Documents/Salamanca/trunk/teiedit/works/build/W0105_Vol01/xml/W0105_Vol01_008.xml using class net.sf.saxon.tree.tiny.TinyBuilder
     [java] Tree built in 2.180821s (2180.821966ms)
     [java] Tree size: 1294463 nodes, 5739168 characters, 640194 attributes
     [java] Execution time: 7m 19.899942s (439899.942483ms)
     [java] Memory used: 1861313656
     [java] Executing '/usr/lib/jvm/jdk-19/bin/java' with arguments:
'-Xmx3000m'
'-classpath'
'/home/marie-astrid/Documents/Salamanca/trunk/teiedit/lib/xsltproc/Saxon-HE-9.8.0-12.jar'
'net.sf.saxon.Query'
'-q:../../xql/corrList_2_ok.xql'
'-s:/home/marie-astrid/Documents/Salamanca/trunk/teiedit/works/build/W0105_Vol01/corrlist/marginals/W0105_Vol01-marg-la_all-wordforms.html'
'-o:/home/marie-astrid/Documents/Salamanca/trunk/teiedit/works/build/W0105_Vol01/corrlist/marginals/W0105_Vol01-marg-la_wordforms-ok.html'
'-traceout:#err'
'-t'

The ' characters around the executable and arguments are
not part of the command.
     [java] Saxon-HE 9.8.0.12J from Saxonica
     [java] Java version 19.0.2
     [java] Analyzing query from ../../xql/corrList_2_ok.xql
     [java] Analysis time: 993.112075 milliseconds
     [java] Processing file:/home/marie-astrid/Documents/Salamanca/trunk/teiedit/works/build/W0105_Vol01/corrlist/marginals/W0105_Vol01-marg-la_all-wordforms.html
     [java] Using parser com.sun.org.apache.xerces.internal.jaxp.SAXParserImpl$JAXPSAXParser
     [java] Building tree for file:/home/marie-astrid/Documents/Salamanca/trunk/teiedit/works/build/W0105_Vol01/corrlist/marginals/W0105_Vol01-marg-la_all-wordforms.html using class net.sf.saxon.tree.tiny.TinyBuilder
     [java] Tree built in 747.993499ms
     [java] Tree size: 341189 nodes, 709374 characters, 122187 attributes
     [java] Execution time: 683.382734ms
     [java] Memory used: 98596320
     [java] Executing '/usr/lib/jvm/jdk-19/bin/java' with arguments:
'-Xmx3000m'
'-classpath'
'/home/marie-astrid/Documents/Salamanca/trunk/teiedit/lib/xsltproc/Saxon-HE-9.8.0-12.jar'
'net.sf.saxon.Query'
'-q:../../xql/corrList_2_comp-hyph-dict.xql'
'-s:/home/marie-astrid/Documents/Salamanca/trunk/teiedit/works/build/W0105_Vol01/corrlist/marginals/W0105_Vol01-marg-la_all-wordforms.html'
'-o:/home/marie-astrid/Documents/Salamanca/trunk/teiedit/works/build/W0105_Vol01/corrlist/marginals/W0105_Vol01-marg-la_supposed-hyphenations-from-dict.html'
'-traceout:#err'
'-t'

The ' characters around the executable and arguments are
not part of the command.
     [java] Saxon-HE 9.8.0.12J from Saxonica
     [java] Java version 19.0.2
     [java] Analyzing query from ../../xql/corrList_2_comp-hyph-dict.xql
     [java] Analysis time: 1034.336765 milliseconds
     [java] Processing file:/home/marie-astrid/Documents/Salamanca/trunk/teiedit/works/build/W0105_Vol01/corrlist/marginals/W0105_Vol01-marg-la_all-wordforms.html
     [java] Using parser com.sun.org.apache.xerces.internal.jaxp.SAXParserImpl$JAXPSAXParser
     [java] Building tree for file:/home/marie-astrid/Documents/Salamanca/trunk/teiedit/works/build/W0105_Vol01/corrlist/marginals/W0105_Vol01-marg-la_all-wordforms.html using class net.sf.saxon.tree.tiny.TinyBuilder
     [java] Tree built in 682.270934ms
     [java] Tree size: 341189 nodes, 709374 characters, 122187 attributes
     [java] Execution time: 271.223296ms
     [java] Memory used: 72292704
     [java] Executing '/usr/lib/jvm/jdk-19/bin/java' with arguments:
'-Xmx3000m'
'-classpath'
'/home/marie-astrid/Documents/Salamanca/trunk/teiedit/lib/xsltproc/Saxon-HE-9.8.0-12.jar'
'net.sf.saxon.Query'
'-q:../../xql/corrList_2_comp-hyph-text.xql'
'-s:/home/marie-astrid/Documents/Salamanca/trunk/teiedit/works/build/W0105_Vol01/corrlist/marginals/W0105_Vol01-marg-la_all-wordforms.html'
'-o:/home/marie-astrid/Documents/Salamanca/trunk/teiedit/works/build/W0105_Vol01/corrlist/marginals/W0105_Vol01-marg-la_supposed-hyphenations-from-text.html'
'-traceout:#err'
'-t'

The ' characters around the executable and arguments are
not part of the command.
     [java] Saxon-HE 9.8.0.12J from Saxonica
     [java] Java version 19.0.2
     [java] Analyzing query from ../../xql/corrList_2_comp-hyph-text.xql
     [java] Analysis time: 1027.515355 milliseconds
     [java] Processing file:/home/marie-astrid/Documents/Salamanca/trunk/teiedit/works/build/W0105_Vol01/corrlist/marginals/W0105_Vol01-marg-la_all-wordforms.html
     [java] Using parser com.sun.org.apache.xerces.internal.jaxp.SAXParserImpl$JAXPSAXParser
     [java] Building tree for file:/home/marie-astrid/Documents/Salamanca/trunk/teiedit/works/build/W0105_Vol01/corrlist/marginals/W0105_Vol01-marg-la_all-wordforms.html using class net.sf.saxon.tree.tiny.TinyBuilder
     [java] Tree built in 741.042753ms
     [java] Tree size: 341189 nodes, 709374 characters, 122187 attributes
     [java] Execution time: 263.482809ms
     [java] Memory used: 73430064
     [java] Executing '/usr/lib/jvm/jdk-19/bin/java' with arguments:
'-Xmx3000m'
'-classpath'
'/home/marie-astrid/Documents/Salamanca/trunk/teiedit/lib/xsltproc/Saxon-HE-9.8.0-12.jar'
'net.sf.saxon.Query'
'-q:../../xql/corrList_2_words-not-found.xql'
'-s:/home/marie-astrid/Documents/Salamanca/trunk/teiedit/works/build/W0105_Vol01/corrlist/marginals/W0105_Vol01-marg-la_all-wordforms.html'
'-o:/home/marie-astrid/Documents/Salamanca/trunk/teiedit/works/build/W0105_Vol01/corrlist/marginals/W0105_Vol01-marg-la_wordforms-not-in-dict.html'
'-traceout:#err'
'-t'

The ' characters around the executable and arguments are
not part of the command.
     [java] Saxon-HE 9.8.0.12J from Saxonica
     [java] Java version 19.0.2
     [java] Analyzing query from ../../xql/corrList_2_words-not-found.xql
     [java] Analysis time: 963.197611 milliseconds
     [java] Processing file:/home/marie-astrid/Documents/Salamanca/trunk/teiedit/works/build/W0105_Vol01/corrlist/marginals/W0105_Vol01-marg-la_all-wordforms.html
     [java] Using parser com.sun.org.apache.xerces.internal.jaxp.SAXParserImpl$JAXPSAXParser
     [java] Building tree for file:/home/marie-astrid/Documents/Salamanca/trunk/teiedit/works/build/W0105_Vol01/corrlist/marginals/W0105_Vol01-marg-la_all-wordforms.html using class net.sf.saxon.tree.tiny.TinyBuilder
     [java] Tree built in 778.655181ms
     [java] Tree size: 341189 nodes, 709374 characters, 122187 attributes
     [java] Execution time: 465.59958ms
     [java] Memory used: 78161864
     [java] Executing '/usr/lib/jvm/jdk-19/bin/java' with arguments:
'-Xmx3000m'
'-classpath'
'/home/marie-astrid/Documents/Salamanca/trunk/teiedit/lib/xsltproc/Saxon-HE-9.8.0-12.jar'
'net.sf.saxon.Query'
'-q:../../xql/corrList_2_comp-hyph-nohyph.xql'
'-s:/home/marie-astrid/Documents/Salamanca/trunk/teiedit/works/build/W0105_Vol01/corrlist/marginals/W0105_Vol01-marg-la_all-wordforms.html'
'-o:/home/marie-astrid/Documents/Salamanca/trunk/teiedit/works/build/W0105_Vol01/corrlist/marginals/W0105_Vol01-marg-la_unclear-hyphenations_in-dict.html'
'-traceout:#err'
'-t'

The ' characters around the executable and arguments are
not part of the command.
     [java] Saxon-HE 9.8.0.12J from Saxonica
     [java] Java version 19.0.2
     [java] Analyzing query from ../../xql/corrList_2_comp-hyph-nohyph.xql
     [java] Analysis time: 1026.48076 milliseconds
     [java] Processing file:/home/marie-astrid/Documents/Salamanca/trunk/teiedit/works/build/W0105_Vol01/corrlist/marginals/W0105_Vol01-marg-la_all-wordforms.html
     [java] Using parser com.sun.org.apache.xerces.internal.jaxp.SAXParserImpl$JAXPSAXParser
     [java] Building tree for file:/home/marie-astrid/Documents/Salamanca/trunk/teiedit/works/build/W0105_Vol01/corrlist/marginals/W0105_Vol01-marg-la_all-wordforms.html using class net.sf.saxon.tree.tiny.TinyBuilder
     [java] Tree built in 756.850596ms
     [java] Tree size: 341189 nodes, 709374 characters, 122187 attributes
     [java] Execution time: 215.26639ms
     [java] Memory used: 70995864
     [java] Executing '/usr/lib/jvm/jdk-19/bin/java' with arguments:
'-Xmx3000m'
'-classpath'
'/home/marie-astrid/Documents/Salamanca/trunk/teiedit/lib/xsltproc/Saxon-HE-9.8.0-12.jar'
'net.sf.saxon.Query'
'-q:../../xql/corrList_2_comp-not-found.xql'
'-s:/home/marie-astrid/Documents/Salamanca/trunk/teiedit/works/build/W0105_Vol01/corrlist/marginals/W0105_Vol01-marg-la_all-wordforms.html'
'-o:/home/marie-astrid/Documents/Salamanca/trunk/teiedit/works/build/W0105_Vol01/corrlist/marginals/W0105_Vol01-marg-la_unclear-hyphenations_not-in-dict.html'
'-traceout:#err'
'-t'

The ' characters around the executable and arguments are
not part of the command.
     [java] Saxon-HE 9.8.0.12J from Saxonica
     [java] Java version 19.0.2
     [java] Analyzing query from ../../xql/corrList_2_comp-not-found.xql
     [java] Analysis time: 936.029466 milliseconds
     [java] Processing file:/home/marie-astrid/Documents/Salamanca/trunk/teiedit/works/build/W0105_Vol01/corrlist/marginals/W0105_Vol01-marg-la_all-wordforms.html
     [java] Using parser com.sun.org.apache.xerces.internal.jaxp.SAXParserImpl$JAXPSAXParser
     [java] Building tree for file:/home/marie-astrid/Documents/Salamanca/trunk/teiedit/works/build/W0105_Vol01/corrlist/marginals/W0105_Vol01-marg-la_all-wordforms.html using class net.sf.saxon.tree.tiny.TinyBuilder
     [java] Tree built in 730.65613ms
     [java] Tree size: 341189 nodes, 709374 characters, 122187 attributes
     [java] Execution time: 391.426358ms
     [java] Memory used: 79415680
     [java] Executing '/usr/lib/jvm/jdk-19/bin/java' with arguments:
'-Xmx3000m'
'-classpath'
'/home/marie-astrid/Documents/Salamanca/trunk/teiedit/lib/xsltproc/Saxon-HE-9.8.0-12.jar'
'net.sf.saxon.Query'
'-q:../../xql/corrList_2_words-not-found_sorted.xql'
'-s:/home/marie-astrid/Documents/Salamanca/trunk/teiedit/works/build/W0105_Vol01/corrlist/marginals/W0105_Vol01-marg-la_all-wordforms.html'
'-o:/home/marie-astrid/Documents/Salamanca/trunk/teiedit/works/build/W0105_Vol01/corrlist/marginals/W0105_Vol01-marg-la_wordforms-not-in-dict_sorted.html'
'-traceout:#err'
'-t'
'editText=special-chars-only'

The ' characters around the executable and arguments are
not part of the command.
     [java] Saxon-HE 9.8.0.12J from Saxonica
     [java] Java version 19.0.2
     [java] Analyzing query from ../../xql/corrList_2_words-not-found_sorted.xql
     [java] Analysis time: 963.689058 milliseconds
     [java] Processing file:/home/marie-astrid/Documents/Salamanca/trunk/teiedit/works/build/W0105_Vol01/corrlist/marginals/W0105_Vol01-marg-la_all-wordforms.html
     [java] Using parser com.sun.org.apache.xerces.internal.jaxp.SAXParserImpl$JAXPSAXParser
     [java] Building tree for file:/home/marie-astrid/Documents/Salamanca/trunk/teiedit/works/build/W0105_Vol01/corrlist/marginals/W0105_Vol01-marg-la_all-wordforms.html using class net.sf.saxon.tree.tiny.TinyBuilder
     [java] Tree built in 623.545895ms
     [java] Tree size: 341189 nodes, 709374 characters, 122187 attributes
     [java] Execution time: 549.570826ms
     [java] Memory used: 94651584
