     [java] Executing 'C:\Users\cricocar\AppData\Local\Programs\Oxygen XML Editor 26\jre\bin\java.exe' with arguments:
'-Xmx3000m'
'-classpath'
'D:\Cindy\SVN\trunk\teiedit\lib\xsltproc\Saxon-HE-9.8.0-12.jar'
'net.sf.saxon.Query'
'-q:../../xql/corrList_1_main.xql'
'-s:../../../build/W0102/xml/W0102_008.xml'
'-o:../../../build/W0102/corrlist/W0102-la_all-wordforms.html'
'-traceout:#err'
'-t'
'language=la'

The ' characters around the executable and arguments are
not part of the command.
     [java] Saxon-HE 9.8.0.12J from Saxonica
     [java] Java version 17.0.8
     [java] Analyzing query from ../../xql/corrList_1_main.xql
     [java] Analysis time: 566.6904 milliseconds
     [java] Processing file:/D:/Cindy/SVN/trunk/teiedit/works/corr/build/main/../../../build/W0102/xml/W0102_008.xml
     [java] Using parser com.sun.org.apache.xerces.internal.jaxp.SAXParserImpl$JAXPSAXParser
     [java] Building tree for file:/D:/Cindy/SVN/trunk/teiedit/works/corr/build/main/../../../build/W0102/xml/W0102_008.xml using class net.sf.saxon.tree.tiny.TinyBuilder
     [java] Tree built in 694.4307ms
     [java] Tree size: 899863 nodes, 3610930 characters, 440960 attributes
     [java] Execution time: 1h 19m 9.058301s (4749058.3019ms)
     [java] Memory used: 2095285256
     [java] Executing 'C:\Users\cricocar\AppData\Local\Programs\Oxygen XML Editor 26\jre\bin\java.exe' with arguments:
'-Xmx3000m'
'-classpath'
'D:\Cindy\SVN\trunk\teiedit\lib\xsltproc\Saxon-HE-9.8.0-12.jar'
'net.sf.saxon.Query'
'-q:../../xql/corrList_2_ok.xql'
'-s:../../../build/W0102/corrlist/W0102-la_all-wordforms.html'
'-o:../../../build/W0102/corrlist/W0102-la_wordforms-ok.html'
'-traceout:#err'
'-t'

The ' characters around the executable and arguments are
not part of the command.
     [java] Saxon-HE 9.8.0.12J from Saxonica
     [java] Java version 17.0.8
     [java] Analyzing query from ../../xql/corrList_2_ok.xql
     [java] Analysis time: 405.4516 milliseconds
     [java] Processing file:/D:/Cindy/SVN/trunk/teiedit/works/corr/build/main/../../../build/W0102/corrlist/W0102-la_all-wordforms.html
     [java] Using parser com.sun.org.apache.xerces.internal.jaxp.SAXParserImpl$JAXPSAXParser
     [java] Building tree for file:/D:/Cindy/SVN/trunk/teiedit/works/corr/build/main/../../../build/W0102/corrlist/W0102-la_all-wordforms.html using class net.sf.saxon.tree.tiny.TinyBuilder
     [java] Tree built in 874.9747ms
     [java] Tree size: 2197359 nodes, 4335322 characters, 735359 attributes
     [java] Execution time: 1.00103s (1001.0304ms)
     [java] Memory used: 309056928
     [java] Executing 'C:\Users\cricocar\AppData\Local\Programs\Oxygen XML Editor 26\jre\bin\java.exe' with arguments:
'-Xmx3000m'
'-classpath'
'D:\Cindy\SVN\trunk\teiedit\lib\xsltproc\Saxon-HE-9.8.0-12.jar'
'net.sf.saxon.Query'
'-q:../../xql/corrList_2_comp-hyph-dict.xql'
'-s:../../../build/W0102/corrlist/W0102-la_all-wordforms.html'
'-o:../../../build/W0102/corrlist/W0102-la_supposed-hyphenations-from-dict.html'
'-traceout:#err'
'-t'

The ' characters around the executable and arguments are
not part of the command.
     [java] Saxon-HE 9.8.0.12J from Saxonica
     [java] Java version 17.0.8
     [java] Analyzing query from ../../xql/corrList_2_comp-hyph-dict.xql
     [java] Analysis time: 453.4838 milliseconds
     [java] Processing file:/D:/Cindy/SVN/trunk/teiedit/works/corr/build/main/../../../build/W0102/corrlist/W0102-la_all-wordforms.html
     [java] Using parser com.sun.org.apache.xerces.internal.jaxp.SAXParserImpl$JAXPSAXParser
     [java] Building tree for file:/D:/Cindy/SVN/trunk/teiedit/works/corr/build/main/../../../build/W0102/corrlist/W0102-la_all-wordforms.html using class net.sf.saxon.tree.tiny.TinyBuilder
     [java] Tree built in 894.362ms
     [java] Tree size: 2197359 nodes, 4335322 characters, 735359 attributes
     [java] Execution time: 55.7861ms
     [java] Memory used: 173602424
     [java] Executing 'C:\Users\cricocar\AppData\Local\Programs\Oxygen XML Editor 26\jre\bin\java.exe' with arguments:
'-Xmx3000m'
'-classpath'
'D:\Cindy\SVN\trunk\teiedit\lib\xsltproc\Saxon-HE-9.8.0-12.jar'
'net.sf.saxon.Query'
'-q:../../xql/corrList_2_comp-hyph-text.xql'
'-s:../../../build/W0102/corrlist/W0102-la_all-wordforms.html'
'-o:../../../build/W0102/corrlist/W0102-la_supposed-hyphenations-from-text.html'
'-traceout:#err'
'-t'

The ' characters around the executable and arguments are
not part of the command.
     [java] Saxon-HE 9.8.0.12J from Saxonica
     [java] Java version 17.0.8
     [java] Analyzing query from ../../xql/corrList_2_comp-hyph-text.xql
     [java] Analysis time: 418.3618 milliseconds
     [java] Processing file:/D:/Cindy/SVN/trunk/teiedit/works/corr/build/main/../../../build/W0102/corrlist/W0102-la_all-wordforms.html
     [java] Using parser com.sun.org.apache.xerces.internal.jaxp.SAXParserImpl$JAXPSAXParser
     [java] Building tree for file:/D:/Cindy/SVN/trunk/teiedit/works/corr/build/main/../../../build/W0102/corrlist/W0102-la_all-wordforms.html using class net.sf.saxon.tree.tiny.TinyBuilder
     [java] Tree built in 936.4537ms
     [java] Tree size: 2197359 nodes, 4335322 characters, 735359 attributes
     [java] Execution time: 85.9165ms
     [java] Memory used: 189201640
     [java] Executing 'C:\Users\cricocar\AppData\Local\Programs\Oxygen XML Editor 26\jre\bin\java.exe' with arguments:
'-Xmx3000m'
'-classpath'
'D:\Cindy\SVN\trunk\teiedit\lib\xsltproc\Saxon-HE-9.8.0-12.jar'
'net.sf.saxon.Query'
'-q:../../xql/corrList_2_words-not-found.xql'
'-s:../../../build/W0102/corrlist/W0102-la_all-wordforms.html'
'-o:../../../build/W0102/corrlist/W0102-la_wordforms-not-in-dict.html'
'-traceout:#err'
'-t'

The ' characters around the executable and arguments are
not part of the command.
     [java] Saxon-HE 9.8.0.12J from Saxonica
     [java] Java version 17.0.8
     [java] Analyzing query from ../../xql/corrList_2_words-not-found.xql
     [java] Analysis time: 410.9027 milliseconds
     [java] Processing file:/D:/Cindy/SVN/trunk/teiedit/works/corr/build/main/../../../build/W0102/corrlist/W0102-la_all-wordforms.html
     [java] Using parser com.sun.org.apache.xerces.internal.jaxp.SAXParserImpl$JAXPSAXParser
     [java] Building tree for file:/D:/Cindy/SVN/trunk/teiedit/works/corr/build/main/../../../build/W0102/corrlist/W0102-la_all-wordforms.html using class net.sf.saxon.tree.tiny.TinyBuilder
     [java] Tree built in 895.0196ms
     [java] Tree size: 2197359 nodes, 4335322 characters, 735359 attributes
     [java] Execution time: 220.0379ms
     [java] Memory used: 201712104
     [java] Executing 'C:\Users\cricocar\AppData\Local\Programs\Oxygen XML Editor 26\jre\bin\java.exe' with arguments:
'-Xmx3000m'
'-classpath'
'D:\Cindy\SVN\trunk\teiedit\lib\xsltproc\Saxon-HE-9.8.0-12.jar'
'net.sf.saxon.Query'
'-q:../../xql/corrList_2_comp-hyph-nohyph.xql'
'-s:../../../build/W0102/corrlist/W0102-la_all-wordforms.html'
'-o:../../../build/W0102/corrlist/W0102-la_unclear-hyphenations_in-dict.html'
'-traceout:#err'
'-t'

The ' characters around the executable and arguments are
not part of the command.
     [java] Saxon-HE 9.8.0.12J from Saxonica
     [java] Java version 17.0.8
     [java] Analyzing query from ../../xql/corrList_2_comp-hyph-nohyph.xql
     [java] Analysis time: 395.9815 milliseconds
     [java] Processing file:/D:/Cindy/SVN/trunk/teiedit/works/corr/build/main/../../../build/W0102/corrlist/W0102-la_all-wordforms.html
     [java] Using parser com.sun.org.apache.xerces.internal.jaxp.SAXParserImpl$JAXPSAXParser
     [java] Building tree for file:/D:/Cindy/SVN/trunk/teiedit/works/corr/build/main/../../../build/W0102/corrlist/W0102-la_all-wordforms.html using class net.sf.saxon.tree.tiny.TinyBuilder
     [java] Tree built in 869.5827ms
     [java] Tree size: 2197359 nodes, 4335322 characters, 735359 attributes
     [java] Execution time: 93.7507ms
     [java] Memory used: 193131888
     [java] Executing 'C:\Users\cricocar\AppData\Local\Programs\Oxygen XML Editor 26\jre\bin\java.exe' with arguments:
'-Xmx3000m'
'-classpath'
'D:\Cindy\SVN\trunk\teiedit\lib\xsltproc\Saxon-HE-9.8.0-12.jar'
'net.sf.saxon.Query'
'-q:../../xql/corrList_2_comp-not-found.xql'
'-s:../../../build/W0102/corrlist/W0102-la_all-wordforms.html'
'-o:../../../build/W0102/corrlist/W0102-la_unclear-hyphenations_not-in-dict.html'
'-traceout:#err'
'-t'

The ' characters around the executable and arguments are
not part of the command.
     [java] Saxon-HE 9.8.0.12J from Saxonica
     [java] Java version 17.0.8
     [java] Analyzing query from ../../xql/corrList_2_comp-not-found.xql
     [java] Analysis time: 410.4846 milliseconds
     [java] Processing file:/D:/Cindy/SVN/trunk/teiedit/works/corr/build/main/../../../build/W0102/corrlist/W0102-la_all-wordforms.html
     [java] Using parser com.sun.org.apache.xerces.internal.jaxp.SAXParserImpl$JAXPSAXParser
     [java] Building tree for file:/D:/Cindy/SVN/trunk/teiedit/works/corr/build/main/../../../build/W0102/corrlist/W0102-la_all-wordforms.html using class net.sf.saxon.tree.tiny.TinyBuilder
     [java] Tree built in 888.131ms
     [java] Tree size: 2197359 nodes, 4335322 characters, 735359 attributes
     [java] Execution time: 135.4104ms
     [java] Memory used: 183041040
     [java] Executing 'C:\Users\cricocar\AppData\Local\Programs\Oxygen XML Editor 26\jre\bin\java.exe' with arguments:
'-Xmx3000m'
'-classpath'
'D:\Cindy\SVN\trunk\teiedit\lib\xsltproc\Saxon-HE-9.8.0-12.jar'
'net.sf.saxon.Query'
'-q:../../xql/corrList_2_words-not-found_sorted.xql'
'-s:../../../build/W0102/corrlist/W0102-la_all-wordforms.html'
'-o:../../../build/W0102/corrlist/W0102-la_wordforms-not-in-dict_sorted.html'
'-traceout:#err'
'-t'
'editText=special-chars-only'

The ' characters around the executable and arguments are
not part of the command.
     [java] Saxon-HE 9.8.0.12J from Saxonica
     [java] Java version 17.0.8
     [java] Analyzing query from ../../xql/corrList_2_words-not-found_sorted.xql
     [java] Analysis time: 435.3494 milliseconds
     [java] Processing file:/D:/Cindy/SVN/trunk/teiedit/works/corr/build/main/../../../build/W0102/corrlist/W0102-la_all-wordforms.html
     [java] Using parser com.sun.org.apache.xerces.internal.jaxp.SAXParserImpl$JAXPSAXParser
     [java] Building tree for file:/D:/Cindy/SVN/trunk/teiedit/works/corr/build/main/../../../build/W0102/corrlist/W0102-la_all-wordforms.html using class net.sf.saxon.tree.tiny.TinyBuilder
     [java] Tree built in 859.427ms
     [java] Tree size: 2197359 nodes, 4335322 characters, 735359 attributes
     [java] Execution time: 225.8154ms
     [java] Memory used: 145966808
