     [xslt] Using class org.apache.tools.ant.taskdefs.optional.TraXLiaison
     [xslt] Processing D:\Cindy\SVN\trunk\teiedit\works\build\W0070\xml\W0070_001.xml to D:\Cindy\SVN\trunk\teiedit\works\build\W0070\xml\W0070_002.xml
     [xslt] Loading stylesheet D:\Cindy\SVN\trunk\teiedit\works\build\W0070\xsl\W0070_001.xsl
     [xslt] INFO: quality check successfull.

     [xslt] Using class org.apache.tools.ant.taskdefs.optional.TraXLiaison
     [xslt] Processing D:\Cindy\SVN\trunk\teiedit\works\build\W0070\xml\W0070_002.xml to D:\Cindy\SVN\trunk\teiedit\works\build\W0070\xml\W0070_003.xml
     [xslt] Loading stylesheet D:\Cindy\SVN\trunk\teiedit\works\build\W0070\xsl\W0070_002.xsl
     [xslt] INFO: quality check successfull.

     [xslt] Using class org.apache.tools.ant.taskdefs.optional.TraXLiaison
     [xslt] Processing D:\Cindy\SVN\trunk\teiedit\works\build\W0070\xml\W0070_003.xml to D:\Cindy\SVN\trunk\teiedit\works\build\W0070\xml\W0070_004.xml
     [xslt] Loading stylesheet D:\Cindy\SVN\trunk\teiedit\works\build\W0070\xsl\W0070_003.xsl
Apache resolver library not found, internal resolver will be used
     [xslt] -----------------------------------------------------------

     [xslt] WARN: different amounts of input and output pb/cb: 

     [xslt] Input pb: 316 | cb: 598

     [xslt] Output pb: 316 | cb: 603

     [xslt] -----------------------------------------------------------

     [xslt] INFO: quality check successfull.

     [xslt] Using class org.apache.tools.ant.taskdefs.optional.TraXLiaison
     [xslt] Processing D:\Cindy\SVN\trunk\teiedit\works\build\W0070\xml\W0070_004.xml to D:\Cindy\SVN\trunk\teiedit\works\build\W0070\xml\W0070_005.xml
     [xslt] Loading stylesheet D:\Cindy\SVN\trunk\teiedit\works\build\W0070\xsl\W0070_004.xsl
     [xslt] Warning: amount of non-whitespace characters differs in input and output doc: 

     [xslt] Input characters: 712208

     [xslt] Output characters: 705933

     [xslt] 

     [xslt] INFO: quality check successfull.

     [xslt] Using class org.apache.tools.ant.taskdefs.optional.TraXLiaison
     [xslt] Processing D:\Cindy\SVN\trunk\teiedit\works\build\W0070\xml\W0070_005.xml to D:\Cindy\SVN\trunk\teiedit\works\build\W0070\xml\W0070_006.xml
     [xslt] Loading stylesheet D:\Cindy\SVN\trunk\teiedit\works\build\W0070\xsl\W0070_005.xsl
Apache resolver library not found, internal resolver will be used
     [xslt] INFO: added 41964 special character tags (tei:g).

     [xslt] INFO: quality check successfull.

     [xslt] Using class org.apache.tools.ant.taskdefs.optional.TraXLiaison
     [xslt] Processing D:\Cindy\SVN\trunk\teiedit\works\build\W0070\xml\W0070_006.xml to D:\Cindy\SVN\trunk\teiedit\works\build\W0070\xml\W0070_007.xml
     [xslt] Loading stylesheet D:\Cindy\SVN\trunk\teiedit\works\build\W0070\xsl\W0070_006.xsl
     [xslt] Generated temporary lb/@xml:id.

     [xslt] Extracted tei:lb from pages in the main area of the text.

     [xslt] Numbered tei:lb from the main area.

     [xslt] Extracted tei:lb from the marginal area.

     [xslt] Numbered tei:lb from the marginal area.

     [xslt] INFO: Added line numbers to tei:lb/@n.

     [xslt] INFO: Serializing final output...

     [xslt] INFO: quality check successfull.

     [xslt] Using class org.apache.tools.ant.taskdefs.optional.TraXLiaison
     [xslt] Processing D:\Cindy\SVN\trunk\teiedit\works\build\W0070\xml\W0070_007.xml to D:\Cindy\SVN\trunk\teiedit\works\build\W0070\xml\W0070_008.xml
     [xslt] Loading stylesheet D:\Cindy\SVN\trunk\teiedit\works\build\W0070\xsl\W0070_007.xsl
     [xslt] INFO: quality check successfull.

     [xslt] Using class org.apache.tools.ant.taskdefs.optional.TraXLiaison
     [xslt] Processing D:\Cindy\SVN\trunk\teiedit\works\build\W0070\xml\W0070_008.xml to D:\Cindy\SVN\trunk\teiedit\works\build\W0070\xml\W0070_009a.xml
     [xslt] Loading stylesheet D:\Cindy\SVN\trunk\teiedit\works\build\W0070\xsl\W0070_008.xsl
Apache resolver library not found, internal resolver will be used
     [xslt] INFO: tagged 2 pb as break=no and rendition=#noHyphen

     [xslt] INFO: tagged 7 cb as break=no and rendition=#noHyphen

     [xslt] INFO: tagged 654 lb as break=no and rendition=#noHyphen

     [xslt] INFO: tagged 663 breaks in total as break=no and rendition=#noHyphen

     [xslt] ------------------------------------------------------

     [xslt] INFO: Amount of whitespace characters differs in input and output doc: 

     [xslt] Input whitespace: 143193

     [xslt] Output whitespace: 142520

     [xslt] INFO: quality check successfull.

     [echo] Tagged unmarked hyphenations (es).
     [xslt] Using class org.apache.tools.ant.taskdefs.optional.TraXLiaison
     [xslt] Processing D:\Cindy\SVN\trunk\teiedit\works\build\W0070\xml\W0070_009a.xml to D:\Cindy\SVN\trunk\teiedit\works\build\W0070\xml\W0070_009.xml
     [xslt] Loading stylesheet D:\Cindy\SVN\trunk\teiedit\works\build\W0070\xsl\W0070_008.xsl
Apache resolver library not found, internal resolver will be used
     [xslt] INFO: tagged 0 pb as break=no and rendition=#noHyphen

     [xslt] INFO: tagged 0 cb as break=no and rendition=#noHyphen

     [xslt] INFO: tagged 1 lb as break=no and rendition=#noHyphen

     [xslt] INFO: tagged 1 breaks in total as break=no and rendition=#noHyphen

     [xslt] ------------------------------------------------------

     [xslt] INFO: quality check successfull.

     [xslt] Using class org.apache.tools.ant.taskdefs.optional.TraXLiaison
     [xslt] Processing D:\Cindy\SVN\trunk\teiedit\works\build\W0070\xml\W0070_009.xml to D:\Cindy\SVN\trunk\teiedit\works\build\W0070\xml\W0070_010.xml
     [xslt] Loading stylesheet D:\Cindy\SVN\trunk\teiedit\works\build\W0070\xsl\W0070_009.xsl
