     [java] Executing 'C:\Program Files\Java\jdk1.8.0_192\jre\bin\java.exe' with arguments:
'-Xmx3000m'
'-classpath'
'D:\EscuelaSalamanca\SVN\04-39\trunk\teiedit\lib\xsltproc\Saxon-HE-9.8.0-12.jar'
'net.sf.saxon.Query'
'-q:../../xql/corrList_1_main.xql'
'-s:../../../build/W0006_Vol03/xml/W0006_Vol03_013.xml'
'-o:../../../build/W0006_Vol03/corrlist/W0006_Vol03-la_all-wordforms.html'
'-traceout:#err'
'-t'
'language=la'

The ' characters around the executable and arguments are
not part of the command.
     [java] Saxon-HE 9.8.0.12J from Saxonica
     [java] Java version 1.8.0_192
     [java] Analyzing query from ../../xql/corrList_1_main.xql
     [java] Analysis time: 1347.9472 milliseconds
     [java] Processing file:/D:/EscuelaSalamanca/SVN/04-39/trunk/teiedit/works/corr/build/main/../../../build/W0006_Vol03/xml/W0006_Vol03_013.xml
     [java] Using parser com.sun.org.apache.xerces.internal.jaxp.SAXParserImpl$JAXPSAXParser
     [java] Building tree for file:/D:/EscuelaSalamanca/SVN/04-39/trunk/teiedit/works/corr/build/main/../../../build/W0006_Vol03/xml/W0006_Vol03_013.xml using class net.sf.saxon.tree.tiny.TinyBuilder
     [java] Tree built in 999.1811ms
     [java] Tree size: 240623 nodes, 1851570 characters, 129834 attributes
     [java] Execution time: 31m 34.681012s (1894681.0124ms)
     [java] Memory used: 2003781104
     [java] Executing 'C:\Program Files\Java\jdk1.8.0_192\jre\bin\java.exe' with arguments:
'-Xmx3000m'
'-classpath'
'D:\EscuelaSalamanca\SVN\04-39\trunk\teiedit\lib\xsltproc\Saxon-HE-9.8.0-12.jar'
'net.sf.saxon.Query'
'-q:../../xql/corrList_2_ok.xql'
'-s:../../../build/W0006_Vol03/corrlist/W0006_Vol03-la_all-wordforms.html'
'-o:../../../build/W0006_Vol03/corrlist/W0006_Vol03-la_wordforms-ok.html'
'-traceout:#err'
'-t'

The ' characters around the executable and arguments are
not part of the command.
     [java] Saxon-HE 9.8.0.12J from Saxonica
     [java] Java version 1.8.0_192
     [java] Analyzing query from ../../xql/corrList_2_ok.xql
     [java] Analysis time: 1374.5953 milliseconds
     [java] Processing file:/D:/EscuelaSalamanca/SVN/04-39/trunk/teiedit/works/corr/build/main/../../../build/W0006_Vol03/corrlist/W0006_Vol03-la_all-wordforms.html
     [java] Using parser com.sun.org.apache.xerces.internal.jaxp.SAXParserImpl$JAXPSAXParser
     [java] Building tree for file:/D:/EscuelaSalamanca/SVN/04-39/trunk/teiedit/works/corr/build/main/../../../build/W0006_Vol03/corrlist/W0006_Vol03-la_all-wordforms.html using class net.sf.saxon.tree.tiny.TinyBuilder
     [java] Tree built in 2.668339s (2668.3397ms)
     [java] Tree size: 1755001 nodes, 3444287 characters, 554666 attributes
     [java] Execution time: 2.023778s (2023.7788ms)
     [java] Memory used: 175213904
     [java] Executing 'C:\Program Files\Java\jdk1.8.0_192\jre\bin\java.exe' with arguments:
'-Xmx3000m'
'-classpath'
'D:\EscuelaSalamanca\SVN\04-39\trunk\teiedit\lib\xsltproc\Saxon-HE-9.8.0-12.jar'
'net.sf.saxon.Query'
'-q:../../xql/corrList_2_comp-hyph-dict.xql'
'-s:../../../build/W0006_Vol03/corrlist/W0006_Vol03-la_all-wordforms.html'
'-o:../../../build/W0006_Vol03/corrlist/W0006_Vol03-la_supposed-hyphenations-from-dict.html'
'-traceout:#err'
'-t'

The ' characters around the executable and arguments are
not part of the command.
     [java] Saxon-HE 9.8.0.12J from Saxonica
     [java] Java version 1.8.0_192
     [java] Analyzing query from ../../xql/corrList_2_comp-hyph-dict.xql
     [java] Analysis time: 711.5274 milliseconds
     [java] Processing file:/D:/EscuelaSalamanca/SVN/04-39/trunk/teiedit/works/corr/build/main/../../../build/W0006_Vol03/corrlist/W0006_Vol03-la_all-wordforms.html
     [java] Using parser com.sun.org.apache.xerces.internal.jaxp.SAXParserImpl$JAXPSAXParser
     [java] Building tree for file:/D:/EscuelaSalamanca/SVN/04-39/trunk/teiedit/works/corr/build/main/../../../build/W0006_Vol03/corrlist/W0006_Vol03-la_all-wordforms.html using class net.sf.saxon.tree.tiny.TinyBuilder
     [java] Tree built in 2.22545s (2225.4503ms)
     [java] Tree size: 1755001 nodes, 3444287 characters, 554666 attributes
     [java] Execution time: 495.5486ms
     [java] Memory used: 161880360
     [java] Executing 'C:\Program Files\Java\jdk1.8.0_192\jre\bin\java.exe' with arguments:
'-Xmx3000m'
'-classpath'
'D:\EscuelaSalamanca\SVN\04-39\trunk\teiedit\lib\xsltproc\Saxon-HE-9.8.0-12.jar'
'net.sf.saxon.Query'
'-q:../../xql/corrList_2_comp-hyph-text.xql'
'-s:../../../build/W0006_Vol03/corrlist/W0006_Vol03-la_all-wordforms.html'
'-o:../../../build/W0006_Vol03/corrlist/W0006_Vol03-la_supposed-hyphenations-from-text.html'
'-traceout:#err'
'-t'

The ' characters around the executable and arguments are
not part of the command.
     [java] Saxon-HE 9.8.0.12J from Saxonica
     [java] Java version 1.8.0_192
     [java] Analyzing query from ../../xql/corrList_2_comp-hyph-text.xql
     [java] Analysis time: 781.0308 milliseconds
     [java] Processing file:/D:/EscuelaSalamanca/SVN/04-39/trunk/teiedit/works/corr/build/main/../../../build/W0006_Vol03/corrlist/W0006_Vol03-la_all-wordforms.html
     [java] Using parser com.sun.org.apache.xerces.internal.jaxp.SAXParserImpl$JAXPSAXParser
     [java] Building tree for file:/D:/EscuelaSalamanca/SVN/04-39/trunk/teiedit/works/corr/build/main/../../../build/W0006_Vol03/corrlist/W0006_Vol03-la_all-wordforms.html using class net.sf.saxon.tree.tiny.TinyBuilder
     [java] Tree built in 2.55531s (2555.3109ms)
     [java] Tree size: 1755001 nodes, 3444287 characters, 554666 attributes
     [java] Execution time: 181.579ms
     [java] Memory used: 161451232
     [java] Executing 'C:\Program Files\Java\jdk1.8.0_192\jre\bin\java.exe' with arguments:
'-Xmx3000m'
'-classpath'
'D:\EscuelaSalamanca\SVN\04-39\trunk\teiedit\lib\xsltproc\Saxon-HE-9.8.0-12.jar'
'net.sf.saxon.Query'
'-q:../../xql/corrList_2_words-not-found.xql'
'-s:../../../build/W0006_Vol03/corrlist/W0006_Vol03-la_all-wordforms.html'
'-o:../../../build/W0006_Vol03/corrlist/W0006_Vol03-la_wordforms-not-in-dict.html'
'-traceout:#err'
'-t'

The ' characters around the executable and arguments are
not part of the command.
     [java] Saxon-HE 9.8.0.12J from Saxonica
     [java] Java version 1.8.0_192
     [java] Analyzing query from ../../xql/corrList_2_words-not-found.xql
     [java] Analysis time: 798.4377 milliseconds
     [java] Processing file:/D:/EscuelaSalamanca/SVN/04-39/trunk/teiedit/works/corr/build/main/../../../build/W0006_Vol03/corrlist/W0006_Vol03-la_all-wordforms.html
     [java] Using parser com.sun.org.apache.xerces.internal.jaxp.SAXParserImpl$JAXPSAXParser
     [java] Building tree for file:/D:/EscuelaSalamanca/SVN/04-39/trunk/teiedit/works/corr/build/main/../../../build/W0006_Vol03/corrlist/W0006_Vol03-la_all-wordforms.html using class net.sf.saxon.tree.tiny.TinyBuilder
     [java] Tree built in 2.209498s (2209.498ms)
     [java] Tree size: 1755001 nodes, 3444287 characters, 554666 attributes
     [java] Execution time: 1.195638s (1195.638ms)
     [java] Memory used: 176280064
     [java] Executing 'C:\Program Files\Java\jdk1.8.0_192\jre\bin\java.exe' with arguments:
'-Xmx3000m'
'-classpath'
'D:\EscuelaSalamanca\SVN\04-39\trunk\teiedit\lib\xsltproc\Saxon-HE-9.8.0-12.jar'
'net.sf.saxon.Query'
'-q:../../xql/corrList_2_comp-hyph-nohyph.xql'
'-s:../../../build/W0006_Vol03/corrlist/W0006_Vol03-la_all-wordforms.html'
'-o:../../../build/W0006_Vol03/corrlist/W0006_Vol03-la_unclear-hyphenations_in-dict.html'
'-traceout:#err'
'-t'

The ' characters around the executable and arguments are
not part of the command.
     [java] Saxon-HE 9.8.0.12J from Saxonica
     [java] Java version 1.8.0_192
     [java] Analyzing query from ../../xql/corrList_2_comp-hyph-nohyph.xql
     [java] Analysis time: 783.3603 milliseconds
     [java] Processing file:/D:/EscuelaSalamanca/SVN/04-39/trunk/teiedit/works/corr/build/main/../../../build/W0006_Vol03/corrlist/W0006_Vol03-la_all-wordforms.html
     [java] Using parser com.sun.org.apache.xerces.internal.jaxp.SAXParserImpl$JAXPSAXParser
     [java] Building tree for file:/D:/EscuelaSalamanca/SVN/04-39/trunk/teiedit/works/corr/build/main/../../../build/W0006_Vol03/corrlist/W0006_Vol03-la_all-wordforms.html using class net.sf.saxon.tree.tiny.TinyBuilder
     [java] Tree built in 2.087577s (2087.5772ms)
     [java] Tree size: 1755001 nodes, 3444287 characters, 554666 attributes
     [java] Execution time: 391.7992ms
     [java] Memory used: 159577368
     [java] Executing 'C:\Program Files\Java\jdk1.8.0_192\jre\bin\java.exe' with arguments:
'-Xmx3000m'
'-classpath'
'D:\EscuelaSalamanca\SVN\04-39\trunk\teiedit\lib\xsltproc\Saxon-HE-9.8.0-12.jar'
'net.sf.saxon.Query'
'-q:../../xql/corrList_2_comp-not-found.xql'
'-s:../../../build/W0006_Vol03/corrlist/W0006_Vol03-la_all-wordforms.html'
'-o:../../../build/W0006_Vol03/corrlist/W0006_Vol03-la_unclear-hyphenations_not-in-dict.html'
'-traceout:#err'
'-t'

The ' characters around the executable and arguments are
not part of the command.
     [java] Saxon-HE 9.8.0.12J from Saxonica
     [java] Java version 1.8.0_192
     [java] Analyzing query from ../../xql/corrList_2_comp-not-found.xql
     [java] Analysis time: 865.616 milliseconds
     [java] Processing file:/D:/EscuelaSalamanca/SVN/04-39/trunk/teiedit/works/corr/build/main/../../../build/W0006_Vol03/corrlist/W0006_Vol03-la_all-wordforms.html
     [java] Using parser com.sun.org.apache.xerces.internal.jaxp.SAXParserImpl$JAXPSAXParser
     [java] Building tree for file:/D:/EscuelaSalamanca/SVN/04-39/trunk/teiedit/works/corr/build/main/../../../build/W0006_Vol03/corrlist/W0006_Vol03-la_all-wordforms.html using class net.sf.saxon.tree.tiny.TinyBuilder
     [java] Tree built in 2.289512s (2289.5121ms)
     [java] Tree size: 1755001 nodes, 3444287 characters, 554666 attributes
     [java] Execution time: 919.8484ms
     [java] Memory used: 146125984
     [java] Executing 'C:\Program Files\Java\jdk1.8.0_192\jre\bin\java.exe' with arguments:
'-Xmx3000m'
'-classpath'
'D:\EscuelaSalamanca\SVN\04-39\trunk\teiedit\lib\xsltproc\Saxon-HE-9.8.0-12.jar'
'net.sf.saxon.Query'
'-q:../../xql/corrList_2_words-not-found_sorted.xql'
'-s:../../../build/W0006_Vol03/corrlist/W0006_Vol03-la_all-wordforms.html'
'-o:../../../build/W0006_Vol03/corrlist/W0006_Vol03-la_wordforms-not-in-dict_sorted.html'
'-traceout:#err'
'-t'
'editText=special-chars-only'

The ' characters around the executable and arguments are
not part of the command.
     [java] Saxon-HE 9.8.0.12J from Saxonica
     [java] Java version 1.8.0_192
     [java] Analyzing query from ../../xql/corrList_2_words-not-found_sorted.xql
     [java] Analysis time: 718.4306 milliseconds
     [java] Processing file:/D:/EscuelaSalamanca/SVN/04-39/trunk/teiedit/works/corr/build/main/../../../build/W0006_Vol03/corrlist/W0006_Vol03-la_all-wordforms.html
     [java] Using parser com.sun.org.apache.xerces.internal.jaxp.SAXParserImpl$JAXPSAXParser
     [java] Building tree for file:/D:/EscuelaSalamanca/SVN/04-39/trunk/teiedit/works/corr/build/main/../../../build/W0006_Vol03/corrlist/W0006_Vol03-la_all-wordforms.html using class net.sf.saxon.tree.tiny.TinyBuilder
     [java] Tree built in 2.176329s (2176.3292ms)
     [java] Tree size: 1755001 nodes, 3444287 characters, 554666 attributes
     [java] Execution time: 1.551273s (1551.2738ms)
     [java] Memory used: 223748800
