     [java] Executing 'C:\Users\cricocar\AppData\Local\Programs\Oxygen XML Editor 26\jre\bin\java.exe' with arguments:
'-Xmx3000m'
'-classpath'
'D:\Cindy\SVN\trunk\teiedit\lib\xsltproc\Saxon-HE-9.8.0-12.jar'
'net.sf.saxon.Query'
'-q:../../xql/corrList_1_main.xql'
'-s:../../../build/W0112_Vol01/xml/W0112_Vol01_011.xml'
'-o:../../../build/W0112_Vol01/corrlist/W0112_Vol01-es_all-wordforms.html'
'-traceout:#err'
'-t'
'language=es'

The ' characters around the executable and arguments are
not part of the command.
     [java] Saxon-HE 9.8.0.12J from Saxonica
     [java] Java version 17.0.8
     [java] Analyzing query from ../../xql/corrList_1_main.xql
     [java] Analysis time: 539.65 milliseconds
     [java] Processing file:/D:/Cindy/SVN/trunk/teiedit/works/corr/build/main/../../../build/W0112_Vol01/xml/W0112_Vol01_011.xml
     [java] Using parser com.sun.org.apache.xerces.internal.jaxp.SAXParserImpl$JAXPSAXParser
     [java] Building tree for file:/D:/Cindy/SVN/trunk/teiedit/works/corr/build/main/../../../build/W0112_Vol01/xml/W0112_Vol01_011.xml using class net.sf.saxon.tree.tiny.TinyBuilder
     [java] Tree built in 578.9697ms
     [java] Tree size: 859171 nodes, 3849203 characters, 402146 attributes
     [java] Execution time: 1h 36m 51.035393s (5811035.3933ms)
     [java] Memory used: 1601970432
     [java] Executing 'C:\Users\cricocar\AppData\Local\Programs\Oxygen XML Editor 26\jre\bin\java.exe' with arguments:
'-Xmx3000m'
'-classpath'
'D:\Cindy\SVN\trunk\teiedit\lib\xsltproc\Saxon-HE-9.8.0-12.jar'
'net.sf.saxon.Query'
'-q:../../xql/corrList_2_ok.xql'
'-s:../../../build/W0112_Vol01/corrlist/W0112_Vol01-es_all-wordforms.html'
'-o:../../../build/W0112_Vol01/corrlist/W0112_Vol01-es_wordforms-ok.html'
'-traceout:#err'
'-t'

The ' characters around the executable and arguments are
not part of the command.
     [java] Saxon-HE 9.8.0.12J from Saxonica
     [java] Java version 17.0.8
     [java] Analyzing query from ../../xql/corrList_2_ok.xql
     [java] Analysis time: 396.9736 milliseconds
     [java] Processing file:/D:/Cindy/SVN/trunk/teiedit/works/corr/build/main/../../../build/W0112_Vol01/corrlist/W0112_Vol01-es_all-wordforms.html
     [java] Using parser com.sun.org.apache.xerces.internal.jaxp.SAXParserImpl$JAXPSAXParser
     [java] Building tree for file:/D:/Cindy/SVN/trunk/teiedit/works/corr/build/main/../../../build/W0112_Vol01/corrlist/W0112_Vol01-es_all-wordforms.html using class net.sf.saxon.tree.tiny.TinyBuilder
     [java] Tree built in 1.043203s (1043.2038ms)
     [java] Tree size: 2635318 nodes, 4980873 characters, 879403 attributes
     [java] Execution time: 709.0646ms
     [java] Memory used: 257402544
     [java] Executing 'C:\Users\cricocar\AppData\Local\Programs\Oxygen XML Editor 26\jre\bin\java.exe' with arguments:
'-Xmx3000m'
'-classpath'
'D:\Cindy\SVN\trunk\teiedit\lib\xsltproc\Saxon-HE-9.8.0-12.jar'
'net.sf.saxon.Query'
'-q:../../xql/corrList_2_comp-hyph-dict.xql'
'-s:../../../build/W0112_Vol01/corrlist/W0112_Vol01-es_all-wordforms.html'
'-o:../../../build/W0112_Vol01/corrlist/W0112_Vol01-es_supposed-hyphenations-from-dict.html'
'-traceout:#err'
'-t'

The ' characters around the executable and arguments are
not part of the command.
     [java] Saxon-HE 9.8.0.12J from Saxonica
     [java] Java version 17.0.8
     [java] Analyzing query from ../../xql/corrList_2_comp-hyph-dict.xql
     [java] Analysis time: 405.4634 milliseconds
     [java] Processing file:/D:/Cindy/SVN/trunk/teiedit/works/corr/build/main/../../../build/W0112_Vol01/corrlist/W0112_Vol01-es_all-wordforms.html
     [java] Using parser com.sun.org.apache.xerces.internal.jaxp.SAXParserImpl$JAXPSAXParser
     [java] Building tree for file:/D:/Cindy/SVN/trunk/teiedit/works/corr/build/main/../../../build/W0112_Vol01/corrlist/W0112_Vol01-es_all-wordforms.html using class net.sf.saxon.tree.tiny.TinyBuilder
     [java] Tree built in 1.019037s (1019.0375ms)
     [java] Tree size: 2635318 nodes, 4980873 characters, 879403 attributes
     [java] Execution time: 120.2201ms
     [java] Memory used: 217404488
     [java] Executing 'C:\Users\cricocar\AppData\Local\Programs\Oxygen XML Editor 26\jre\bin\java.exe' with arguments:
'-Xmx3000m'
'-classpath'
'D:\Cindy\SVN\trunk\teiedit\lib\xsltproc\Saxon-HE-9.8.0-12.jar'
'net.sf.saxon.Query'
'-q:../../xql/corrList_2_comp-hyph-text.xql'
'-s:../../../build/W0112_Vol01/corrlist/W0112_Vol01-es_all-wordforms.html'
'-o:../../../build/W0112_Vol01/corrlist/W0112_Vol01-es_supposed-hyphenations-from-text.html'
'-traceout:#err'
'-t'

The ' characters around the executable and arguments are
not part of the command.
     [java] Saxon-HE 9.8.0.12J from Saxonica
     [java] Java version 17.0.8
     [java] Analyzing query from ../../xql/corrList_2_comp-hyph-text.xql
     [java] Analysis time: 398.3629 milliseconds
     [java] Processing file:/D:/Cindy/SVN/trunk/teiedit/works/corr/build/main/../../../build/W0112_Vol01/corrlist/W0112_Vol01-es_all-wordforms.html
     [java] Using parser com.sun.org.apache.xerces.internal.jaxp.SAXParserImpl$JAXPSAXParser
     [java] Building tree for file:/D:/Cindy/SVN/trunk/teiedit/works/corr/build/main/../../../build/W0112_Vol01/corrlist/W0112_Vol01-es_all-wordforms.html using class net.sf.saxon.tree.tiny.TinyBuilder
     [java] Tree built in 1.025645s (1025.6457ms)
     [java] Tree size: 2635318 nodes, 4980873 characters, 879403 attributes
     [java] Execution time: 120.9392ms
     [java] Memory used: 228195640
     [java] Executing 'C:\Users\cricocar\AppData\Local\Programs\Oxygen XML Editor 26\jre\bin\java.exe' with arguments:
'-Xmx3000m'
'-classpath'
'D:\Cindy\SVN\trunk\teiedit\lib\xsltproc\Saxon-HE-9.8.0-12.jar'
'net.sf.saxon.Query'
'-q:../../xql/corrList_2_words-not-found.xql'
'-s:../../../build/W0112_Vol01/corrlist/W0112_Vol01-es_all-wordforms.html'
'-o:../../../build/W0112_Vol01/corrlist/W0112_Vol01-es_wordforms-not-in-dict.html'
'-traceout:#err'
'-t'

The ' characters around the executable and arguments are
not part of the command.
     [java] Saxon-HE 9.8.0.12J from Saxonica
     [java] Java version 17.0.8
     [java] Analyzing query from ../../xql/corrList_2_words-not-found.xql
     [java] Analysis time: 394.1689 milliseconds
     [java] Processing file:/D:/Cindy/SVN/trunk/teiedit/works/corr/build/main/../../../build/W0112_Vol01/corrlist/W0112_Vol01-es_all-wordforms.html
     [java] Using parser com.sun.org.apache.xerces.internal.jaxp.SAXParserImpl$JAXPSAXParser
     [java] Building tree for file:/D:/Cindy/SVN/trunk/teiedit/works/corr/build/main/../../../build/W0112_Vol01/corrlist/W0112_Vol01-es_all-wordforms.html using class net.sf.saxon.tree.tiny.TinyBuilder
     [java] Tree built in 1.046758s (1046.758ms)
     [java] Tree size: 2635318 nodes, 4980873 characters, 879403 attributes
     [java] Execution time: 543.2796ms
     [java] Memory used: 165425664
     [java] Executing 'C:\Users\cricocar\AppData\Local\Programs\Oxygen XML Editor 26\jre\bin\java.exe' with arguments:
'-Xmx3000m'
'-classpath'
'D:\Cindy\SVN\trunk\teiedit\lib\xsltproc\Saxon-HE-9.8.0-12.jar'
'net.sf.saxon.Query'
'-q:../../xql/corrList_2_comp-hyph-nohyph.xql'
'-s:../../../build/W0112_Vol01/corrlist/W0112_Vol01-es_all-wordforms.html'
'-o:../../../build/W0112_Vol01/corrlist/W0112_Vol01-es_unclear-hyphenations_in-dict.html'
'-traceout:#err'
'-t'

The ' characters around the executable and arguments are
not part of the command.
     [java] Saxon-HE 9.8.0.12J from Saxonica
     [java] Java version 17.0.8
     [java] Analyzing query from ../../xql/corrList_2_comp-hyph-nohyph.xql
     [java] Analysis time: 406.4879 milliseconds
     [java] Processing file:/D:/Cindy/SVN/trunk/teiedit/works/corr/build/main/../../../build/W0112_Vol01/corrlist/W0112_Vol01-es_all-wordforms.html
     [java] Using parser com.sun.org.apache.xerces.internal.jaxp.SAXParserImpl$JAXPSAXParser
     [java] Building tree for file:/D:/Cindy/SVN/trunk/teiedit/works/corr/build/main/../../../build/W0112_Vol01/corrlist/W0112_Vol01-es_all-wordforms.html using class net.sf.saxon.tree.tiny.TinyBuilder
     [java] Tree built in 979.4841ms
     [java] Tree size: 2635318 nodes, 4980873 characters, 879403 attributes
     [java] Execution time: 154.2602ms
     [java] Memory used: 279176360
     [java] Executing 'C:\Users\cricocar\AppData\Local\Programs\Oxygen XML Editor 26\jre\bin\java.exe' with arguments:
'-Xmx3000m'
'-classpath'
'D:\Cindy\SVN\trunk\teiedit\lib\xsltproc\Saxon-HE-9.8.0-12.jar'
'net.sf.saxon.Query'
'-q:../../xql/corrList_2_comp-not-found.xql'
'-s:../../../build/W0112_Vol01/corrlist/W0112_Vol01-es_all-wordforms.html'
'-o:../../../build/W0112_Vol01/corrlist/W0112_Vol01-es_unclear-hyphenations_not-in-dict.html'
'-traceout:#err'
'-t'

The ' characters around the executable and arguments are
not part of the command.
     [java] Saxon-HE 9.8.0.12J from Saxonica
     [java] Java version 17.0.8
     [java] Analyzing query from ../../xql/corrList_2_comp-not-found.xql
     [java] Analysis time: 397.1011 milliseconds
     [java] Processing file:/D:/Cindy/SVN/trunk/teiedit/works/corr/build/main/../../../build/W0112_Vol01/corrlist/W0112_Vol01-es_all-wordforms.html
     [java] Using parser com.sun.org.apache.xerces.internal.jaxp.SAXParserImpl$JAXPSAXParser
     [java] Building tree for file:/D:/Cindy/SVN/trunk/teiedit/works/corr/build/main/../../../build/W0112_Vol01/corrlist/W0112_Vol01-es_all-wordforms.html using class net.sf.saxon.tree.tiny.TinyBuilder
     [java] Tree built in 1.057262s (1057.2621ms)
     [java] Tree size: 2635318 nodes, 4980873 characters, 879403 attributes
     [java] Execution time: 250.7544ms
     [java] Memory used: 165276608
     [java] Executing 'C:\Users\cricocar\AppData\Local\Programs\Oxygen XML Editor 26\jre\bin\java.exe' with arguments:
'-Xmx3000m'
'-classpath'
'D:\Cindy\SVN\trunk\teiedit\lib\xsltproc\Saxon-HE-9.8.0-12.jar'
'net.sf.saxon.Query'
'-q:../../xql/corrList_2_words-not-found_sorted.xql'
'-s:../../../build/W0112_Vol01/corrlist/W0112_Vol01-es_all-wordforms.html'
'-o:../../../build/W0112_Vol01/corrlist/W0112_Vol01-es_wordforms-not-in-dict_sorted.html'
'-traceout:#err'
'-t'
'editText=special-chars-only'

The ' characters around the executable and arguments are
not part of the command.
     [java] Saxon-HE 9.8.0.12J from Saxonica
     [java] Java version 17.0.8
     [java] Analyzing query from ../../xql/corrList_2_words-not-found_sorted.xql
     [java] Analysis time: 455.4109 milliseconds
     [java] Processing file:/D:/Cindy/SVN/trunk/teiedit/works/corr/build/main/../../../build/W0112_Vol01/corrlist/W0112_Vol01-es_all-wordforms.html
     [java] Using parser com.sun.org.apache.xerces.internal.jaxp.SAXParserImpl$JAXPSAXParser
     [java] Building tree for file:/D:/Cindy/SVN/trunk/teiedit/works/corr/build/main/../../../build/W0112_Vol01/corrlist/W0112_Vol01-es_all-wordforms.html using class net.sf.saxon.tree.tiny.TinyBuilder
     [java] Tree built in 1.054045s (1054.0455ms)
     [java] Tree size: 2635318 nodes, 4980873 characters, 879403 attributes
     [java] Execution time: 467.2329ms
     [java] Memory used: 270962824
