     [xslt] Using class org.apache.tools.ant.taskdefs.optional.TraXLiaison
     [xslt] Processing D:\SVN\trunk\teiedit\works\build\W0018\xml\W0018_013.xml to D:\SVN\trunk\teiedit\works\build\W0018\xml\W0018_014.xml
     [xslt] Loading stylesheet D:\SVN\trunk\teiedit\works\build\W0018\xsl\W0018_013.xsl
     [xslt] INFO: quality check successfull.

     [xslt] Using class org.apache.tools.ant.taskdefs.optional.TraXLiaison
     [xslt] Processing D:\SVN\trunk\teiedit\works\build\W0018\xml\W0018_014.xml to D:\SVN\trunk\teiedit\works\build\W0018\xml\W0018_015.xml
     [xslt] Loading stylesheet D:\SVN\trunk\teiedit\works\build\W0018\xsl\W0018_014.xsl
     [xslt] INFO: identified 0 *pb* as primary no-break that were not previously marked as such.

     [xslt] INFO: identified 0 *cb* as primary no-break that were not previously marked as such.

     [xslt] INFO: identified 0 *cb* as secondary break that were not previously marked as no-break at all.

     [xslt] INFO: identified 0 *cb* as secondary break that were previously marked as primary no-break.

     [xslt] INFO: identified 0 *lb* as primary no-break that were not previously marked as such.

     [xslt] INFO: identified 0 *lb* as secondary break that were not previously marked as no-break at all.

     [xslt] INFO: identified 0 *lb* as secondary break that were previously marked as primary no-break.

     [xslt] INFO: replaced trailing whitespace in 0 text nodes before primary no-breaks.

     [xslt] INFO: replaced trailing whitespace in 0 text nodes before secondary no-breaks.

     [xslt] Input whitespace: 25762

     [xslt] Output whitespace: 25762

     [xslt] ---------------------------------------------------------

     [xslt] INFO: quality check successfull.

     [xslt] Using class org.apache.tools.ant.taskdefs.optional.TraXLiaison
     [xslt] Processing D:\SVN\trunk\teiedit\works\build\W0018\xml\W0018_015.xml to D:\SVN\trunk\teiedit\works\build\W0018\xml\W0018_016.xml
     [xslt] Loading stylesheet D:\SVN\trunk\teiedit\works\build\W0018\xsl\W0018_015.xsl
     [xslt] INFO: quality check successfull.

     [xslt] INFO: added 3 choice/*[2]/pb.

     [xslt] INFO: added 0 choice/*[2]/cb.

     [xslt] INFO: added 112 choice/*[2]/lb.

     [xslt] Using class org.apache.tools.ant.taskdefs.optional.TraXLiaison
     [xslt] Processing D:\SVN\trunk\teiedit\works\build\W0018\xml\W0018_016.xml to D:\SVN\trunk\teiedit\works\build\W0018\xml\W0018_017.xml
     [xslt] Loading stylesheet D:\SVN\trunk\teiedit\works\build\W0018\xsl\W0018_016.xsl
Apache resolver library not found, internal resolver will be used
     [xslt] INFO: added 9 special character tags (tei:g).

     [xslt] INFO: quality check successfull.

     [xslt] Using class org.apache.tools.ant.taskdefs.optional.TraXLiaison
     [xslt] Processing D:\SVN\trunk\teiedit\works\build\W0018\xml\W0018_017.xml to D:\SVN\trunk\teiedit\works\build\W0018\xml\W0018_018.xml
     [xslt] Loading stylesheet D:\SVN\trunk\teiedit\works\build\W0018\xsl\W0018_017.xsl
     [xslt] Using class org.apache.tools.ant.taskdefs.optional.TraXLiaison
     [xslt] Processing D:\SVN\trunk\teiedit\works\build\W0018\xml\W0018_018.xml to D:\SVN\trunk\teiedit\works\build\W0018\xml\W0018_019.xml
     [xslt] Loading stylesheet D:\SVN\trunk\teiedit\works\build\W0018\xsl\W0018_018.xsl
     [xslt] INFO: amount of whitespace characters differs in input and output doc: 

     [xslt] Input whitespace: 25762

     [xslt] Output whitespace: 25704

     [xslt] 

     [xslt] INFO: amount of non-whitespace characters differs in input and output doc: 

     [xslt] Input characters: 120105

     [xslt] Output characters: 119979

     [xslt] 

     [xslt] INFO: different amount of input and output pb/cb/lb: 

     [xslt] Input pb: 71 | cb: 0 | lb: 2596

     [xslt] Output pb: 71 | cb: 0 | lb: 2567

     [xslt] 

     [xslt] INFO: quality check successfull.

     [xslt] Using class org.apache.tools.ant.taskdefs.optional.TraXLiaison
     [xslt] Processing D:\SVN\trunk\teiedit\works\build\W0018\xml\W0018_019.xml to D:\SVN\trunk\teiedit\works\build\W0018\xml\W0018_020.xml
     [xslt] Loading stylesheet D:\SVN\trunk\teiedit\works\build\W0018\xsl\W0018_019.xsl
     [xslt] Generated temporary lb/@xml:id.

     [xslt] Extracted tei:lb from pages in the main area of the text.

     [xslt] Numbered tei:lb from the main area.

     [xslt] Extracted tei:lb from the marginal area.

     [xslt] Numbered tei:lb from the marginal area.

     [xslt] INFO: Added line numbers to tei:lb/@n.

     [xslt] INFO: Serializing final output...

     [xslt] INFO: quality check successfull.

     [xslt] Using class org.apache.tools.ant.taskdefs.optional.TraXLiaison
     [xslt] Processing D:\SVN\trunk\teiedit\works\build\W0018\xml\W0018_020.xml to D:\SVN\trunk\teiedit\works\build\W0018\xml\W0018_021.xml
     [xslt] Loading stylesheet D:\SVN\trunk\teiedit\works\build\W0018\xsl\W0018_020.xsl
     [xslt] INFO: quality check successfull.

