     [xslt] Using class org.apache.tools.ant.taskdefs.optional.TraXLiaison
     [xslt] Processing D:\Cindy\SVN\trunk\teiedit\works\build\W0037_Vol04\xml\W0037_Vol04_016.xml to D:\Cindy\SVN\trunk\teiedit\works\build\W0037_Vol04\xml\W0037_Vol04_017.xml
     [xslt] Loading stylesheet D:\Cindy\SVN\trunk\teiedit\works\build\W0037_Vol04\xsl\W0037_Vol04_016.xsl
     [xslt] WARN: found choice element with empty child, in line W0037-04-0135-lb-1023 :

     [xslt] 	child::tei:sic (child 1) has content: "vel in"

     [xslt] 	child::tei:corr (child 2) has content: ""

     [xslt] WARN: found choice element with at least one child that has a whitespace-containing text node, in line W0037-04-0135-lb-1023 :

     [xslt] 	child::tei:sic (child 1) has content: "vel in"

     [xslt] 	child::tei:corr (child 2) has content: ""

     [xslt] INFO: quality check successfull.

     [xslt] Using class org.apache.tools.ant.taskdefs.optional.TraXLiaison
     [xslt] Processing D:\Cindy\SVN\trunk\teiedit\works\build\W0037_Vol04\xml\W0037_Vol04_017.xml to D:\Cindy\SVN\trunk\teiedit\works\build\W0037_Vol04\xml\W0037_Vol04_018.xml
     [xslt] Loading stylesheet D:\Cindy\SVN\trunk\teiedit\works\build\W0037_Vol04\xsl\W0037_Vol04_017.xsl
     [xslt] INFO: identified 2 *pb* as primary no-break that were not previously marked as such.

     [xslt] INFO: identified 3 *cb* as primary no-break that were not previously marked as such.

     [xslt] INFO: identified 2 *cb* as secondary break that were not previously marked as no-break at all.

     [xslt] INFO: identified 0 *cb* as secondary break that were previously marked as primary no-break.

     [xslt] INFO: identified 0 *lb* as primary no-break that were not previously marked as such.

     [xslt] INFO: identified 0 *lb* as secondary break that were not previously marked as no-break at all.

     [xslt] INFO: identified 5 *lb* as secondary break that were previously marked as primary no-break.

     [xslt] INFO: replaced trailing whitespace in 0 text nodes before primary no-breaks.

     [xslt] INFO: replaced trailing whitespace in 0 text nodes before secondary no-breaks.

     [xslt] Input whitespace: 779327

     [xslt] Output whitespace: 779327

     [xslt] ---------------------------------------------------------

     [xslt] INFO: quality check successfull.

     [xslt] Using class org.apache.tools.ant.taskdefs.optional.TraXLiaison
     [xslt] Processing D:\Cindy\SVN\trunk\teiedit\works\build\W0037_Vol04\xml\W0037_Vol04_018.xml to D:\Cindy\SVN\trunk\teiedit\works\build\W0037_Vol04\xml\W0037_Vol04_019.xml
     [xslt] Loading stylesheet D:\Cindy\SVN\trunk\teiedit\works\build\W0037_Vol04\xsl\W0037_Vol04_018.xsl
     [xslt] INFO: quality check successfull.

     [xslt] INFO: added 0 choice/*[2]/pb.

     [xslt] INFO: added 0 choice/*[2]/cb.

     [xslt] INFO: added 184 choice/*[2]/lb.

     [xslt] Using class org.apache.tools.ant.taskdefs.optional.TraXLiaison
     [xslt] Processing D:\Cindy\SVN\trunk\teiedit\works\build\W0037_Vol04\xml\W0037_Vol04_019.xml to D:\Cindy\SVN\trunk\teiedit\works\build\W0037_Vol04\xml\W0037_Vol04_020.xml
     [xslt] Loading stylesheet D:\Cindy\SVN\trunk\teiedit\works\build\W0037_Vol04\xsl\W0037_Vol04_019.xsl
Apache resolver library not found, internal resolver will be used
     [xslt] INFO: added 44 special character tags (tei:g).

     [xslt] INFO: quality check successfull.

     [xslt] Using class org.apache.tools.ant.taskdefs.optional.TraXLiaison
     [xslt] Processing D:\Cindy\SVN\trunk\teiedit\works\build\W0037_Vol04\xml\W0037_Vol04_020.xml to D:\Cindy\SVN\trunk\teiedit\works\build\W0037_Vol04\xml\W0037_Vol04_021.xml
     [xslt] Loading stylesheet D:\Cindy\SVN\trunk\teiedit\works\build\W0037_Vol04\xsl\W0037_Vol04_020.xsl
     [xslt] Using class org.apache.tools.ant.taskdefs.optional.TraXLiaison
     [xslt] Processing D:\Cindy\SVN\trunk\teiedit\works\build\W0037_Vol04\xml\W0037_Vol04_021.xml to D:\Cindy\SVN\trunk\teiedit\works\build\W0037_Vol04\xml\W0037_Vol04_022.xml
     [xslt] Loading stylesheet D:\Cindy\SVN\trunk\teiedit\works\build\W0037_Vol04\xsl\W0037_Vol04_021.xsl
     [xslt] Generated temporary lb/@xml:id.

     [xslt] Extracted tei:lb from pages in the main area of the text.

     [xslt] Numbered tei:lb from the main area.

     [xslt] Extracted tei:lb from the marginal area.

     [xslt] Numbered tei:lb from the marginal area.

     [xslt] INFO: Added line numbers to tei:lb/@n.

     [xslt] INFO: Serializing final output...

     [xslt] INFO: quality check successfull.

     [xslt] Using class org.apache.tools.ant.taskdefs.optional.TraXLiaison
     [xslt] Processing D:\Cindy\SVN\trunk\teiedit\works\build\W0037_Vol04\xml\W0037_Vol04_022.xml to D:\Cindy\SVN\trunk\teiedit\works\build\W0037_Vol04\xml\W0037_Vol04_023.xml
     [xslt] Loading stylesheet D:\Cindy\SVN\trunk\teiedit\works\build\W0037_Vol04\xsl\W0037_Vol04_022.xsl
     [xslt] INFO: quality check successfull.

