     [java] Executing 'C:\Program Files (x86)\Java\jdk-16.0.2\bin\java.exe' with arguments:
'-Xmx3000m'
'-classpath'
'D:\SVN\trunk\teiedit\lib\xsltproc\Saxon-HE-9.8.0-12.jar'
'net.sf.saxon.Query'
'-q:../../xql/corrList_1_marginals.xql'
'-s:../../../build/W0013_Vol02/xml/W0013_Vol02_114.xml'
'-o:../../../build/W0013_Vol02/corrlist/marginals/W0013_Vol02-marg-la_all-wordforms.html'
'-traceout:#err'
'-t'
'language=la'

The ' characters around the executable and arguments are
not part of the command.
     [java] Saxon-HE 9.8.0.12J from Saxonica
     [java] Java version 16.0.2
     [java] Analyzing query from ../../xql/corrList_1_marginals.xql
     [java] Analysis time: 716.9201 milliseconds
     [java] Processing file:/D:/SVN/trunk/teiedit/works/corr/build/marginals/../../../build/W0013_Vol02/xml/W0013_Vol02_114.xml
     [java] Using parser com.sun.org.apache.xerces.internal.jaxp.SAXParserImpl$JAXPSAXParser
     [java] Building tree for file:/D:/SVN/trunk/teiedit/works/corr/build/marginals/../../../build/W0013_Vol02/xml/W0013_Vol02_114.xml using class net.sf.saxon.tree.tiny.TinyBuilder
     [java] Tree built in 247.2596ms
     [java] Tree size: 99999 nodes, 590919 characters, 55099 attributes
     [java] Execution time: 38.636974s (38636.9741ms)
     [java] Memory used: 1420590080
     [java] Executing 'C:\Program Files (x86)\Java\jdk-16.0.2\bin\java.exe' with arguments:
'-Xmx3000m'
'-classpath'
'D:\SVN\trunk\teiedit\lib\xsltproc\Saxon-HE-9.8.0-12.jar'
'net.sf.saxon.Query'
'-q:../../xql/corrList_2_ok.xql'
'-s:../../../build/W0013_Vol02/corrlist/marginals/W0013_Vol02-marg-la_all-wordforms.html'
'-o:../../../build/W0013_Vol02/corrlist/marginals/W0013_Vol02-marg-la_wordforms-ok.html'
'-traceout:#err'
'-t'

The ' characters around the executable and arguments are
not part of the command.
     [java] Saxon-HE 9.8.0.12J from Saxonica
     [java] Java version 16.0.2
     [java] Analyzing query from ../../xql/corrList_2_ok.xql
     [java] Analysis time: 612.6899 milliseconds
     [java] Processing file:/D:/SVN/trunk/teiedit/works/corr/build/marginals/../../../build/W0013_Vol02/corrlist/marginals/W0013_Vol02-marg-la_all-wordforms.html
     [java] Using parser com.sun.org.apache.xerces.internal.jaxp.SAXParserImpl$JAXPSAXParser
     [java] Building tree for file:/D:/SVN/trunk/teiedit/works/corr/build/marginals/../../../build/W0013_Vol02/corrlist/marginals/W0013_Vol02-marg-la_all-wordforms.html using class net.sf.saxon.tree.tiny.TinyBuilder
     [java] Tree built in 6.6236ms
     [java] Tree size: 526 nodes, 738 characters, 132 attributes
     [java] Execution time: 27.5244ms
     [java] Memory used: 22396456
     [java] Executing 'C:\Program Files (x86)\Java\jdk-16.0.2\bin\java.exe' with arguments:
'-Xmx3000m'
'-classpath'
'D:\SVN\trunk\teiedit\lib\xsltproc\Saxon-HE-9.8.0-12.jar'
'net.sf.saxon.Query'
'-q:../../xql/corrList_2_comp-hyph-dict.xql'
'-s:../../../build/W0013_Vol02/corrlist/marginals/W0013_Vol02-marg-la_all-wordforms.html'
'-o:../../../build/W0013_Vol02/corrlist/marginals/W0013_Vol02-marg-la_supposed-hyphenations-from-dict.html'
'-traceout:#err'
'-t'

The ' characters around the executable and arguments are
not part of the command.
     [java] Saxon-HE 9.8.0.12J from Saxonica
     [java] Java version 16.0.2
     [java] Analyzing query from ../../xql/corrList_2_comp-hyph-dict.xql
     [java] Analysis time: 553.3722 milliseconds
     [java] Processing file:/D:/SVN/trunk/teiedit/works/corr/build/marginals/../../../build/W0013_Vol02/corrlist/marginals/W0013_Vol02-marg-la_all-wordforms.html
     [java] Using parser com.sun.org.apache.xerces.internal.jaxp.SAXParserImpl$JAXPSAXParser
     [java] Building tree for file:/D:/SVN/trunk/teiedit/works/corr/build/marginals/../../../build/W0013_Vol02/corrlist/marginals/W0013_Vol02-marg-la_all-wordforms.html using class net.sf.saxon.tree.tiny.TinyBuilder
     [java] Tree built in 4.764ms
     [java] Tree size: 526 nodes, 738 characters, 132 attributes
     [java] Execution time: 23.4334ms
     [java] Memory used: 22180672
     [java] Executing 'C:\Program Files (x86)\Java\jdk-16.0.2\bin\java.exe' with arguments:
'-Xmx3000m'
'-classpath'
'D:\SVN\trunk\teiedit\lib\xsltproc\Saxon-HE-9.8.0-12.jar'
'net.sf.saxon.Query'
'-q:../../xql/corrList_2_comp-hyph-text.xql'
'-s:../../../build/W0013_Vol02/corrlist/marginals/W0013_Vol02-marg-la_all-wordforms.html'
'-o:../../../build/W0013_Vol02/corrlist/marginals/W0013_Vol02-marg-la_supposed-hyphenations-from-text.html'
'-traceout:#err'
'-t'

The ' characters around the executable and arguments are
not part of the command.
     [java] Saxon-HE 9.8.0.12J from Saxonica
     [java] Java version 16.0.2
     [java] Analyzing query from ../../xql/corrList_2_comp-hyph-text.xql
     [java] Analysis time: 525.0322 milliseconds
     [java] Processing file:/D:/SVN/trunk/teiedit/works/corr/build/marginals/../../../build/W0013_Vol02/corrlist/marginals/W0013_Vol02-marg-la_all-wordforms.html
     [java] Using parser com.sun.org.apache.xerces.internal.jaxp.SAXParserImpl$JAXPSAXParser
     [java] Building tree for file:/D:/SVN/trunk/teiedit/works/corr/build/marginals/../../../build/W0013_Vol02/corrlist/marginals/W0013_Vol02-marg-la_all-wordforms.html using class net.sf.saxon.tree.tiny.TinyBuilder
     [java] Tree built in 5.1296ms
     [java] Tree size: 526 nodes, 738 characters, 132 attributes
     [java] Execution time: 28.2952ms
     [java] Memory used: 22312176
     [java] Executing 'C:\Program Files (x86)\Java\jdk-16.0.2\bin\java.exe' with arguments:
'-Xmx3000m'
'-classpath'
'D:\SVN\trunk\teiedit\lib\xsltproc\Saxon-HE-9.8.0-12.jar'
'net.sf.saxon.Query'
'-q:../../xql/corrList_2_words-not-found.xql'
'-s:../../../build/W0013_Vol02/corrlist/marginals/W0013_Vol02-marg-la_all-wordforms.html'
'-o:../../../build/W0013_Vol02/corrlist/marginals/W0013_Vol02-marg-la_wordforms-not-in-dict.html'
'-traceout:#err'
'-t'

The ' characters around the executable and arguments are
not part of the command.
     [java] Saxon-HE 9.8.0.12J from Saxonica
     [java] Java version 16.0.2
     [java] Analyzing query from ../../xql/corrList_2_words-not-found.xql
     [java] Analysis time: 521.1527 milliseconds
     [java] Processing file:/D:/SVN/trunk/teiedit/works/corr/build/marginals/../../../build/W0013_Vol02/corrlist/marginals/W0013_Vol02-marg-la_all-wordforms.html
     [java] Using parser com.sun.org.apache.xerces.internal.jaxp.SAXParserImpl$JAXPSAXParser
     [java] Building tree for file:/D:/SVN/trunk/teiedit/works/corr/build/marginals/../../../build/W0013_Vol02/corrlist/marginals/W0013_Vol02-marg-la_all-wordforms.html using class net.sf.saxon.tree.tiny.TinyBuilder
     [java] Tree built in 5.5629ms
     [java] Tree size: 526 nodes, 738 characters, 132 attributes
     [java] Execution time: 25.8636ms
     [java] Memory used: 22426800
     [java] Executing 'C:\Program Files (x86)\Java\jdk-16.0.2\bin\java.exe' with arguments:
'-Xmx3000m'
'-classpath'
'D:\SVN\trunk\teiedit\lib\xsltproc\Saxon-HE-9.8.0-12.jar'
'net.sf.saxon.Query'
'-q:../../xql/corrList_2_comp-hyph-nohyph.xql'
'-s:../../../build/W0013_Vol02/corrlist/marginals/W0013_Vol02-marg-la_all-wordforms.html'
'-o:../../../build/W0013_Vol02/corrlist/marginals/W0013_Vol02-marg-la_unclear-hyphenations_in-dict.html'
'-traceout:#err'
'-t'

The ' characters around the executable and arguments are
not part of the command.
     [java] Saxon-HE 9.8.0.12J from Saxonica
     [java] Java version 16.0.2
     [java] Analyzing query from ../../xql/corrList_2_comp-hyph-nohyph.xql
     [java] Analysis time: 546.2528 milliseconds
     [java] Processing file:/D:/SVN/trunk/teiedit/works/corr/build/marginals/../../../build/W0013_Vol02/corrlist/marginals/W0013_Vol02-marg-la_all-wordforms.html
     [java] Using parser com.sun.org.apache.xerces.internal.jaxp.SAXParserImpl$JAXPSAXParser
     [java] Building tree for file:/D:/SVN/trunk/teiedit/works/corr/build/marginals/../../../build/W0013_Vol02/corrlist/marginals/W0013_Vol02-marg-la_all-wordforms.html using class net.sf.saxon.tree.tiny.TinyBuilder
     [java] Tree built in 6.323ms
     [java] Tree size: 526 nodes, 738 characters, 132 attributes
     [java] Execution time: 27.2465ms
     [java] Memory used: 22202704
     [java] Executing 'C:\Program Files (x86)\Java\jdk-16.0.2\bin\java.exe' with arguments:
'-Xmx3000m'
'-classpath'
'D:\SVN\trunk\teiedit\lib\xsltproc\Saxon-HE-9.8.0-12.jar'
'net.sf.saxon.Query'
'-q:../../xql/corrList_2_comp-not-found.xql'
'-s:../../../build/W0013_Vol02/corrlist/marginals/W0013_Vol02-marg-la_all-wordforms.html'
'-o:../../../build/W0013_Vol02/corrlist/marginals/W0013_Vol02-marg-la_unclear-hyphenations_not-in-dict.html'
'-traceout:#err'
'-t'

The ' characters around the executable and arguments are
not part of the command.
     [java] Saxon-HE 9.8.0.12J from Saxonica
     [java] Java version 16.0.2
     [java] Analyzing query from ../../xql/corrList_2_comp-not-found.xql
     [java] Analysis time: 538.3841 milliseconds
     [java] Processing file:/D:/SVN/trunk/teiedit/works/corr/build/marginals/../../../build/W0013_Vol02/corrlist/marginals/W0013_Vol02-marg-la_all-wordforms.html
     [java] Using parser com.sun.org.apache.xerces.internal.jaxp.SAXParserImpl$JAXPSAXParser
     [java] Building tree for file:/D:/SVN/trunk/teiedit/works/corr/build/marginals/../../../build/W0013_Vol02/corrlist/marginals/W0013_Vol02-marg-la_all-wordforms.html using class net.sf.saxon.tree.tiny.TinyBuilder
     [java] Tree built in 5.8235ms
     [java] Tree size: 526 nodes, 738 characters, 132 attributes
     [java] Execution time: 22.5478ms
     [java] Memory used: 22172120
     [java] Executing 'C:\Program Files (x86)\Java\jdk-16.0.2\bin\java.exe' with arguments:
'-Xmx3000m'
'-classpath'
'D:\SVN\trunk\teiedit\lib\xsltproc\Saxon-HE-9.8.0-12.jar'
'net.sf.saxon.Query'
'-q:../../xql/corrList_2_words-not-found_sorted.xql'
'-s:../../../build/W0013_Vol02/corrlist/marginals/W0013_Vol02-marg-la_all-wordforms.html'
'-o:../../../build/W0013_Vol02/corrlist/marginals/W0013_Vol02-marg-la_wordforms-not-in-dict_sorted.html'
'-traceout:#err'
'-t'
'editText=special-chars-only'

The ' characters around the executable and arguments are
not part of the command.
     [java] Saxon-HE 9.8.0.12J from Saxonica
     [java] Java version 16.0.2
     [java] Analyzing query from ../../xql/corrList_2_words-not-found_sorted.xql
     [java] Analysis time: 579.1416 milliseconds
     [java] Processing file:/D:/SVN/trunk/teiedit/works/corr/build/marginals/../../../build/W0013_Vol02/corrlist/marginals/W0013_Vol02-marg-la_all-wordforms.html
     [java] Using parser com.sun.org.apache.xerces.internal.jaxp.SAXParserImpl$JAXPSAXParser
     [java] Building tree for file:/D:/SVN/trunk/teiedit/works/corr/build/marginals/../../../build/W0013_Vol02/corrlist/marginals/W0013_Vol02-marg-la_all-wordforms.html using class net.sf.saxon.tree.tiny.TinyBuilder
     [java] Tree built in 4.2357ms
     [java] Tree size: 526 nodes, 738 characters, 132 attributes
     [java] Execution time: 24.0072ms
     [java] Memory used: 24273072
