     [java] Executing 'C:\Program Files\Java\jdk1.8.0_192\jre\bin\java.exe' with arguments:
'-Xmx3000m'
'-classpath'
'D:\EscuelaSalamanca\SVN\04-39\trunk\teiedit\lib\xsltproc\Saxon-HE-9.8.0-12.jar'
'net.sf.saxon.Query'
'-q:../../xql/corrList_1_main.xql'
'-s:../../../build/W0006_Vol01/xml/W0006_Vol01_010.xml'
'-o:../../../build/W0006_Vol01/corrlist/W0006_Vol01-la_all-wordforms.html'
'-traceout:#err'
'-t'
'language=la'

The ' characters around the executable and arguments are
not part of the command.
     [java] Saxon-HE 9.8.0.12J from Saxonica
     [java] Java version 1.8.0_192
     [java] Analyzing query from ../../xql/corrList_1_main.xql
     [java] Analysis time: 1049.0135 milliseconds
     [java] Processing file:/D:/EscuelaSalamanca/SVN/04-39/trunk/teiedit/works/corr/build/main/../../../build/W0006_Vol01/xml/W0006_Vol01_010.xml
     [java] Using parser com.sun.org.apache.xerces.internal.jaxp.SAXParserImpl$JAXPSAXParser
     [java] Building tree for file:/D:/EscuelaSalamanca/SVN/04-39/trunk/teiedit/works/corr/build/main/../../../build/W0006_Vol01/xml/W0006_Vol01_010.xml using class net.sf.saxon.tree.tiny.TinyBuilder
     [java] Tree built in 728.9246ms
     [java] Tree size: 578970 nodes, 5070374 characters, 323836 attributes
     [java] Execution time: 3h 12m 37.544999s (1.15575449999E7ms)
     [java] Memory used: 2384684656
     [java] Executing 'C:\Program Files\Java\jdk1.8.0_192\jre\bin\java.exe' with arguments:
'-Xmx3000m'
'-classpath'
'D:\EscuelaSalamanca\SVN\04-39\trunk\teiedit\lib\xsltproc\Saxon-HE-9.8.0-12.jar'
'net.sf.saxon.Query'
'-q:../../xql/corrList_2_comp-hyph-text.xql'
'-s:../../../build/W0006_Vol01/corrlist/W0006_Vol01-la_all-wordforms.html'
'-o:../../../build/W0006_Vol01/corrlist/W0006_Vol01-la_supposed-hyphenations-from-text.html'
'-traceout:#err'
'-t'

The ' characters around the executable and arguments are
not part of the command.
     [java] Saxon-HE 9.8.0.12J from Saxonica
     [java] Java version 1.8.0_192
     [java] Analyzing query from ../../xql/corrList_2_comp-hyph-text.xql
     [java] Analysis time: 1168.9261 milliseconds
     [java] Processing file:/D:/EscuelaSalamanca/SVN/04-39/trunk/teiedit/works/corr/build/main/../../../build/W0006_Vol01/corrlist/W0006_Vol01-la_all-wordforms.html
     [java] Using parser com.sun.org.apache.xerces.internal.jaxp.SAXParserImpl$JAXPSAXParser
     [java] Building tree for file:/D:/EscuelaSalamanca/SVN/04-39/trunk/teiedit/works/corr/build/main/../../../build/W0006_Vol01/corrlist/W0006_Vol01-la_all-wordforms.html using class net.sf.saxon.tree.tiny.TinyBuilder
     [java] Tree built in 5.091366s (5091.3663ms)
     [java] Tree size: 4325647 nodes, 9205993 characters, 1401646 attributes
     [java] Execution time: 967.8559ms
     [java] Memory used: 407109448
