     [java] Executing 'C:\Program Files (x86)\Java\jdk-16.0.2\bin\java.exe' with arguments:
'-Xmx3000m'
'-classpath'
'D:\SVN\trunk\teiedit\lib\xsltproc\Saxon-HE-9.8.0-12.jar'
'net.sf.saxon.Query'
'-q:../../xql/corrList_1_main.xql'
'-s:../../../build/W0043_Vol01/xml/W0043_Vol01_010.xml'
'-o:../../../build/W0043_Vol01/corrlist/W0043_Vol01-la_all-wordforms.html'
'-traceout:#err'
'-t'
'language=la'

The ' characters around the executable and arguments are
not part of the command.
     [java] Saxon-HE 9.8.0.12J from Saxonica
     [java] Java version 16.0.2
     [java] Analyzing query from ../../xql/corrList_1_main.xql
     [java] Analysis time: 534.6309 milliseconds
     [java] Processing file:/D:/SVN/trunk/teiedit/works/corr/build/main/../../../build/W0043_Vol01/xml/W0043_Vol01_010.xml
     [java] Using parser com.sun.org.apache.xerces.internal.jaxp.SAXParserImpl$JAXPSAXParser
     [java] Building tree for file:/D:/SVN/trunk/teiedit/works/corr/build/main/../../../build/W0043_Vol01/xml/W0043_Vol01_010.xml using class net.sf.saxon.tree.tiny.TinyBuilder
     [java] Tree built in 494.4657ms
     [java] Tree size: 542920 nodes, 2280731 characters, 282991 attributes
     [java] Execution time: 1h 16m 41.966499s (4601966.4993ms)
     [java] Memory used: 2115749440
     [java] Executing 'C:\Program Files (x86)\Java\jdk-16.0.2\bin\java.exe' with arguments:
'-Xmx3000m'
'-classpath'
'D:\SVN\trunk\teiedit\lib\xsltproc\Saxon-HE-9.8.0-12.jar'
'net.sf.saxon.Query'
'-q:../../xql/corrList_2_ok.xql'
'-s:../../../build/W0043_Vol01/corrlist/W0043_Vol01-la_all-wordforms.html'
'-o:../../../build/W0043_Vol01/corrlist/W0043_Vol01-la_wordforms-ok.html'
'-traceout:#err'
'-t'

The ' characters around the executable and arguments are
not part of the command.
     [java] Saxon-HE 9.8.0.12J from Saxonica
     [java] Java version 16.0.2
     [java] Analyzing query from ../../xql/corrList_2_ok.xql
     [java] Analysis time: 358.4623 milliseconds
     [java] Processing file:/D:/SVN/trunk/teiedit/works/corr/build/main/../../../build/W0043_Vol01/corrlist/W0043_Vol01-la_all-wordforms.html
     [java] Using parser com.sun.org.apache.xerces.internal.jaxp.SAXParserImpl$JAXPSAXParser
     [java] Building tree for file:/D:/SVN/trunk/teiedit/works/corr/build/main/../../../build/W0043_Vol01/corrlist/W0043_Vol01-la_all-wordforms.html using class net.sf.saxon.tree.tiny.TinyBuilder
     [java] Tree built in 652.7797ms
     [java] Tree size: 2213584 nodes, 4441556 characters, 701075 attributes
     [java] Execution time: 809.1038ms
     [java] Memory used: 231919464
     [java] Executing 'C:\Program Files (x86)\Java\jdk-16.0.2\bin\java.exe' with arguments:
'-Xmx3000m'
'-classpath'
'D:\SVN\trunk\teiedit\lib\xsltproc\Saxon-HE-9.8.0-12.jar'
'net.sf.saxon.Query'
'-q:../../xql/corrList_2_comp-hyph-dict.xql'
'-s:../../../build/W0043_Vol01/corrlist/W0043_Vol01-la_all-wordforms.html'
'-o:../../../build/W0043_Vol01/corrlist/W0043_Vol01-la_supposed-hyphenations-from-dict.html'
'-traceout:#err'
'-t'

The ' characters around the executable and arguments are
not part of the command.
     [java] Saxon-HE 9.8.0.12J from Saxonica
     [java] Java version 16.0.2
     [java] Analyzing query from ../../xql/corrList_2_comp-hyph-dict.xql
     [java] Analysis time: 367.3435 milliseconds
     [java] Processing file:/D:/SVN/trunk/teiedit/works/corr/build/main/../../../build/W0043_Vol01/corrlist/W0043_Vol01-la_all-wordforms.html
     [java] Using parser com.sun.org.apache.xerces.internal.jaxp.SAXParserImpl$JAXPSAXParser
     [java] Building tree for file:/D:/SVN/trunk/teiedit/works/corr/build/main/../../../build/W0043_Vol01/corrlist/W0043_Vol01-la_all-wordforms.html using class net.sf.saxon.tree.tiny.TinyBuilder
     [java] Tree built in 693.772ms
     [java] Tree size: 2213584 nodes, 4441556 characters, 701075 attributes
     [java] Execution time: 65.5312ms
     [java] Memory used: 168158016
     [java] Executing 'C:\Program Files (x86)\Java\jdk-16.0.2\bin\java.exe' with arguments:
'-Xmx3000m'
'-classpath'
'D:\SVN\trunk\teiedit\lib\xsltproc\Saxon-HE-9.8.0-12.jar'
'net.sf.saxon.Query'
'-q:../../xql/corrList_2_comp-hyph-text.xql'
'-s:../../../build/W0043_Vol01/corrlist/W0043_Vol01-la_all-wordforms.html'
'-o:../../../build/W0043_Vol01/corrlist/W0043_Vol01-la_supposed-hyphenations-from-text.html'
'-traceout:#err'
'-t'

The ' characters around the executable and arguments are
not part of the command.
     [java] Saxon-HE 9.8.0.12J from Saxonica
     [java] Java version 16.0.2
     [java] Analyzing query from ../../xql/corrList_2_comp-hyph-text.xql
     [java] Analysis time: 344.2054 milliseconds
     [java] Processing file:/D:/SVN/trunk/teiedit/works/corr/build/main/../../../build/W0043_Vol01/corrlist/W0043_Vol01-la_all-wordforms.html
     [java] Using parser com.sun.org.apache.xerces.internal.jaxp.SAXParserImpl$JAXPSAXParser
     [java] Building tree for file:/D:/SVN/trunk/teiedit/works/corr/build/main/../../../build/W0043_Vol01/corrlist/W0043_Vol01-la_all-wordforms.html using class net.sf.saxon.tree.tiny.TinyBuilder
     [java] Tree built in 718.0784ms
     [java] Tree size: 2213584 nodes, 4441556 characters, 701075 attributes
     [java] Execution time: 64.5044ms
     [java] Memory used: 195651712
     [java] Executing 'C:\Program Files (x86)\Java\jdk-16.0.2\bin\java.exe' with arguments:
'-Xmx3000m'
'-classpath'
'D:\SVN\trunk\teiedit\lib\xsltproc\Saxon-HE-9.8.0-12.jar'
'net.sf.saxon.Query'
'-q:../../xql/corrList_2_words-not-found.xql'
'-s:../../../build/W0043_Vol01/corrlist/W0043_Vol01-la_all-wordforms.html'
'-o:../../../build/W0043_Vol01/corrlist/W0043_Vol01-la_wordforms-not-in-dict.html'
'-traceout:#err'
'-t'

The ' characters around the executable and arguments are
not part of the command.
     [java] Saxon-HE 9.8.0.12J from Saxonica
     [java] Java version 16.0.2
     [java] Analyzing query from ../../xql/corrList_2_words-not-found.xql
     [java] Analysis time: 342.6295 milliseconds
     [java] Processing file:/D:/SVN/trunk/teiedit/works/corr/build/main/../../../build/W0043_Vol01/corrlist/W0043_Vol01-la_all-wordforms.html
     [java] Using parser com.sun.org.apache.xerces.internal.jaxp.SAXParserImpl$JAXPSAXParser
     [java] Building tree for file:/D:/SVN/trunk/teiedit/works/corr/build/main/../../../build/W0043_Vol01/corrlist/W0043_Vol01-la_all-wordforms.html using class net.sf.saxon.tree.tiny.TinyBuilder
     [java] Tree built in 696.5475ms
     [java] Tree size: 2213584 nodes, 4441556 characters, 701075 attributes
     [java] Execution time: 319.2845ms
     [java] Memory used: 151080144
     [java] Executing 'C:\Program Files (x86)\Java\jdk-16.0.2\bin\java.exe' with arguments:
'-Xmx3000m'
'-classpath'
'D:\SVN\trunk\teiedit\lib\xsltproc\Saxon-HE-9.8.0-12.jar'
'net.sf.saxon.Query'
'-q:../../xql/corrList_2_comp-hyph-nohyph.xql'
'-s:../../../build/W0043_Vol01/corrlist/W0043_Vol01-la_all-wordforms.html'
'-o:../../../build/W0043_Vol01/corrlist/W0043_Vol01-la_unclear-hyphenations_in-dict.html'
'-traceout:#err'
'-t'

The ' characters around the executable and arguments are
not part of the command.
     [java] Saxon-HE 9.8.0.12J from Saxonica
     [java] Java version 16.0.2
     [java] Analyzing query from ../../xql/corrList_2_comp-hyph-nohyph.xql
     [java] Analysis time: 359.0002 milliseconds
     [java] Processing file:/D:/SVN/trunk/teiedit/works/corr/build/main/../../../build/W0043_Vol01/corrlist/W0043_Vol01-la_all-wordforms.html
     [java] Using parser com.sun.org.apache.xerces.internal.jaxp.SAXParserImpl$JAXPSAXParser
     [java] Building tree for file:/D:/SVN/trunk/teiedit/works/corr/build/main/../../../build/W0043_Vol01/corrlist/W0043_Vol01-la_all-wordforms.html using class net.sf.saxon.tree.tiny.TinyBuilder
     [java] Tree built in 683.1306ms
     [java] Tree size: 2213584 nodes, 4441556 characters, 701075 attributes
     [java] Execution time: 86.1979ms
     [java] Memory used: 232446024
     [java] Executing 'C:\Program Files (x86)\Java\jdk-16.0.2\bin\java.exe' with arguments:
'-Xmx3000m'
'-classpath'
'D:\SVN\trunk\teiedit\lib\xsltproc\Saxon-HE-9.8.0-12.jar'
'net.sf.saxon.Query'
'-q:../../xql/corrList_2_comp-not-found.xql'
'-s:../../../build/W0043_Vol01/corrlist/W0043_Vol01-la_all-wordforms.html'
'-o:../../../build/W0043_Vol01/corrlist/W0043_Vol01-la_unclear-hyphenations_not-in-dict.html'
'-traceout:#err'
'-t'

The ' characters around the executable and arguments are
not part of the command.
     [java] Saxon-HE 9.8.0.12J from Saxonica
     [java] Java version 16.0.2
     [java] Analyzing query from ../../xql/corrList_2_comp-not-found.xql
     [java] Analysis time: 337.4945 milliseconds
     [java] Processing file:/D:/SVN/trunk/teiedit/works/corr/build/main/../../../build/W0043_Vol01/corrlist/W0043_Vol01-la_all-wordforms.html
     [java] Using parser com.sun.org.apache.xerces.internal.jaxp.SAXParserImpl$JAXPSAXParser
     [java] Building tree for file:/D:/SVN/trunk/teiedit/works/corr/build/main/../../../build/W0043_Vol01/corrlist/W0043_Vol01-la_all-wordforms.html using class net.sf.saxon.tree.tiny.TinyBuilder
     [java] Tree built in 750.5587ms
     [java] Tree size: 2213584 nodes, 4441556 characters, 701075 attributes
     [java] Execution time: 187.2218ms
     [java] Memory used: 250660048
     [java] Executing 'C:\Program Files (x86)\Java\jdk-16.0.2\bin\java.exe' with arguments:
'-Xmx3000m'
'-classpath'
'D:\SVN\trunk\teiedit\lib\xsltproc\Saxon-HE-9.8.0-12.jar'
'net.sf.saxon.Query'
'-q:../../xql/corrList_2_words-not-found_sorted.xql'
'-s:../../../build/W0043_Vol01/corrlist/W0043_Vol01-la_all-wordforms.html'
'-o:../../../build/W0043_Vol01/corrlist/W0043_Vol01-la_wordforms-not-in-dict_sorted.html'
'-traceout:#err'
'-t'
'editText=special-chars-only'

The ' characters around the executable and arguments are
not part of the command.
     [java] Saxon-HE 9.8.0.12J from Saxonica
     [java] Java version 16.0.2
     [java] Analyzing query from ../../xql/corrList_2_words-not-found_sorted.xql
     [java] Analysis time: 382.5336 milliseconds
     [java] Processing file:/D:/SVN/trunk/teiedit/works/corr/build/main/../../../build/W0043_Vol01/corrlist/W0043_Vol01-la_all-wordforms.html
     [java] Using parser com.sun.org.apache.xerces.internal.jaxp.SAXParserImpl$JAXPSAXParser
     [java] Building tree for file:/D:/SVN/trunk/teiedit/works/corr/build/main/../../../build/W0043_Vol01/corrlist/W0043_Vol01-la_all-wordforms.html using class net.sf.saxon.tree.tiny.TinyBuilder
     [java] Tree built in 758.7933ms
     [java] Tree size: 2213584 nodes, 4441556 characters, 701075 attributes
     [java] Execution time: 241.8339ms
     [java] Memory used: 176247968
