     [java] Executing '/usr/lib/jvm/jdk-19/bin/java' with arguments:
'-Xmx3000m'
'-classpath'
'/home/marie-astrid/Documents/Salamanca/trunk/teiedit/lib/xsltproc/Saxon-HE-9.8.0-12.jar'
'net.sf.saxon.Query'
'-q:../../xql/corrList_1_main.xql'
'-s:/home/marie-astrid/Documents/Salamanca/trunk/teiedit/works/build/W0038/xml/W0038_010.xml'
'-o:/home/marie-astrid/Documents/Salamanca/trunk/teiedit/works/build/W0038/corrlist/W0038-la_all-wordforms.html'
'-traceout:#err'
'-t'
'language=la'

The ' characters around the executable and arguments are
not part of the command.
     [java] Saxon-HE 9.8.0.12J from Saxonica
     [java] Java version 19.0.2
     [java] Analyzing query from ../../xql/corrList_1_main.xql
     [java] Analysis time: 1224.834257 milliseconds
     [java] Processing file:/home/marie-astrid/Documents/Salamanca/trunk/teiedit/works/build/W0038/xml/W0038_010.xml
     [java] Using parser com.sun.org.apache.xerces.internal.jaxp.SAXParserImpl$JAXPSAXParser
     [java] Building tree for file:/home/marie-astrid/Documents/Salamanca/trunk/teiedit/works/build/W0038/xml/W0038_010.xml using class net.sf.saxon.tree.tiny.TinyBuilder
     [java] Tree built in 1.380706s (1380.706079ms)
     [java] Tree size: 972097 nodes, 4242097 characters, 466544 attributes
     [java] Execution time: 3h 40m 52.530953s (1.3252530953467E7ms)
     [java] Memory used: 1705653056
     [java] Executing '/usr/lib/jvm/jdk-19/bin/java' with arguments:
'-Xmx3000m'
'-classpath'
'/home/marie-astrid/Documents/Salamanca/trunk/teiedit/lib/xsltproc/Saxon-HE-9.8.0-12.jar'
'net.sf.saxon.Query'
'-q:../../xql/corrList_2_ok.xql'
'-s:/home/marie-astrid/Documents/Salamanca/trunk/teiedit/works/build/W0038/corrlist/W0038-la_all-wordforms.html'
'-o:/home/marie-astrid/Documents/Salamanca/trunk/teiedit/works/build/W0038/corrlist/W0038-la_wordforms-ok.html'
'-traceout:#err'
'-t'

The ' characters around the executable and arguments are
not part of the command.
     [java] Saxon-HE 9.8.0.12J from Saxonica
     [java] Java version 19.0.2
     [java] Analyzing query from ../../xql/corrList_2_ok.xql
     [java] Analysis time: 748.943297 milliseconds
     [java] Processing file:/home/marie-astrid/Documents/Salamanca/trunk/teiedit/works/build/W0038/corrlist/W0038-la_all-wordforms.html
     [java] Using parser com.sun.org.apache.xerces.internal.jaxp.SAXParserImpl$JAXPSAXParser
     [java] Building tree for file:/home/marie-astrid/Documents/Salamanca/trunk/teiedit/works/build/W0038/corrlist/W0038-la_all-wordforms.html using class net.sf.saxon.tree.tiny.TinyBuilder
     [java] Tree built in 2.031774s (2031.774607ms)
     [java] Tree size: 2878835 nodes, 5767421 characters, 941932 attributes
     [java] Execution time: 2.444139s (2444.139861ms)
     [java] Memory used: 312482136
     [java] Executing '/usr/lib/jvm/jdk-19/bin/java' with arguments:
'-Xmx3000m'
'-classpath'
'/home/marie-astrid/Documents/Salamanca/trunk/teiedit/lib/xsltproc/Saxon-HE-9.8.0-12.jar'
'net.sf.saxon.Query'
'-q:../../xql/corrList_2_comp-hyph-dict.xql'
'-s:/home/marie-astrid/Documents/Salamanca/trunk/teiedit/works/build/W0038/corrlist/W0038-la_all-wordforms.html'
'-o:/home/marie-astrid/Documents/Salamanca/trunk/teiedit/works/build/W0038/corrlist/W0038-la_supposed-hyphenations-from-dict.html'
'-traceout:#err'
'-t'

The ' characters around the executable and arguments are
not part of the command.
     [java] Saxon-HE 9.8.0.12J from Saxonica
     [java] Java version 19.0.2
     [java] Analyzing query from ../../xql/corrList_2_comp-hyph-dict.xql
     [java] Analysis time: 765.386715 milliseconds
     [java] Processing file:/home/marie-astrid/Documents/Salamanca/trunk/teiedit/works/build/W0038/corrlist/W0038-la_all-wordforms.html
     [java] Using parser com.sun.org.apache.xerces.internal.jaxp.SAXParserImpl$JAXPSAXParser
     [java] Building tree for file:/home/marie-astrid/Documents/Salamanca/trunk/teiedit/works/build/W0038/corrlist/W0038-la_all-wordforms.html using class net.sf.saxon.tree.tiny.TinyBuilder
     [java] Tree built in 1.85724s (1857.240705ms)
     [java] Tree size: 2878835 nodes, 5767421 characters, 941932 attributes
     [java] Execution time: 128.74931ms
     [java] Memory used: 194312240
     [java] Executing '/usr/lib/jvm/jdk-19/bin/java' with arguments:
'-Xmx3000m'
'-classpath'
'/home/marie-astrid/Documents/Salamanca/trunk/teiedit/lib/xsltproc/Saxon-HE-9.8.0-12.jar'
'net.sf.saxon.Query'
'-q:../../xql/corrList_2_comp-hyph-text.xql'
'-s:/home/marie-astrid/Documents/Salamanca/trunk/teiedit/works/build/W0038/corrlist/W0038-la_all-wordforms.html'
'-o:/home/marie-astrid/Documents/Salamanca/trunk/teiedit/works/build/W0038/corrlist/W0038-la_supposed-hyphenations-from-text.html'
'-traceout:#err'
'-t'

The ' characters around the executable and arguments are
not part of the command.
     [java] Saxon-HE 9.8.0.12J from Saxonica
     [java] Java version 19.0.2
     [java] Analyzing query from ../../xql/corrList_2_comp-hyph-text.xql
     [java] Analysis time: 815.466665 milliseconds
     [java] Processing file:/home/marie-astrid/Documents/Salamanca/trunk/teiedit/works/build/W0038/corrlist/W0038-la_all-wordforms.html
     [java] Using parser com.sun.org.apache.xerces.internal.jaxp.SAXParserImpl$JAXPSAXParser
     [java] Building tree for file:/home/marie-astrid/Documents/Salamanca/trunk/teiedit/works/build/W0038/corrlist/W0038-la_all-wordforms.html using class net.sf.saxon.tree.tiny.TinyBuilder
     [java] Tree built in 1.984293s (1984.293454ms)
     [java] Tree size: 2878835 nodes, 5767421 characters, 941932 attributes
     [java] Execution time: 260.233687ms
     [java] Memory used: 176451272
     [java] Executing '/usr/lib/jvm/jdk-19/bin/java' with arguments:
'-Xmx3000m'
'-classpath'
'/home/marie-astrid/Documents/Salamanca/trunk/teiedit/lib/xsltproc/Saxon-HE-9.8.0-12.jar'
'net.sf.saxon.Query'
'-q:../../xql/corrList_2_words-not-found.xql'
'-s:/home/marie-astrid/Documents/Salamanca/trunk/teiedit/works/build/W0038/corrlist/W0038-la_all-wordforms.html'
'-o:/home/marie-astrid/Documents/Salamanca/trunk/teiedit/works/build/W0038/corrlist/W0038-la_wordforms-not-in-dict.html'
'-traceout:#err'
'-t'

The ' characters around the executable and arguments are
not part of the command.
     [java] Saxon-HE 9.8.0.12J from Saxonica
     [java] Java version 19.0.2
     [java] Analyzing query from ../../xql/corrList_2_words-not-found.xql
     [java] Analysis time: 779.034845 milliseconds
     [java] Processing file:/home/marie-astrid/Documents/Salamanca/trunk/teiedit/works/build/W0038/corrlist/W0038-la_all-wordforms.html
     [java] Using parser com.sun.org.apache.xerces.internal.jaxp.SAXParserImpl$JAXPSAXParser
     [java] Building tree for file:/home/marie-astrid/Documents/Salamanca/trunk/teiedit/works/build/W0038/corrlist/W0038-la_all-wordforms.html using class net.sf.saxon.tree.tiny.TinyBuilder
     [java] Tree built in 2.035614s (2035.614941ms)
     [java] Tree size: 2878835 nodes, 5767421 characters, 941932 attributes
     [java] Execution time: 963.791918ms
     [java] Memory used: 167816960
     [java] Executing '/usr/lib/jvm/jdk-19/bin/java' with arguments:
'-Xmx3000m'
'-classpath'
'/home/marie-astrid/Documents/Salamanca/trunk/teiedit/lib/xsltproc/Saxon-HE-9.8.0-12.jar'
'net.sf.saxon.Query'
'-q:../../xql/corrList_2_comp-hyph-nohyph.xql'
'-s:/home/marie-astrid/Documents/Salamanca/trunk/teiedit/works/build/W0038/corrlist/W0038-la_all-wordforms.html'
'-o:/home/marie-astrid/Documents/Salamanca/trunk/teiedit/works/build/W0038/corrlist/W0038-la_unclear-hyphenations_in-dict.html'
'-traceout:#err'
'-t'

The ' characters around the executable and arguments are
not part of the command.
     [java] Saxon-HE 9.8.0.12J from Saxonica
     [java] Java version 19.0.2
     [java] Analyzing query from ../../xql/corrList_2_comp-hyph-nohyph.xql
     [java] Analysis time: 800.441646 milliseconds
     [java] Processing file:/home/marie-astrid/Documents/Salamanca/trunk/teiedit/works/build/W0038/corrlist/W0038-la_all-wordforms.html
     [java] Using parser com.sun.org.apache.xerces.internal.jaxp.SAXParserImpl$JAXPSAXParser
     [java] Building tree for file:/home/marie-astrid/Documents/Salamanca/trunk/teiedit/works/build/W0038/corrlist/W0038-la_all-wordforms.html using class net.sf.saxon.tree.tiny.TinyBuilder
     [java] Tree built in 2.063134s (2063.134025ms)
     [java] Tree size: 2878835 nodes, 5767421 characters, 941932 attributes
     [java] Execution time: 219.786403ms
     [java] Memory used: 165670896
     [java] Executing '/usr/lib/jvm/jdk-19/bin/java' with arguments:
'-Xmx3000m'
'-classpath'
'/home/marie-astrid/Documents/Salamanca/trunk/teiedit/lib/xsltproc/Saxon-HE-9.8.0-12.jar'
'net.sf.saxon.Query'
'-q:../../xql/corrList_2_comp-not-found.xql'
'-s:/home/marie-astrid/Documents/Salamanca/trunk/teiedit/works/build/W0038/corrlist/W0038-la_all-wordforms.html'
'-o:/home/marie-astrid/Documents/Salamanca/trunk/teiedit/works/build/W0038/corrlist/W0038-la_unclear-hyphenations_not-in-dict.html'
'-traceout:#err'
'-t'

The ' characters around the executable and arguments are
not part of the command.
     [java] Saxon-HE 9.8.0.12J from Saxonica
     [java] Java version 19.0.2
     [java] Analyzing query from ../../xql/corrList_2_comp-not-found.xql
     [java] Analysis time: 1007.736819 milliseconds
     [java] Processing file:/home/marie-astrid/Documents/Salamanca/trunk/teiedit/works/build/W0038/corrlist/W0038-la_all-wordforms.html
     [java] Using parser com.sun.org.apache.xerces.internal.jaxp.SAXParserImpl$JAXPSAXParser
     [java] Building tree for file:/home/marie-astrid/Documents/Salamanca/trunk/teiedit/works/build/W0038/corrlist/W0038-la_all-wordforms.html using class net.sf.saxon.tree.tiny.TinyBuilder
     [java] Tree built in 2.11531s (2115.310519ms)
     [java] Tree size: 2878835 nodes, 5767421 characters, 941932 attributes
     [java] Execution time: 460.995435ms
     [java] Memory used: 197551512
     [java] Executing '/usr/lib/jvm/jdk-19/bin/java' with arguments:
'-Xmx3000m'
'-classpath'
'/home/marie-astrid/Documents/Salamanca/trunk/teiedit/lib/xsltproc/Saxon-HE-9.8.0-12.jar'
'net.sf.saxon.Query'
'-q:../../xql/corrList_2_words-not-found_sorted.xql'
'-s:/home/marie-astrid/Documents/Salamanca/trunk/teiedit/works/build/W0038/corrlist/W0038-la_all-wordforms.html'
'-o:/home/marie-astrid/Documents/Salamanca/trunk/teiedit/works/build/W0038/corrlist/W0038-la_wordforms-not-in-dict_sorted.html'
'-traceout:#err'
'-t'
'editText=special-chars-only'

The ' characters around the executable and arguments are
not part of the command.
     [java] Saxon-HE 9.8.0.12J from Saxonica
     [java] Java version 19.0.2
     [java] Analyzing query from ../../xql/corrList_2_words-not-found_sorted.xql
     [java] Analysis time: 849.238149 milliseconds
     [java] Processing file:/home/marie-astrid/Documents/Salamanca/trunk/teiedit/works/build/W0038/corrlist/W0038-la_all-wordforms.html
     [java] Using parser com.sun.org.apache.xerces.internal.jaxp.SAXParserImpl$JAXPSAXParser
     [java] Building tree for file:/home/marie-astrid/Documents/Salamanca/trunk/teiedit/works/build/W0038/corrlist/W0038-la_all-wordforms.html using class net.sf.saxon.tree.tiny.TinyBuilder
     [java] Tree built in 1.977169s (1977.169033ms)
     [java] Tree size: 2878835 nodes, 5767421 characters, 941932 attributes
     [java] Execution time: 925.285135ms
     [java] Memory used: 221286664
