     [xslt] Using class org.apache.tools.ant.taskdefs.optional.TraXLiaison
     [xslt] Processing D:\SVN\trunk\teiedit\works\build\W0037_Vol02\xml\W0037_Vol02_015.xml to D:\SVN\trunk\teiedit\works\build\W0037_Vol02\xml\W0037_Vol02_016.xml
     [xslt] Loading stylesheet D:\SVN\trunk\teiedit\works\build\W0037_Vol02\xsl\W0037_Vol02_015.xsl
     [xslt] WARN: amount of whitespace characters differs in input and output doc: 

     [xslt] Input whitespace: 235657

     [xslt] Output whitespace: 235582

     [xslt] INFO: quality check successfull.

     [xslt] Using class org.apache.tools.ant.taskdefs.optional.TraXLiaison
     [xslt] Processing D:\SVN\trunk\teiedit\works\build\W0037_Vol02\xml\W0037_Vol02_016.xml to D:\SVN\trunk\teiedit\works\build\W0037_Vol02\xml\W0037_Vol02_017.xml
     [xslt] Loading stylesheet D:\SVN\trunk\teiedit\works\build\W0037_Vol02\xsl\W0037_Vol02_016.xsl
     [xslt] INFO: identified 0 *pb* as primary no-break that were not previously marked as such.

     [xslt] INFO: identified 0 *cb* as primary no-break that were not previously marked as such.

     [xslt] INFO: identified 0 *cb* as secondary break that were not previously marked as no-break at all.

     [xslt] INFO: identified 0 *cb* as secondary break that were previously marked as primary no-break.

     [xslt] INFO: identified 0 *lb* as primary no-break that were not previously marked as such.

     [xslt] INFO: identified 0 *lb* as secondary break that were not previously marked as no-break at all.

     [xslt] INFO: identified 0 *lb* as secondary break that were previously marked as primary no-break.

     [xslt] INFO: replaced trailing whitespace in 0 text nodes before primary no-breaks.

     [xslt] INFO: replaced trailing whitespace in 0 text nodes before secondary no-breaks.

     [xslt] Input whitespace: 235582

     [xslt] Output whitespace: 235582

     [xslt] ---------------------------------------------------------

     [xslt] INFO: quality check successfull.

     [xslt] Using class org.apache.tools.ant.taskdefs.optional.TraXLiaison
     [xslt] Processing D:\SVN\trunk\teiedit\works\build\W0037_Vol02\xml\W0037_Vol02_017.xml to D:\SVN\trunk\teiedit\works\build\W0037_Vol02\xml\W0037_Vol02_018.xml
     [xslt] Loading stylesheet D:\SVN\trunk\teiedit\works\build\W0037_Vol02\xsl\W0037_Vol02_017.xsl
     [xslt] INFO: quality check successfull.

     [xslt] INFO: added 0 choice/*[2]/pb.

     [xslt] INFO: added 2 choice/*[2]/cb.

     [xslt] INFO: added 72 choice/*[2]/lb.

     [xslt] Using class org.apache.tools.ant.taskdefs.optional.TraXLiaison
     [xslt] Processing D:\SVN\trunk\teiedit\works\build\W0037_Vol02\xml\W0037_Vol02_018.xml to D:\SVN\trunk\teiedit\works\build\W0037_Vol02\xml\W0037_Vol02_019.xml
     [xslt] Loading stylesheet D:\SVN\trunk\teiedit\works\build\W0037_Vol02\xsl\W0037_Vol02_018.xsl
Apache resolver library not found, internal resolver will be used
     [xslt] INFO: added 16 special character tags (tei:g).

     [xslt] INFO: quality check successfull.

     [xslt] Using class org.apache.tools.ant.taskdefs.optional.TraXLiaison
     [xslt] Processing D:\SVN\trunk\teiedit\works\build\W0037_Vol02\xml\W0037_Vol02_019.xml to D:\SVN\trunk\teiedit\works\build\W0037_Vol02\xml\W0037_Vol02_020.xml
     [xslt] Loading stylesheet D:\SVN\trunk\teiedit\works\build\W0037_Vol02\xsl\W0037_Vol02_019.xsl
     [xslt] Using class org.apache.tools.ant.taskdefs.optional.TraXLiaison
     [xslt] Processing D:\SVN\trunk\teiedit\works\build\W0037_Vol02\xml\W0037_Vol02_020.xml to D:\SVN\trunk\teiedit\works\build\W0037_Vol02\xml\W0037_Vol02_021.xml
     [xslt] Loading stylesheet D:\SVN\trunk\teiedit\works\build\W0037_Vol02\xsl\W0037_Vol02_020.xsl
     [xslt] Generated temporary lb/@xml:id.

     [xslt] Extracted tei:lb from pages in the main area of the text.

     [xslt] Numbered tei:lb from the main area.

     [xslt] Extracted tei:lb from the marginal area.

     [xslt] Numbered tei:lb from the marginal area.

     [xslt] INFO: Added line numbers to tei:lb/@n.

     [xslt] INFO: Serializing final output...

     [xslt] INFO: quality check successfull.

     [xslt] Using class org.apache.tools.ant.taskdefs.optional.TraXLiaison
     [xslt] Processing D:\SVN\trunk\teiedit\works\build\W0037_Vol02\xml\W0037_Vol02_021.xml to D:\SVN\trunk\teiedit\works\build\W0037_Vol02\xml\W0037_Vol02_022.xml
     [xslt] Loading stylesheet D:\SVN\trunk\teiedit\works\build\W0037_Vol02\xsl\W0037_Vol02_021.xsl
     [xslt] INFO: quality check successfull.

