     [java] Executing 'C:\Program Files\Java\jdk1.8.0_192\jre\bin\java.exe' with arguments:
'-Xmx3000m'
'-classpath'
'D:\EscuelaSalamanca\SVN\04-39\trunk\teiedit\lib\xsltproc\Saxon-HE-9.8.0-12.jar'
'net.sf.saxon.Query'
'-q:../../xql/corrList_1_main.xql'
'-s:../../../build/W0037_Vol01/xml/W0037_Vol01_009.xml'
'-o:../../../build/W0037_Vol01/corrlist/W0037_Vol01-la_all-wordforms.html'
'-traceout:#err'
'-t'
'language=la'

The ' characters around the executable and arguments are
not part of the command.
     [java] Saxon-HE 9.8.0.12J from Saxonica
     [java] Java version 1.8.0_192
     [java] Analyzing query from ../../xql/corrList_1_main.xql
     [java] Analysis time: 582.6899 milliseconds
     [java] Processing file:/D:/EscuelaSalamanca/SVN/04-39/trunk/teiedit/works/corr/build/main/../../../build/W0037_Vol01/xml/W0037_Vol01_009.xml
     [java] Using parser com.sun.org.apache.xerces.internal.jaxp.SAXParserImpl$JAXPSAXParser
     [java] Building tree for file:/D:/EscuelaSalamanca/SVN/04-39/trunk/teiedit/works/corr/build/main/../../../build/W0037_Vol01/xml/W0037_Vol01_009.xml using class net.sf.saxon.tree.tiny.TinyBuilder
     [java] Tree built in 423.006ms
     [java] Tree size: 657431 nodes, 2590303 characters, 287838 attributes
     [java] Execution time: 49m 37.015837s (2977015.8372ms)
     [java] Memory used: 1851685392
     [java] Executing 'C:\Program Files\Java\jdk1.8.0_192\jre\bin\java.exe' with arguments:
'-Xmx3000m'
'-classpath'
'D:\EscuelaSalamanca\SVN\04-39\trunk\teiedit\lib\xsltproc\Saxon-HE-9.8.0-12.jar'
'net.sf.saxon.Query'
'-q:../../xql/corrList_2_ok.xql'
'-s:../../../build/W0037_Vol01/corrlist/W0037_Vol01-la_all-wordforms.html'
'-o:../../../build/W0037_Vol01/corrlist/W0037_Vol01-la_wordforms-ok.html'
'-traceout:#err'
'-t'

The ' characters around the executable and arguments are
not part of the command.
     [java] Saxon-HE 9.8.0.12J from Saxonica
     [java] Java version 1.8.0_192
     [java] Analyzing query from ../../xql/corrList_2_ok.xql
     [java] Analysis time: 565.180401 milliseconds
     [java] Processing file:/D:/EscuelaSalamanca/SVN/04-39/trunk/teiedit/works/corr/build/main/../../../build/W0037_Vol01/corrlist/W0037_Vol01-la_all-wordforms.html
     [java] Using parser com.sun.org.apache.xerces.internal.jaxp.SAXParserImpl$JAXPSAXParser
     [java] Building tree for file:/D:/EscuelaSalamanca/SVN/04-39/trunk/teiedit/works/corr/build/main/../../../build/W0037_Vol01/corrlist/W0037_Vol01-la_all-wordforms.html using class net.sf.saxon.tree.tiny.TinyBuilder
     [java] Tree built in 845.705799ms
     [java] Tree size: 1898543 nodes, 3937917 characters, 586625 attributes
     [java] Execution time: 698.5139ms
     [java] Memory used: 172347200
     [java] Executing 'C:\Program Files\Java\jdk1.8.0_192\jre\bin\java.exe' with arguments:
'-Xmx3000m'
'-classpath'
'D:\EscuelaSalamanca\SVN\04-39\trunk\teiedit\lib\xsltproc\Saxon-HE-9.8.0-12.jar'
'net.sf.saxon.Query'
'-q:../../xql/corrList_2_comp-hyph-dict.xql'
'-s:../../../build/W0037_Vol01/corrlist/W0037_Vol01-la_all-wordforms.html'
'-o:../../../build/W0037_Vol01/corrlist/W0037_Vol01-la_supposed-hyphenations-from-dict.html'
'-traceout:#err'
'-t'

The ' characters around the executable and arguments are
not part of the command.
     [java] Saxon-HE 9.8.0.12J from Saxonica
     [java] Java version 1.8.0_192
     [java] Analyzing query from ../../xql/corrList_2_comp-hyph-dict.xql
     [java] Analysis time: 476.5129 milliseconds
     [java] Processing file:/D:/EscuelaSalamanca/SVN/04-39/trunk/teiedit/works/corr/build/main/../../../build/W0037_Vol01/corrlist/W0037_Vol01-la_all-wordforms.html
     [java] Using parser com.sun.org.apache.xerces.internal.jaxp.SAXParserImpl$JAXPSAXParser
     [java] Building tree for file:/D:/EscuelaSalamanca/SVN/04-39/trunk/teiedit/works/corr/build/main/../../../build/W0037_Vol01/corrlist/W0037_Vol01-la_all-wordforms.html using class net.sf.saxon.tree.tiny.TinyBuilder
     [java] Tree built in 859.4371ms
     [java] Tree size: 1898543 nodes, 3937917 characters, 586625 attributes
     [java] Execution time: 76.1055ms
     [java] Memory used: 158792368
     [java] Executing 'C:\Program Files\Java\jdk1.8.0_192\jre\bin\java.exe' with arguments:
'-Xmx3000m'
'-classpath'
'D:\EscuelaSalamanca\SVN\04-39\trunk\teiedit\lib\xsltproc\Saxon-HE-9.8.0-12.jar'
'net.sf.saxon.Query'
'-q:../../xql/corrList_2_comp-hyph-text.xql'
'-s:../../../build/W0037_Vol01/corrlist/W0037_Vol01-la_all-wordforms.html'
'-o:../../../build/W0037_Vol01/corrlist/W0037_Vol01-la_supposed-hyphenations-from-text.html'
'-traceout:#err'
'-t'

The ' characters around the executable and arguments are
not part of the command.
     [java] Saxon-HE 9.8.0.12J from Saxonica
     [java] Java version 1.8.0_192
     [java] Analyzing query from ../../xql/corrList_2_comp-hyph-text.xql
     [java] Analysis time: 458.0373 milliseconds
     [java] Processing file:/D:/EscuelaSalamanca/SVN/04-39/trunk/teiedit/works/corr/build/main/../../../build/W0037_Vol01/corrlist/W0037_Vol01-la_all-wordforms.html
     [java] Using parser com.sun.org.apache.xerces.internal.jaxp.SAXParserImpl$JAXPSAXParser
     [java] Building tree for file:/D:/EscuelaSalamanca/SVN/04-39/trunk/teiedit/works/corr/build/main/../../../build/W0037_Vol01/corrlist/W0037_Vol01-la_all-wordforms.html using class net.sf.saxon.tree.tiny.TinyBuilder
     [java] Tree built in 818.576ms
     [java] Tree size: 1898543 nodes, 3937917 characters, 586625 attributes
     [java] Execution time: 77.000999ms
     [java] Memory used: 174617208
     [java] Executing 'C:\Program Files\Java\jdk1.8.0_192\jre\bin\java.exe' with arguments:
'-Xmx3000m'
'-classpath'
'D:\EscuelaSalamanca\SVN\04-39\trunk\teiedit\lib\xsltproc\Saxon-HE-9.8.0-12.jar'
'net.sf.saxon.Query'
'-q:../../xql/corrList_2_words-not-found.xql'
'-s:../../../build/W0037_Vol01/corrlist/W0037_Vol01-la_all-wordforms.html'
'-o:../../../build/W0037_Vol01/corrlist/W0037_Vol01-la_wordforms-not-in-dict.html'
'-traceout:#err'
'-t'

The ' characters around the executable and arguments are
not part of the command.
     [java] Saxon-HE 9.8.0.12J from Saxonica
     [java] Java version 1.8.0_192
     [java] Analyzing query from ../../xql/corrList_2_words-not-found.xql
     [java] Analysis time: 492.4576 milliseconds
     [java] Processing file:/D:/EscuelaSalamanca/SVN/04-39/trunk/teiedit/works/corr/build/main/../../../build/W0037_Vol01/corrlist/W0037_Vol01-la_all-wordforms.html
     [java] Using parser com.sun.org.apache.xerces.internal.jaxp.SAXParserImpl$JAXPSAXParser
     [java] Building tree for file:/D:/EscuelaSalamanca/SVN/04-39/trunk/teiedit/works/corr/build/main/../../../build/W0037_Vol01/corrlist/W0037_Vol01-la_all-wordforms.html using class net.sf.saxon.tree.tiny.TinyBuilder
     [java] Tree built in 1.024432s (1024.4325ms)
     [java] Tree size: 1898543 nodes, 3937917 characters, 586625 attributes
     [java] Execution time: 589.6018ms
     [java] Memory used: 155377312
     [java] Executing 'C:\Program Files\Java\jdk1.8.0_192\jre\bin\java.exe' with arguments:
'-Xmx3000m'
'-classpath'
'D:\EscuelaSalamanca\SVN\04-39\trunk\teiedit\lib\xsltproc\Saxon-HE-9.8.0-12.jar'
'net.sf.saxon.Query'
'-q:../../xql/corrList_2_comp-hyph-nohyph.xql'
'-s:../../../build/W0037_Vol01/corrlist/W0037_Vol01-la_all-wordforms.html'
'-o:../../../build/W0037_Vol01/corrlist/W0037_Vol01-la_unclear-hyphenations_in-dict.html'
'-traceout:#err'
'-t'

The ' characters around the executable and arguments are
not part of the command.
     [java] Saxon-HE 9.8.0.12J from Saxonica
     [java] Java version 1.8.0_192
     [java] Analyzing query from ../../xql/corrList_2_comp-hyph-nohyph.xql
     [java] Analysis time: 512.3064 milliseconds
     [java] Processing file:/D:/EscuelaSalamanca/SVN/04-39/trunk/teiedit/works/corr/build/main/../../../build/W0037_Vol01/corrlist/W0037_Vol01-la_all-wordforms.html
     [java] Using parser com.sun.org.apache.xerces.internal.jaxp.SAXParserImpl$JAXPSAXParser
     [java] Building tree for file:/D:/EscuelaSalamanca/SVN/04-39/trunk/teiedit/works/corr/build/main/../../../build/W0037_Vol01/corrlist/W0037_Vol01-la_all-wordforms.html using class net.sf.saxon.tree.tiny.TinyBuilder
     [java] Tree built in 986.550501ms
     [java] Tree size: 1898543 nodes, 3937917 characters, 586625 attributes
     [java] Execution time: 113.7907ms
     [java] Memory used: 158693112
     [java] Executing 'C:\Program Files\Java\jdk1.8.0_192\jre\bin\java.exe' with arguments:
'-Xmx3000m'
'-classpath'
'D:\EscuelaSalamanca\SVN\04-39\trunk\teiedit\lib\xsltproc\Saxon-HE-9.8.0-12.jar'
'net.sf.saxon.Query'
'-q:../../xql/corrList_2_comp-not-found.xql'
'-s:../../../build/W0037_Vol01/corrlist/W0037_Vol01-la_all-wordforms.html'
'-o:../../../build/W0037_Vol01/corrlist/W0037_Vol01-la_unclear-hyphenations_not-in-dict.html'
'-traceout:#err'
'-t'

The ' characters around the executable and arguments are
not part of the command.
     [java] Saxon-HE 9.8.0.12J from Saxonica
     [java] Java version 1.8.0_192
     [java] Analyzing query from ../../xql/corrList_2_comp-not-found.xql
     [java] Analysis time: 478.5805 milliseconds
     [java] Processing file:/D:/EscuelaSalamanca/SVN/04-39/trunk/teiedit/works/corr/build/main/../../../build/W0037_Vol01/corrlist/W0037_Vol01-la_all-wordforms.html
     [java] Using parser com.sun.org.apache.xerces.internal.jaxp.SAXParserImpl$JAXPSAXParser
     [java] Building tree for file:/D:/EscuelaSalamanca/SVN/04-39/trunk/teiedit/works/corr/build/main/../../../build/W0037_Vol01/corrlist/W0037_Vol01-la_all-wordforms.html using class net.sf.saxon.tree.tiny.TinyBuilder
     [java] Tree built in 1.01556s (1015.5601ms)
     [java] Tree size: 1898543 nodes, 3937917 characters, 586625 attributes
     [java] Execution time: 236.839601ms
     [java] Memory used: 181298784
     [java] Executing 'C:\Program Files\Java\jdk1.8.0_192\jre\bin\java.exe' with arguments:
'-Xmx3000m'
'-classpath'
'D:\EscuelaSalamanca\SVN\04-39\trunk\teiedit\lib\xsltproc\Saxon-HE-9.8.0-12.jar'
'net.sf.saxon.Query'
'-q:../../xql/corrList_2_words-not-found_sorted.xql'
'-s:../../../build/W0037_Vol01/corrlist/W0037_Vol01-la_all-wordforms.html'
'-o:../../../build/W0037_Vol01/corrlist/W0037_Vol01-la_wordforms-not-in-dict_sorted.html'
'-traceout:#err'
'-t'
'editText=special-chars-only'

The ' characters around the executable and arguments are
not part of the command.
     [java] Saxon-HE 9.8.0.12J from Saxonica
     [java] Java version 1.8.0_192
     [java] Analyzing query from ../../xql/corrList_2_words-not-found_sorted.xql
     [java] Analysis time: 543.9875 milliseconds
     [java] Processing file:/D:/EscuelaSalamanca/SVN/04-39/trunk/teiedit/works/corr/build/main/../../../build/W0037_Vol01/corrlist/W0037_Vol01-la_all-wordforms.html
     [java] Using parser com.sun.org.apache.xerces.internal.jaxp.SAXParserImpl$JAXPSAXParser
     [java] Building tree for file:/D:/EscuelaSalamanca/SVN/04-39/trunk/teiedit/works/corr/build/main/../../../build/W0037_Vol01/corrlist/W0037_Vol01-la_all-wordforms.html using class net.sf.saxon.tree.tiny.TinyBuilder
     [java] Tree built in 1.057346s (1057.346ms)
     [java] Tree size: 1898543 nodes, 3937917 characters, 586625 attributes
     [java] Execution time: 368.656ms
     [java] Memory used: 179811128
