     [xslt] Using class org.apache.tools.ant.taskdefs.optional.TraXLiaison
     [xslt] Processing L:\SVN\04-39\trunk\teiedit\works\build\W0095\xml\W0095_010.xml to L:\SVN\04-39\trunk\teiedit\works\build\W0095\xml\W0095_011.xml
     [xslt] Loading stylesheet L:\SVN\04-39\trunk\teiedit\works\build\W0095\xsl\W0095_010.xsl
     [xslt] WARN: amount of whitespace characters differs in input and output doc: 

     [xslt] Input whitespace: 9604

     [xslt] Output whitespace: 9601

     [xslt] INFO: quality check successfull.

     [xslt] Using class org.apache.tools.ant.taskdefs.optional.TraXLiaison
     [xslt] Processing L:\SVN\04-39\trunk\teiedit\works\build\W0095\xml\W0095_011.xml to L:\SVN\04-39\trunk\teiedit\works\build\W0095\xml\W0095_012.xml
     [xslt] Loading stylesheet L:\SVN\04-39\trunk\teiedit\works\build\W0095\xsl\W0095_011.xsl
     [xslt] INFO: identified 0 *pb* as primary no-break that were not previously marked as such.

     [xslt] INFO: identified 0 *cb* as primary no-break that were not previously marked as such.

     [xslt] INFO: identified 0 *cb* as secondary break that were not previously marked as no-break at all.

     [xslt] INFO: identified 0 *cb* as secondary break that were previously marked as primary no-break.

     [xslt] INFO: identified 0 *lb* as primary no-break that were not previously marked as such.

     [xslt] INFO: identified 0 *lb* as secondary break that were not previously marked as no-break at all.

     [xslt] INFO: identified 0 *lb* as secondary break that were previously marked as primary no-break.

     [xslt] INFO: replaced trailing whitespace in 0 text nodes before primary no-breaks.

     [xslt] INFO: replaced trailing whitespace in 0 text nodes before secondary no-breaks.

     [xslt] Input whitespace: 9601

     [xslt] Output whitespace: 9601

     [xslt] ---------------------------------------------------------

     [xslt] INFO: quality check successfull.

     [xslt] Using class org.apache.tools.ant.taskdefs.optional.TraXLiaison
     [xslt] Processing L:\SVN\04-39\trunk\teiedit\works\build\W0095\xml\W0095_012.xml to L:\SVN\04-39\trunk\teiedit\works\build\W0095\xml\W0095_013.xml
     [xslt] Loading stylesheet L:\SVN\04-39\trunk\teiedit\works\build\W0095\xsl\W0095_012.xsl
     [xslt] INFO: quality check successfull.

     [xslt] INFO: added 0 choice/*[2]/pb.

     [xslt] INFO: added 0 choice/*[2]/cb.

     [xslt] INFO: added 73 choice/*[2]/lb.

     [xslt] Using class org.apache.tools.ant.taskdefs.optional.TraXLiaison
     [xslt] Processing L:\SVN\04-39\trunk\teiedit\works\build\W0095\xml\W0095_013.xml to L:\SVN\04-39\trunk\teiedit\works\build\W0095\xml\W0095_014.xml
     [xslt] Loading stylesheet L:\SVN\04-39\trunk\teiedit\works\build\W0095\xsl\W0095_013.xsl
Apache resolver library not found, internal resolver will be used
     [xslt] INFO: added 35 special character tags (tei:g).

     [xslt] INFO: quality check successfull.

     [xslt] Using class org.apache.tools.ant.taskdefs.optional.TraXLiaison
     [xslt] Processing L:\SVN\04-39\trunk\teiedit\works\build\W0095\xml\W0095_014.xml to L:\SVN\04-39\trunk\teiedit\works\build\W0095\xml\W0095_015.xml
     [xslt] Loading stylesheet L:\SVN\04-39\trunk\teiedit\works\build\W0095\xsl\W0095_014.xsl
     [xslt] Generated temporary lb/@xml:id.

     [xslt] Extracted tei:lb from pages in the main area of the text.

     [xslt] Numbered tei:lb from the main area.

     [xslt] INFO: Added line numbers to tei:lb/@n.

     [xslt] INFO: Serializing final output...

     [xslt] INFO: quality check successfull.

     [xslt] Using class org.apache.tools.ant.taskdefs.optional.TraXLiaison
     [xslt] Processing L:\SVN\04-39\trunk\teiedit\works\build\W0095\xml\W0095_015.xml to L:\SVN\04-39\trunk\teiedit\works\build\W0095\xml\W0095_016.xml
     [xslt] Loading stylesheet L:\SVN\04-39\trunk\teiedit\works\build\W0095\xsl\W0095_015.xsl
     [xslt] INFO: quality check successfull.

     [xslt] Using class org.apache.tools.ant.taskdefs.optional.TraXLiaison
     [xslt] Processing L:\SVN\04-39\trunk\teiedit\works\build\W0095\xml\W0095_016.xml to L:\SVN\04-39\trunk\teiedit\works\build\W0095\xml\W0095_017.xml
     [xslt] Loading stylesheet L:\SVN\04-39\trunk\teiedit\works\build\W0095\xsl\W0095_016.xsl
