     [xslt] Using class org.apache.tools.ant.taskdefs.optional.TraXLiaison
     [xslt] Processing D:\SVN\trunk\teiedit\works\build\W0076\xml\W0076_014.xml to D:\SVN\trunk\teiedit\works\build\W0076\xml\W0076_015.xml
     [xslt] Loading stylesheet D:\SVN\trunk\teiedit\works\build\W0076\xsl\W0076_014.xsl
     [xslt] WARN: found choice element with empty child, in line W0076-00-0086-lb-2026 :

     [xslt] 	child::tei:sic (child 1) has content: "q̃"

     [xslt] 	child::tei:corr (child 2) has content: ""

     [xslt] WARN: amount of whitespace characters differs in input and output doc: 

     [xslt] Input whitespace: 38670

     [xslt] Output whitespace: 38643

     [xslt] INFO: quality check successfull.

     [xslt] Using class org.apache.tools.ant.taskdefs.optional.TraXLiaison
     [xslt] Processing D:\SVN\trunk\teiedit\works\build\W0076\xml\W0076_015.xml to D:\SVN\trunk\teiedit\works\build\W0076\xml\W0076_016.xml
     [xslt] Loading stylesheet D:\SVN\trunk\teiedit\works\build\W0076\xsl\W0076_015.xsl
     [xslt] INFO: identified 5 *pb* as primary no-break that were not previously marked as such.

     [xslt] INFO: identified 3 *cb* as primary no-break that were not previously marked as such.

     [xslt] INFO: identified 4 *cb* as secondary break that were not previously marked as no-break at all.

     [xslt] INFO: identified 0 *cb* as secondary break that were previously marked as primary no-break.

     [xslt] INFO: identified 0 *lb* as primary no-break that were not previously marked as such.

     [xslt] INFO: identified 0 *lb* as secondary break that were not previously marked as no-break at all.

     [xslt] INFO: identified 8 *lb* as secondary break that were previously marked as primary no-break.

     [xslt] INFO: replaced trailing whitespace in 3 text nodes before primary no-breaks.

     [xslt] INFO: replaced trailing whitespace in 0 text nodes before secondary no-breaks.

     [xslt] Input whitespace: 38643

     [xslt] Output whitespace: 38640

     [xslt] ---------------------------------------------------------

     [xslt] INFO: quality check successfull.

     [xslt] Using class org.apache.tools.ant.taskdefs.optional.TraXLiaison
     [xslt] Processing D:\SVN\trunk\teiedit\works\build\W0076\xml\W0076_016.xml to D:\SVN\trunk\teiedit\works\build\W0076\xml\W0076_017.xml
     [xslt] Loading stylesheet D:\SVN\trunk\teiedit\works\build\W0076\xsl\W0076_016.xsl
     [xslt] INFO: quality check successfull.

     [xslt] INFO: added 1 choice/*[2]/pb.

     [xslt] INFO: added 5 choice/*[2]/cb.

     [xslt] INFO: added 245 choice/*[2]/lb.

     [xslt] Using class org.apache.tools.ant.taskdefs.optional.TraXLiaison
     [xslt] Processing D:\SVN\trunk\teiedit\works\build\W0076\xml\W0076_017.xml to D:\SVN\trunk\teiedit\works\build\W0076\xml\W0076_018.xml
     [xslt] Loading stylesheet D:\SVN\trunk\teiedit\works\build\W0076\xsl\W0076_017.xsl
Apache resolver library not found, internal resolver will be used
     [xslt] INFO: added 33 special character tags (tei:g).

     [xslt] INFO: quality check successfull.

     [xslt] Using class org.apache.tools.ant.taskdefs.optional.TraXLiaison
     [xslt] Processing D:\SVN\trunk\teiedit\works\build\W0076\xml\W0076_018.xml to D:\SVN\trunk\teiedit\works\build\W0076\xml\W0076_019.xml
     [xslt] Loading stylesheet D:\SVN\trunk\teiedit\works\build\W0076\xsl\W0076_018.xsl
     [xslt] Using class org.apache.tools.ant.taskdefs.optional.TraXLiaison
     [xslt] Processing D:\SVN\trunk\teiedit\works\build\W0076\xml\W0076_019.xml to D:\SVN\trunk\teiedit\works\build\W0076\xml\W0076_020.xml
     [xslt] Loading stylesheet D:\SVN\trunk\teiedit\works\build\W0076\xsl\W0076_019.xsl
     [xslt] Generated temporary lb/@xml:id.

     [xslt] Extracted tei:lb from pages in the main area of the text.

     [xslt] Numbered tei:lb from the main area.

     [xslt] Extracted tei:lb from the marginal area.

     [xslt] Numbered tei:lb from the marginal area.

     [xslt] INFO: Added line numbers to tei:lb/@n.

     [xslt] INFO: Serializing final output...

     [xslt] INFO: quality check successfull.

     [xslt] Using class org.apache.tools.ant.taskdefs.optional.TraXLiaison
     [xslt] Processing D:\SVN\trunk\teiedit\works\build\W0076\xml\W0076_020.xml to D:\SVN\trunk\teiedit\works\build\W0076\xml\W0076_021.xml
     [xslt] Loading stylesheet D:\SVN\trunk\teiedit\works\build\W0076\xsl\W0076_020.xsl
     [xslt] INFO: quality check successfull.

