     [xslt] Using class org.apache.tools.ant.taskdefs.optional.TraXLiaison
     [xslt] Processing D:\Cindy\SVN\trunk\teiedit\works\build\W0063_Vol08\xml\W0063_Vol08_001.xml to D:\Cindy\SVN\trunk\teiedit\works\build\W0063_Vol08\xml\W0063_Vol08_002.xml
     [xslt] Loading stylesheet D:\Cindy\SVN\trunk\teiedit\works\build\W0063_Vol08\xsl\W0063_Vol08_001.xsl
Apache resolver library not found, internal resolver will be used
     [xslt] -----------------------------------------------------------

     [xslt] WARN: different amounts of input and output pb/cb: 

     [xslt] Input pb: 62 | cb: 118

     [xslt] Output pb: 62 | cb: 119

     [xslt] -----------------------------------------------------------

     [xslt] INFO: quality check successfull.

     [xslt] Using class org.apache.tools.ant.taskdefs.optional.TraXLiaison
     [xslt] Processing D:\Cindy\SVN\trunk\teiedit\works\build\W0063_Vol08\xml\W0063_Vol08_002.xml to D:\Cindy\SVN\trunk\teiedit\works\build\W0063_Vol08\xml\W0063_Vol08_003.xml
     [xslt] Loading stylesheet D:\Cindy\SVN\trunk\teiedit\works\build\W0063_Vol08\xsl\W0063_Vol08_002.xsl
     [xslt] Warning: amount of non-whitespace characters differs in input and output doc: 

     [xslt] Input characters: 419851

     [xslt] Output characters: 418777

     [xslt] 

     [xslt] INFO: quality check successfull.

     [xslt] Using class org.apache.tools.ant.taskdefs.optional.TraXLiaison
     [xslt] Processing D:\Cindy\SVN\trunk\teiedit\works\build\W0063_Vol08\xml\W0063_Vol08_003.xml to D:\Cindy\SVN\trunk\teiedit\works\build\W0063_Vol08\xml\W0063_Vol08_004.xml
     [xslt] Loading stylesheet D:\Cindy\SVN\trunk\teiedit\works\build\W0063_Vol08\xsl\W0063_Vol08_003.xsl
Apache resolver library not found, internal resolver will be used
     [xslt] INFO: added 21018 special character tags (tei:g).

     [xslt] INFO: quality check successfull.

     [xslt] Using class org.apache.tools.ant.taskdefs.optional.TraXLiaison
     [xslt] Processing D:\Cindy\SVN\trunk\teiedit\works\build\W0063_Vol08\xml\W0063_Vol08_004.xml to D:\Cindy\SVN\trunk\teiedit\works\build\W0063_Vol08\xml\W0063_Vol08_005.xml
     [xslt] Loading stylesheet D:\Cindy\SVN\trunk\teiedit\works\build\W0063_Vol08\xsl\W0063_Vol08_004.xsl
     [xslt] Generated temporary lb/@xml:id.

     [xslt] Extracted tei:lb from pages in the main area of the text.

     [xslt] Numbered tei:lb from the main area.

     [xslt] INFO: Added line numbers to tei:lb/@n.

     [xslt] INFO: Serializing final output...

     [xslt] INFO: quality check successfull.

     [xslt] Using class org.apache.tools.ant.taskdefs.optional.TraXLiaison
     [xslt] Processing D:\Cindy\SVN\trunk\teiedit\works\build\W0063_Vol08\xml\W0063_Vol08_005.xml to D:\Cindy\SVN\trunk\teiedit\works\build\W0063_Vol08\xml\W0063_Vol08_006.xml
     [xslt] Loading stylesheet D:\Cindy\SVN\trunk\teiedit\works\build\W0063_Vol08\xsl\W0063_Vol08_005.xsl
     [xslt] INFO: quality check successfull.

     [xslt] Using class org.apache.tools.ant.taskdefs.optional.TraXLiaison
     [xslt] Processing D:\Cindy\SVN\trunk\teiedit\works\build\W0063_Vol08\xml\W0063_Vol08_006.xml to D:\Cindy\SVN\trunk\teiedit\works\build\W0063_Vol08\xml\W0063_Vol08_007.xml
     [xslt] Loading stylesheet D:\Cindy\SVN\trunk\teiedit\works\build\W0063_Vol08\xsl\W0063_Vol08_006.xsl
Apache resolver library not found, internal resolver will be used
     [xslt] INFO: tagged 0 pb as break=no and rendition=#noHyphen

     [xslt] INFO: tagged 1 cb as break=no and rendition=#noHyphen

     [xslt] INFO: tagged 178 lb as break=no and rendition=#noHyphen

     [xslt] INFO: tagged 179 breaks in total as break=no and rendition=#noHyphen

     [xslt] ------------------------------------------------------

     [xslt] INFO: quality check successfull.

