     [java] Executing 'C:\Program Files (x86)\Java\jdk-16.0.2\bin\java.exe' with arguments:
'-Xmx3000m'
'-classpath'
'D:\SVN\trunk\teiedit\lib\xsltproc\Saxon-HE-9.8.0-12.jar'
'net.sf.saxon.Query'
'-q:../../xql/corrList_1_main.xql'
'-s:../../../build/W0027_Vol01/xml/W0027_Vol01_010.xml'
'-o:../../../build/W0027_Vol01/corrlist/W0027_Vol01-la_all-wordforms.html'
'-traceout:#err'
'-t'
'language=la'

The ' characters around the executable and arguments are
not part of the command.
     [java] Saxon-HE 9.8.0.12J from Saxonica
     [java] Java version 16.0.2
     [java] Analyzing query from ../../xql/corrList_1_main.xql
     [java] Analysis time: 466.5073 milliseconds
     [java] Processing file:/D:/SVN/trunk/teiedit/works/corr/build/main/../../../build/W0027_Vol01/xml/W0027_Vol01_010.xml
     [java] Using parser com.sun.org.apache.xerces.internal.jaxp.SAXParserImpl$JAXPSAXParser
     [java] Building tree for file:/D:/SVN/trunk/teiedit/works/corr/build/main/../../../build/W0027_Vol01/xml/W0027_Vol01_010.xml using class net.sf.saxon.tree.tiny.TinyBuilder
     [java] Tree built in 528.5431ms
     [java] Tree size: 1012125 nodes, 4480898 characters, 450464 attributes
     [java] Execution time: 2h 7m 33.760807s (7653760.8076ms)
     [java] Memory used: 1898098848
     [java] Executing 'C:\Program Files (x86)\Java\jdk-16.0.2\bin\java.exe' with arguments:
'-Xmx3000m'
'-classpath'
'D:\SVN\trunk\teiedit\lib\xsltproc\Saxon-HE-9.8.0-12.jar'
'net.sf.saxon.Query'
'-q:../../xql/corrList_2_ok.xql'
'-s:../../../build/W0027_Vol01/corrlist/W0027_Vol01-la_all-wordforms.html'
'-o:../../../build/W0027_Vol01/corrlist/W0027_Vol01-la_wordforms-ok.html'
'-traceout:#err'
'-t'

The ' characters around the executable and arguments are
not part of the command.
     [java] Saxon-HE 9.8.0.12J from Saxonica
     [java] Java version 16.0.2
     [java] Analyzing query from ../../xql/corrList_2_ok.xql
     [java] Analysis time: 359.6404 milliseconds
     [java] Processing file:/D:/SVN/trunk/teiedit/works/corr/build/main/../../../build/W0027_Vol01/corrlist/W0027_Vol01-la_all-wordforms.html
     [java] Using parser com.sun.org.apache.xerces.internal.jaxp.SAXParserImpl$JAXPSAXParser
     [java] Building tree for file:/D:/SVN/trunk/teiedit/works/corr/build/main/../../../build/W0027_Vol01/corrlist/W0027_Vol01-la_all-wordforms.html using class net.sf.saxon.tree.tiny.TinyBuilder
     [java] Tree built in 888.652ms
     [java] Tree size: 3275343 nodes, 6545446 characters, 1024626 attributes
     [java] Execution time: 1.045462s (1045.4623ms)
     [java] Memory used: 280268872
     [java] Executing 'C:\Program Files (x86)\Java\jdk-16.0.2\bin\java.exe' with arguments:
'-Xmx3000m'
'-classpath'
'D:\SVN\trunk\teiedit\lib\xsltproc\Saxon-HE-9.8.0-12.jar'
'net.sf.saxon.Query'
'-q:../../xql/corrList_2_comp-hyph-dict.xql'
'-s:../../../build/W0027_Vol01/corrlist/W0027_Vol01-la_all-wordforms.html'
'-o:../../../build/W0027_Vol01/corrlist/W0027_Vol01-la_supposed-hyphenations-from-dict.html'
'-traceout:#err'
'-t'

The ' characters around the executable and arguments are
not part of the command.
     [java] Saxon-HE 9.8.0.12J from Saxonica
     [java] Java version 16.0.2
     [java] Analyzing query from ../../xql/corrList_2_comp-hyph-dict.xql
     [java] Analysis time: 332.3153 milliseconds
     [java] Processing file:/D:/SVN/trunk/teiedit/works/corr/build/main/../../../build/W0027_Vol01/corrlist/W0027_Vol01-la_all-wordforms.html
     [java] Using parser com.sun.org.apache.xerces.internal.jaxp.SAXParserImpl$JAXPSAXParser
     [java] Building tree for file:/D:/SVN/trunk/teiedit/works/corr/build/main/../../../build/W0027_Vol01/corrlist/W0027_Vol01-la_all-wordforms.html using class net.sf.saxon.tree.tiny.TinyBuilder
     [java] Tree built in 885.1637ms
     [java] Tree size: 3275343 nodes, 6545446 characters, 1024626 attributes
     [java] Execution time: 49.2295ms
     [java] Memory used: 214866064
     [java] Executing 'C:\Program Files (x86)\Java\jdk-16.0.2\bin\java.exe' with arguments:
'-Xmx3000m'
'-classpath'
'D:\SVN\trunk\teiedit\lib\xsltproc\Saxon-HE-9.8.0-12.jar'
'net.sf.saxon.Query'
'-q:../../xql/corrList_2_comp-hyph-text.xql'
'-s:../../../build/W0027_Vol01/corrlist/W0027_Vol01-la_all-wordforms.html'
'-o:../../../build/W0027_Vol01/corrlist/W0027_Vol01-la_supposed-hyphenations-from-text.html'
'-traceout:#err'
'-t'

The ' characters around the executable and arguments are
not part of the command.
     [java] Saxon-HE 9.8.0.12J from Saxonica
     [java] Java version 16.0.2
     [java] Analyzing query from ../../xql/corrList_2_comp-hyph-text.xql
     [java] Analysis time: 342.7905 milliseconds
     [java] Processing file:/D:/SVN/trunk/teiedit/works/corr/build/main/../../../build/W0027_Vol01/corrlist/W0027_Vol01-la_all-wordforms.html
     [java] Using parser com.sun.org.apache.xerces.internal.jaxp.SAXParserImpl$JAXPSAXParser
     [java] Building tree for file:/D:/SVN/trunk/teiedit/works/corr/build/main/../../../build/W0027_Vol01/corrlist/W0027_Vol01-la_all-wordforms.html using class net.sf.saxon.tree.tiny.TinyBuilder
     [java] Tree built in 926.5935ms
     [java] Tree size: 3275343 nodes, 6545446 characters, 1024626 attributes
     [java] Execution time: 80.4229ms
     [java] Memory used: 285704704
     [java] Executing 'C:\Program Files (x86)\Java\jdk-16.0.2\bin\java.exe' with arguments:
'-Xmx3000m'
'-classpath'
'D:\SVN\trunk\teiedit\lib\xsltproc\Saxon-HE-9.8.0-12.jar'
'net.sf.saxon.Query'
'-q:../../xql/corrList_2_words-not-found.xql'
'-s:../../../build/W0027_Vol01/corrlist/W0027_Vol01-la_all-wordforms.html'
'-o:../../../build/W0027_Vol01/corrlist/W0027_Vol01-la_wordforms-not-in-dict.html'
'-traceout:#err'
'-t'

The ' characters around the executable and arguments are
not part of the command.
     [java] Saxon-HE 9.8.0.12J from Saxonica
     [java] Java version 16.0.2
     [java] Analyzing query from ../../xql/corrList_2_words-not-found.xql
     [java] Analysis time: 335.0073 milliseconds
     [java] Processing file:/D:/SVN/trunk/teiedit/works/corr/build/main/../../../build/W0027_Vol01/corrlist/W0027_Vol01-la_all-wordforms.html
     [java] Using parser com.sun.org.apache.xerces.internal.jaxp.SAXParserImpl$JAXPSAXParser
     [java] Building tree for file:/D:/SVN/trunk/teiedit/works/corr/build/main/../../../build/W0027_Vol01/corrlist/W0027_Vol01-la_all-wordforms.html using class net.sf.saxon.tree.tiny.TinyBuilder
     [java] Tree built in 885.5093ms
     [java] Tree size: 3275343 nodes, 6545446 characters, 1024626 attributes
     [java] Execution time: 500.7678ms
     [java] Memory used: 184423008
     [java] Executing 'C:\Program Files (x86)\Java\jdk-16.0.2\bin\java.exe' with arguments:
'-Xmx3000m'
'-classpath'
'D:\SVN\trunk\teiedit\lib\xsltproc\Saxon-HE-9.8.0-12.jar'
'net.sf.saxon.Query'
'-q:../../xql/corrList_2_comp-hyph-nohyph.xql'
'-s:../../../build/W0027_Vol01/corrlist/W0027_Vol01-la_all-wordforms.html'
'-o:../../../build/W0027_Vol01/corrlist/W0027_Vol01-la_unclear-hyphenations_in-dict.html'
'-traceout:#err'
'-t'

The ' characters around the executable and arguments are
not part of the command.
     [java] Saxon-HE 9.8.0.12J from Saxonica
     [java] Java version 16.0.2
     [java] Analyzing query from ../../xql/corrList_2_comp-hyph-nohyph.xql
     [java] Analysis time: 340.2059 milliseconds
     [java] Processing file:/D:/SVN/trunk/teiedit/works/corr/build/main/../../../build/W0027_Vol01/corrlist/W0027_Vol01-la_all-wordforms.html
     [java] Using parser com.sun.org.apache.xerces.internal.jaxp.SAXParserImpl$JAXPSAXParser
     [java] Building tree for file:/D:/SVN/trunk/teiedit/works/corr/build/main/../../../build/W0027_Vol01/corrlist/W0027_Vol01-la_all-wordforms.html using class net.sf.saxon.tree.tiny.TinyBuilder
     [java] Tree built in 907.9303ms
     [java] Tree size: 3275343 nodes, 6545446 characters, 1024626 attributes
     [java] Execution time: 71.9699ms
     [java] Memory used: 232225264
     [java] Executing 'C:\Program Files (x86)\Java\jdk-16.0.2\bin\java.exe' with arguments:
'-Xmx3000m'
'-classpath'
'D:\SVN\trunk\teiedit\lib\xsltproc\Saxon-HE-9.8.0-12.jar'
'net.sf.saxon.Query'
'-q:../../xql/corrList_2_comp-not-found.xql'
'-s:../../../build/W0027_Vol01/corrlist/W0027_Vol01-la_all-wordforms.html'
'-o:../../../build/W0027_Vol01/corrlist/W0027_Vol01-la_unclear-hyphenations_not-in-dict.html'
'-traceout:#err'
'-t'

The ' characters around the executable and arguments are
not part of the command.
     [java] Saxon-HE 9.8.0.12J from Saxonica
     [java] Java version 16.0.2
     [java] Analyzing query from ../../xql/corrList_2_comp-not-found.xql
     [java] Analysis time: 348.3121 milliseconds
     [java] Processing file:/D:/SVN/trunk/teiedit/works/corr/build/main/../../../build/W0027_Vol01/corrlist/W0027_Vol01-la_all-wordforms.html
     [java] Using parser com.sun.org.apache.xerces.internal.jaxp.SAXParserImpl$JAXPSAXParser
     [java] Building tree for file:/D:/SVN/trunk/teiedit/works/corr/build/main/../../../build/W0027_Vol01/corrlist/W0027_Vol01-la_all-wordforms.html using class net.sf.saxon.tree.tiny.TinyBuilder
     [java] Tree built in 882.3603ms
     [java] Tree size: 3275343 nodes, 6545446 characters, 1024626 attributes
     [java] Execution time: 185.3865ms
     [java] Memory used: 257791072
     [java] Executing 'C:\Program Files (x86)\Java\jdk-16.0.2\bin\java.exe' with arguments:
'-Xmx3000m'
'-classpath'
'D:\SVN\trunk\teiedit\lib\xsltproc\Saxon-HE-9.8.0-12.jar'
'net.sf.saxon.Query'
'-q:../../xql/corrList_2_words-not-found_sorted.xql'
'-s:../../../build/W0027_Vol01/corrlist/W0027_Vol01-la_all-wordforms.html'
'-o:../../../build/W0027_Vol01/corrlist/W0027_Vol01-la_wordforms-not-in-dict_sorted.html'
'-traceout:#err'
'-t'
'editText=special-chars-only'

The ' characters around the executable and arguments are
not part of the command.
     [java] Saxon-HE 9.8.0.12J from Saxonica
     [java] Java version 16.0.2
     [java] Analyzing query from ../../xql/corrList_2_words-not-found_sorted.xql
     [java] Analysis time: 365.5689 milliseconds
     [java] Processing file:/D:/SVN/trunk/teiedit/works/corr/build/main/../../../build/W0027_Vol01/corrlist/W0027_Vol01-la_all-wordforms.html
     [java] Using parser com.sun.org.apache.xerces.internal.jaxp.SAXParserImpl$JAXPSAXParser
     [java] Building tree for file:/D:/SVN/trunk/teiedit/works/corr/build/main/../../../build/W0027_Vol01/corrlist/W0027_Vol01-la_all-wordforms.html using class net.sf.saxon.tree.tiny.TinyBuilder
     [java] Tree built in 878.8294ms
     [java] Tree size: 3275343 nodes, 6545446 characters, 1024626 attributes
     [java] Execution time: 267.8739ms
     [java] Memory used: 235110320
