     [xslt] Using class org.apache.tools.ant.taskdefs.optional.TraXLiaison
     [xslt] Processing D:\EscuelaSalamanca\SVN\04-39\trunk\teiedit\works\build\W0001_Vol06\xml\W0001_Vol06_019.xml to D:\EscuelaSalamanca\SVN\04-39\trunk\teiedit\works\build\W0001_Vol06\xml\W0001_Vol06_020.xml
     [xslt] Loading stylesheet D:\EscuelaSalamanca\SVN\04-39\trunk\teiedit\works\build\W0001_Vol06\xsl\W0001_Vol06_019.xsl
     [xslt] INFO: repositioned lb W0001-06-0544-lb-2020

     [xslt] WARN: found choice element which seems not to be separated from preceding or following text - resolve this manually! (in line W0001-06-0010-lb-1011 )

     [xslt] WARN: found choice element which seems not to be separated from preceding or following text - resolve this manually! (in line W0001-06-0011-lb-2046 )

     [xslt] WARN: found choice element which seems not to be separated from preceding or following text - resolve this manually! (in line W0001-06-0021-lb-m019 )

     [xslt] WARN: found choice element which seems not to be separated from preceding or following text - resolve this manually! (in line W0001-06-0023-lb-m012 )

     [xslt] WARN: found choice element which seems not to be separated from preceding or following text - resolve this manually! (in line W0001-06-0023-lb-m033 )

     [xslt] WARN: found choice element which seems not to be separated from preceding or following text - resolve this manually! (in line W0001-06-0026-lb-m001 )

     [xslt] WARN: found choice element which seems not to be separated from preceding or following text - resolve this manually! (in line W0001-06-0027-lb-1062 )

     [xslt] WARN: found choice element which seems not to be separated from preceding or following text - resolve this manually! (in line W0001-06-0027-lb-m021 )

     [xslt] WARN: found choice element which seems not to be separated from preceding or following text - resolve this manually! (in line W0001-06-0027-lb-m030 )

     [xslt] WARN: found choice element which seems not to be separated from preceding or following text - resolve this manually! (in line W0001-06-0031-lb-m002 )

     [xslt] WARN: found choice element which seems not to be separated from preceding or following text - resolve this manually! (in line W0001-06-0035-lb-1033 )

     [xslt] WARN: found choice element which seems not to be separated from preceding or following text - resolve this manually! (in line W0001-06-0036-lb-1056 )

     [xslt] WARN: found choice element which seems not to be separated from preceding or following text - resolve this manually! (in line W0001-06-0039-lb-m009 )

     [xslt] WARN: found choice element which seems not to be separated from preceding or following text - resolve this manually! (in line W0001-06-0043-lb-m028 )

     [xslt] WARN: found choice element which seems not to be separated from preceding or following text - resolve this manually! (in line W0001-06-0050-lb-m001 )

     [xslt] WARN: found choice element which seems not to be separated from preceding or following text - resolve this manually! (in line W0001-06-0050-lb-m018 )

     [xslt] WARN: found choice element which seems not to be separated from preceding or following text - resolve this manually! (in line W0001-06-0052-lb-m012 )

     [xslt] WARN: found choice element which seems not to be separated from preceding or following text - resolve this manually! (in line W0001-06-0052-lb-m015 )

     [xslt] WARN: found choice element which seems not to be separated from preceding or following text - resolve this manually! (in line W0001-06-0054-lb-m015 )

     [xslt] WARN: found choice element which seems not to be separated from preceding or following text - resolve this manually! (in line W0001-06-0064-lb-m035 )

     [xslt] WARN: found choice element which seems not to be separated from preceding or following text - resolve this manually! (in line W0001-06-0065-lb-m004 )

     [xslt] WARN: found choice element which seems not to be separated from preceding or following text - resolve this manually! (in line W0001-06-0066-lb-2048 )

     [xslt] WARN: found choice element which seems not to be separated from preceding or following text - resolve this manually! (in line W0001-06-0072-lb-m015 )

     [xslt] WARN: found choice element which seems not to be separated from preceding or following text - resolve this manually! (in line W0001-06-0073-lb-m004 )

     [xslt] WARN: found choice element which seems not to be separated from preceding or following text - resolve this manually! (in line W0001-06-0073-lb-1046 )

     [xslt] WARN: found choice element which seems not to be separated from preceding or following text - resolve this manually! (in line W0001-06-0076-lb-m006 )

     [xslt] WARN: found choice element which seems not to be separated from preceding or following text - resolve this manually! (in line W0001-06-0076-lb-m007 )

     [xslt] WARN: found choice element which seems not to be separated from preceding or following text - resolve this manually! (in line W0001-06-0084-lb-1044 )

     [xslt] WARN: found choice element which seems not to be separated from preceding or following text - resolve this manually! (in line W0001-06-0085-lb-m025 )

     [xslt] WARN: found choice element which seems not to be separated from preceding or following text - resolve this manually! (in line W0001-06-0092-lb-m045 )

     [xslt] WARN: found choice element which seems not to be separated from preceding or following text - resolve this manually! (in line W0001-06-0092-lb-m053 )

     [xslt] WARN: found choice element which seems not to be separated from preceding or following text - resolve this manually! (in line W0001-06-0093-lb-2034 )

     [xslt] WARN: found choice element which seems not to be separated from preceding or following text - resolve this manually! (in line W0001-06-0095-lb-m030 )

     [xslt] WARN: found choice element which seems not to be separated from preceding or following text - resolve this manually! (in line W0001-06-0097-lb-m010 )

     [xslt] WARN: found choice element which seems not to be separated from preceding or following text - resolve this manually! (in line W0001-06-0099-lb-m031 )

     [xslt] WARN: found choice element which seems not to be separated from preceding or following text - resolve this manually! (in line W0001-06-0099-lb-m034 )

     [xslt] WARN: found choice element which seems not to be separated from preceding or following text - resolve this manually! (in line W0001-06-0101-lb-m045 )

     [xslt] WARN: found choice element which seems not to be separated from preceding or following text - resolve this manually! (in line W0001-06-0102-lb-m045 )

     [xslt] WARN: found choice element which seems not to be separated from preceding or following text - resolve this manually! (in line W0001-06-0103-lb-m010 )

     [xslt] WARN: found choice element which seems not to be separated from preceding or following text - resolve this manually! (in line W0001-06-0103-lb-m012 )

     [xslt] WARN: found choice element which seems not to be separated from preceding or following text - resolve this manually! (in line W0001-06-0104-lb-m022 )

     [xslt] WARN: found choice element which seems not to be separated from preceding or following text - resolve this manually! (in line W0001-06-0105-lb-m017 )

     [xslt] WARN: found choice element which seems not to be separated from preceding or following text - resolve this manually! (in line W0001-06-0105-lb-2010 )

     [xslt] WARN: found choice element which seems not to be separated from preceding or following text - resolve this manually! (in line W0001-06-0105-lb-m037 )

     [xslt] WARN: found choice element which seems not to be separated from preceding or following text - resolve this manually! (in line W0001-06-0106-lb-m003 )

     [xslt] WARN: found choice element which seems not to be separated from preceding or following text - resolve this manually! (in line W0001-06-0106-lb-m023 )

     [xslt] WARN: found choice element which seems not to be separated from preceding or following text - resolve this manually! (in line W0001-06-0107-lb-m001 )

     [xslt] WARN: found choice element which seems not to be separated from preceding or following text - resolve this manually! (in line W0001-06-0107-lb-2017 )

     [xslt] WARN: found choice element which seems not to be separated from preceding or following text - resolve this manually! (in line W0001-06-0109-lb-m016 )

     [xslt] WARN: found choice element which seems not to be separated from preceding or following text - resolve this manually! (in line W0001-06-0109-lb-m018 )

     [xslt] WARN: found choice element which seems not to be separated from preceding or following text - resolve this manually! (in line W0001-06-0112-lb-m019 )

     [xslt] WARN: found choice element which seems not to be separated from preceding or following text - resolve this manually! (in line W0001-06-0115-lb-m021 )

     [xslt] WARN: found choice element which seems not to be separated from preceding or following text - resolve this manually! (in line W0001-06-0115-lb-2023 )

     [xslt] WARN: found choice element which seems not to be separated from preceding or following text - resolve this manually! (in line W0001-06-0120-lb-m036 )

     [xslt] WARN: found choice element which seems not to be separated from preceding or following text - resolve this manually! (in line W0001-06-0124-lb-2026 )

     [xslt] WARN: found choice element which seems not to be separated from preceding or following text - resolve this manually! (in line W0001-06-0126-lb-m001 )

     [xslt] WARN: found choice element which seems not to be separated from preceding or following text - resolve this manually! (in line W0001-06-0126-lb-m006 )

     [xslt] WARN: found choice element which seems not to be separated from preceding or following text - resolve this manually! (in line W0001-06-0126-lb-m011 )

     [xslt] WARN: found choice element which seems not to be separated from preceding or following text - resolve this manually! (in line W0001-06-0127-lb-m009 )

     [xslt] WARN: found choice element which seems not to be separated from preceding or following text - resolve this manually! (in line W0001-06-0127-lb-m024 )

     [xslt] WARN: found choice element which seems not to be separated from preceding or following text - resolve this manually! (in line W0001-06-0131-lb-2043 )

     [xslt] WARN: found choice element which seems not to be separated from preceding or following text - resolve this manually! (in line W0001-06-0131-lb-m035 )

     [xslt] WARN: found choice element which seems not to be separated from preceding or following text - resolve this manually! (in line W0001-06-0132-lb-m013 )

     [xslt] WARN: found choice element which seems not to be separated from preceding or following text - resolve this manually! (in line W0001-06-0136-lb-m007 )

     [xslt] WARN: found choice element which seems not to be separated from preceding or following text - resolve this manually! (in line W0001-06-0136-lb-m047 )

     [xslt] WARN: found choice element which seems not to be separated from preceding or following text - resolve this manually! (in line W0001-06-0138-lb-m030 )

     [xslt] WARN: found choice element which seems not to be separated from preceding or following text - resolve this manually! (in line W0001-06-0139-lb-m003 )

     [xslt] WARN: found choice element which seems not to be separated from preceding or following text - resolve this manually! (in line W0001-06-0141-lb-m005 )

     [xslt] WARN: found choice element which seems not to be separated from preceding or following text - resolve this manually! (in line W0001-06-0145-lb-m022 )

     [xslt] WARN: found choice element which seems not to be separated from preceding or following text - resolve this manually! (in line W0001-06-0146-lb-m007 )

     [xslt] WARN: found choice element which seems not to be separated from preceding or following text - resolve this manually! (in line W0001-06-0147-lb-m036 )

     [xslt] WARN: found choice element which seems not to be separated from preceding or following text - resolve this manually! (in line W0001-06-0152-lb-m009 )

     [xslt] WARN: found choice element which seems not to be separated from preceding or following text - resolve this manually! (in line W0001-06-0158-lb-m007 )

     [xslt] WARN: found choice element which seems not to be separated from preceding or following text - resolve this manually! (in line W0001-06-0161-lb-m024 )

     [xslt] WARN: found choice element which seems not to be separated from preceding or following text - resolve this manually! (in line W0001-06-0166-lb-m035 )

     [xslt] WARN: found choice element which seems not to be separated from preceding or following text - resolve this manually! (in line W0001-06-0168-lb-1016 )

     [xslt] WARN: found choice element which seems not to be separated from preceding or following text - resolve this manually! (in line W0001-06-0170-lb-m001 )

     [xslt] WARN: found choice element which seems not to be separated from preceding or following text - resolve this manually! (in line W0001-06-0173-lb-m032 )

     [xslt] WARN: found choice element which seems not to be separated from preceding or following text - resolve this manually! (in line W0001-06-0175-lb-m015 )

     [xslt] WARN: found choice element which seems not to be separated from preceding or following text - resolve this manually! (in line W0001-06-0175-lb-m040 )

     [xslt] WARN: found choice element which seems not to be separated from preceding or following text - resolve this manually! (in line W0001-06-0176-lb-m023 )

     [xslt] WARN: found choice element which seems not to be separated from preceding or following text - resolve this manually! (in line W0001-06-0177-lb-2016 )

     [xslt] WARN: found choice element which seems not to be separated from preceding or following text - resolve this manually! (in line W0001-06-0177-lb-2025 )

     [xslt] WARN: found choice element which seems not to be separated from preceding or following text - resolve this manually! (in line W0001-06-0177-lb-m028 )

     [xslt] WARN: found choice element which seems not to be separated from preceding or following text - resolve this manually! (in line W0001-06-0179-lb-m023 )

     [xslt] WARN: found choice element which seems not to be separated from preceding or following text - resolve this manually! (in line W0001-06-0180-lb-m005 )

     [xslt] WARN: found choice element which seems not to be separated from preceding or following text - resolve this manually! (in line W0001-06-0180-lb-m019 )

     [xslt] WARN: found choice element which seems not to be separated from preceding or following text - resolve this manually! (in line W0001-06-0183-lb-m025 )

     [xslt] WARN: found choice element which seems not to be separated from preceding or following text - resolve this manually! (in line W0001-06-0184-lb-m002 )

     [xslt] WARN: found choice element which seems not to be separated from preceding or following text - resolve this manually! (in line W0001-06-0186-lb-m008 )

     [xslt] WARN: found choice element which seems not to be separated from preceding or following text - resolve this manually! (in line W0001-06-0187-lb-m002 )

     [xslt] WARN: found choice element which seems not to be separated from preceding or following text - resolve this manually! (in line W0001-06-0189-lb-m006 )

     [xslt] WARN: found choice element which seems not to be separated from preceding or following text - resolve this manually! (in line W0001-06-0189-lb-m020 )

     [xslt] WARN: found choice element which seems not to be separated from preceding or following text - resolve this manually! (in line W0001-06-0198-lb-m008 )

     [xslt] WARN: found choice element which seems not to be separated from preceding or following text - resolve this manually! (in line W0001-06-0212-lb-m016 )

     [xslt] WARN: found choice element which seems not to be separated from preceding or following text - resolve this manually! (in line W0001-06-0223-lb-m023 )

     [xslt] WARN: found choice element which seems not to be separated from preceding or following text - resolve this manually! (in line W0001-06-0232-lb-m001 )

     [xslt] WARN: found choice element which seems not to be separated from preceding or following text - resolve this manually! (in line W0001-06-0237-lb-m014 )

     [xslt] WARN: found choice element which seems not to be separated from preceding or following text - resolve this manually! (in line W0001-06-0239-lb-2044 )

     [xslt] WARN: found choice element which seems not to be separated from preceding or following text - resolve this manually! (in line W0001-06-0249-lb-2063 )

     [xslt] WARN: found choice element which seems not to be separated from preceding or following text - resolve this manually! (in line W0001-06-0252-lb-m007 )

     [xslt] WARN: found choice element which seems not to be separated from preceding or following text - resolve this manually! (in line W0001-06-0255-lb-m023 )

     [xslt] WARN: found choice element which seems not to be separated from preceding or following text - resolve this manually! (in line W0001-06-0258-lb-2028 )

     [xslt] WARN: found choice element which seems not to be separated from preceding or following text - resolve this manually! (in line W0001-06-0262-lb-1048 )

     [xslt] WARN: found choice element which seems not to be separated from preceding or following text - resolve this manually! (in line W0001-06-0268-lb-m010 )

     [xslt] WARN: found choice element which seems not to be separated from preceding or following text - resolve this manually! (in line W0001-06-0269-lb-m018 )

     [xslt] WARN: found choice element which seems not to be separated from preceding or following text - resolve this manually! (in line W0001-06-0269-lb-m026 )

     [xslt] WARN: found choice element which seems not to be separated from preceding or following text - resolve this manually! (in line W0001-06-0276-lb-1031 )

     [xslt] WARN: found choice element which seems not to be separated from preceding or following text - resolve this manually! (in line W0001-06-0283-lb-m003 )

     [xslt] WARN: found choice element which seems not to be separated from preceding or following text - resolve this manually! (in line W0001-06-0283-lb-m012 )

     [xslt] WARN: found choice element which seems not to be separated from preceding or following text - resolve this manually! (in line W0001-06-0286-lb-m019 )

     [xslt] WARN: found choice element which seems not to be separated from preceding or following text - resolve this manually! (in line W0001-06-0288-lb-m006 )

     [xslt] WARN: found choice element which seems not to be separated from preceding or following text - resolve this manually! (in line W0001-06-0290-lb-1061 )

     [xslt] WARN: found choice element which seems not to be separated from preceding or following text - resolve this manually! (in line W0001-06-0297-lb-m005 )

     [xslt] WARN: found choice element which seems not to be separated from preceding or following text - resolve this manually! (in line W0001-06-0307-lb-m039 )

     [xslt] WARN: found choice element which seems not to be separated from preceding or following text - resolve this manually! (in line W0001-06-0311-lb-m002 )

     [xslt] WARN: found choice element which seems not to be separated from preceding or following text - resolve this manually! (in line W0001-06-0315-lb-m003 )

     [xslt] WARN: found choice element which seems not to be separated from preceding or following text - resolve this manually! (in line W0001-06-0322-lb-2032 )

     [xslt] WARN: found choice element which seems not to be separated from preceding or following text - resolve this manually! (in line W0001-06-0324-lb-0017 )

     [xslt] WARN: found choice element which seems not to be separated from preceding or following text - resolve this manually! (in line W0001-06-0326-lb-m014 )

     [xslt] WARN: found choice element which seems not to be separated from preceding or following text - resolve this manually! (in line W0001-06-0326-lb-m024 )

     [xslt] WARN: found choice element which seems not to be separated from preceding or following text - resolve this manually! (in line W0001-06-0326-lb-m025 )

     [xslt] WARN: found choice element which seems not to be separated from preceding or following text - resolve this manually! (in line W0001-06-0326-lb-m025 )

     [xslt] WARN: found choice element which seems not to be separated from preceding or following text - resolve this manually! (in line W0001-06-0327-lb-m018 )

     [xslt] WARN: found choice element which seems not to be separated from preceding or following text - resolve this manually! (in line W0001-06-0329-lb-m005 )

     [xslt] WARN: found choice element which seems not to be separated from preceding or following text - resolve this manually! (in line W0001-06-0329-lb-2056 )

     [xslt] WARN: found choice element which seems not to be separated from preceding or following text - resolve this manually! (in line W0001-06-0330-lb-m003 )

     [xslt] WARN: found choice element which seems not to be separated from preceding or following text - resolve this manually! (in line W0001-06-0331-lb-2058 )

     [xslt] WARN: found choice element which seems not to be separated from preceding or following text - resolve this manually! (in line W0001-06-0339-lb-2057 )

     [xslt] WARN: found choice element which seems not to be separated from preceding or following text - resolve this manually! (in line W0001-06-0340-lb-1038 )

     [xslt] WARN: found choice element which seems not to be separated from preceding or following text - resolve this manually! (in line W0001-06-0342-lb-2024 )

     [xslt] WARN: found choice element which seems not to be separated from preceding or following text - resolve this manually! (in line W0001-06-0343-lb-m039 )

     [xslt] WARN: found choice element which seems not to be separated from preceding or following text - resolve this manually! (in line W0001-06-0344-lb-m025 )

     [xslt] WARN: found choice element which seems not to be separated from preceding or following text - resolve this manually! (in line W0001-06-0346-lb-m015 )

     [xslt] WARN: found choice element which seems not to be separated from preceding or following text - resolve this manually! (in line W0001-06-0347-lb-m001 )

     [xslt] WARN: found choice element which seems not to be separated from preceding or following text - resolve this manually! (in line W0001-06-0347-lb-m031 )

     [xslt] WARN: found choice element which seems not to be separated from preceding or following text - resolve this manually! (in line W0001-06-0348-lb-m005 )

     [xslt] WARN: found choice element which seems not to be separated from preceding or following text - resolve this manually! (in line W0001-06-0352-lb-m038 )

     [xslt] WARN: found choice element which seems not to be separated from preceding or following text - resolve this manually! (in line W0001-06-0353-lb-m006 )

     [xslt] WARN: found choice element which seems not to be separated from preceding or following text - resolve this manually! (in line W0001-06-0353-lb-m009 )

     [xslt] WARN: found choice element which seems not to be separated from preceding or following text - resolve this manually! (in line W0001-06-0353-lb-m013 )

     [xslt] WARN: found choice element which seems not to be separated from preceding or following text - resolve this manually! (in line W0001-06-0355-lb-m001 )

     [xslt] WARN: found choice element which seems not to be separated from preceding or following text - resolve this manually! (in line W0001-06-0355-lb-m020 )

     [xslt] WARN: found choice element which seems not to be separated from preceding or following text - resolve this manually! (in line W0001-06-0357-lb-2011 )

     [xslt] WARN: found choice element which seems not to be separated from preceding or following text - resolve this manually! (in line W0001-06-0358-lb-2066 )

     [xslt] WARN: found choice element which seems not to be separated from preceding or following text - resolve this manually! (in line W0001-06-0366-lb-m006 )

     [xslt] WARN: found choice element which seems not to be separated from preceding or following text - resolve this manually! (in line W0001-06-0366-lb-m013 )

     [xslt] WARN: found choice element which seems not to be separated from preceding or following text - resolve this manually! (in line W0001-06-0368-lb-1013 )

     [xslt] WARN: found choice element which seems not to be separated from preceding or following text - resolve this manually! (in line W0001-06-0373-lb-m015 )

     [xslt] WARN: found choice element which seems not to be separated from preceding or following text - resolve this manually! (in line W0001-06-0375-lb-m001 )

     [xslt] WARN: found choice element which seems not to be separated from preceding or following text - resolve this manually! (in line W0001-06-0382-lb-m015 )

     [xslt] WARN: found choice element which seems not to be separated from preceding or following text - resolve this manually! (in line W0001-06-0382-lb-2062 )

     [xslt] WARN: found choice element which seems not to be separated from preceding or following text - resolve this manually! (in line W0001-06-0385-lb-1047 )

     [xslt] WARN: found choice element which seems not to be separated from preceding or following text - resolve this manually! (in line W0001-06-0385-lb-m016 )

     [xslt] WARN: found choice element which seems not to be separated from preceding or following text - resolve this manually! (in line W0001-06-0393-lb-1023 )

     [xslt] WARN: found choice element which seems not to be separated from preceding or following text - resolve this manually! (in line W0001-06-0397-lb-m011 )

     [xslt] WARN: found choice element which seems not to be separated from preceding or following text - resolve this manually! (in line W0001-06-0400-lb-1021 )

     [xslt] WARN: found choice element which seems not to be separated from preceding or following text - resolve this manually! (in line W0001-06-0401-lb-m032 )

     [xslt] WARN: found choice element which seems not to be separated from preceding or following text - resolve this manually! (in line W0001-06-0404-lb-m008 )

     [xslt] WARN: found choice element which seems not to be separated from preceding or following text - resolve this manually! (in line W0001-06-0406-lb-m004 )

     [xslt] WARN: found choice element which seems not to be separated from preceding or following text - resolve this manually! (in line W0001-06-0408-lb-m012 )

     [xslt] WARN: found choice element which seems not to be separated from preceding or following text - resolve this manually! (in line W0001-06-0421-lb-m017 )

     [xslt] WARN: found choice element which seems not to be separated from preceding or following text - resolve this manually! (in line W0001-06-0422-lb-m008 )

     [xslt] WARN: found choice element which seems not to be separated from preceding or following text - resolve this manually! (in line W0001-06-0422-lb-2039 )

     [xslt] WARN: found choice element which seems not to be separated from preceding or following text - resolve this manually! (in line W0001-06-0425-lb-m016 )

     [xslt] WARN: found choice element which seems not to be separated from preceding or following text - resolve this manually! (in line W0001-06-0431-lb-2002 )

     [xslt] WARN: found choice element which seems not to be separated from preceding or following text - resolve this manually! (in line W0001-06-0433-lb-m015 )

     [xslt] WARN: found choice element which seems not to be separated from preceding or following text - resolve this manually! (in line W0001-06-0438-lb-1026 )

     [xslt] WARN: found choice element which seems not to be separated from preceding or following text - resolve this manually! (in line W0001-06-0450-lb-1035 )

     [xslt] WARN: found choice element which seems not to be separated from preceding or following text - resolve this manually! (in line W0001-06-0451-lb-m024 )

     [xslt] WARN: found choice element which seems not to be separated from preceding or following text - resolve this manually! (in line W0001-06-0457-lb-m018 )

     [xslt] WARN: found choice element which seems not to be separated from preceding or following text - resolve this manually! (in line W0001-06-0458-lb-m024 )

     [xslt] WARN: found choice element which seems not to be separated from preceding or following text - resolve this manually! (in line W0001-06-0463-lb-m005 )

     [xslt] WARN: found choice element which seems not to be separated from preceding or following text - resolve this manually! (in line W0001-06-0463-lb-m012 )

     [xslt] WARN: found choice element which seems not to be separated from preceding or following text - resolve this manually! (in line W0001-06-0463-lb-m016 )

     [xslt] WARN: found choice element which seems not to be separated from preceding or following text - resolve this manually! (in line W0001-06-0464-lb-m015 )

     [xslt] WARN: found choice element which seems not to be separated from preceding or following text - resolve this manually! (in line W0001-06-0467-lb-1026 )

     [xslt] WARN: found choice element which seems not to be separated from preceding or following text - resolve this manually! (in line W0001-06-0467-lb-m022 )

     [xslt] WARN: found choice element which seems not to be separated from preceding or following text - resolve this manually! (in line W0001-06-0469-lb-m017 )

     [xslt] WARN: found choice element which seems not to be separated from preceding or following text - resolve this manually! (in line W0001-06-0470-lb-m005 )

     [xslt] WARN: found choice element which seems not to be separated from preceding or following text - resolve this manually! (in line W0001-06-0472-lb-m007 )

     [xslt] WARN: found choice element which seems not to be separated from preceding or following text - resolve this manually! (in line W0001-06-0472-lb-m016 )

     [xslt] WARN: found choice element which seems not to be separated from preceding or following text - resolve this manually! (in line W0001-06-0474-lb-m021 )

     [xslt] WARN: found choice element which seems not to be separated from preceding or following text - resolve this manually! (in line W0001-06-0476-lb-2004 )

     [xslt] WARN: found choice element which seems not to be separated from preceding or following text - resolve this manually! (in line W0001-06-0483-lb-m004 )

     [xslt] WARN: found choice element which seems not to be separated from preceding or following text - resolve this manually! (in line W0001-06-0495-lb-m014 )

     [xslt] WARN: found choice element which seems not to be separated from preceding or following text - resolve this manually! (in line W0001-06-0497-lb-m026 )

     [xslt] WARN: found choice element which seems not to be separated from preceding or following text - resolve this manually! (in line W0001-06-0501-lb-2020 )

     [xslt] WARN: found choice element which seems not to be separated from preceding or following text - resolve this manually! (in line W0001-06-0501-lb-2020 )

     [xslt] WARN: found choice element which seems not to be separated from preceding or following text - resolve this manually! (in line W0001-06-0502-lb-2021 )

     [xslt] WARN: found choice element which seems not to be separated from preceding or following text - resolve this manually! (in line W0001-06-0504-lb-m003 )

     [xslt] WARN: found choice element which seems not to be separated from preceding or following text - resolve this manually! (in line W0001-06-0510-lb-m015 )

     [xslt] WARN: found choice element which seems not to be separated from preceding or following text - resolve this manually! (in line W0001-06-0511-lb-m028 )

     [xslt] WARN: found choice element which seems not to be separated from preceding or following text - resolve this manually! (in line W0001-06-0514-lb-2067 )

     [xslt] WARN: found choice element which seems not to be separated from preceding or following text - resolve this manually! (in line W0001-06-0519-lb-2005 )

     [xslt] WARN: found choice element which seems not to be separated from preceding or following text - resolve this manually! (in line W0001-06-0532-lb-1025 )

     [xslt] WARN: found choice element which seems not to be separated from preceding or following text - resolve this manually! (in line W0001-06-0534-lb-1003 )

     [xslt] WARN: found choice element which seems not to be separated from preceding or following text - resolve this manually! (in line W0001-06-0534-lb-1045 )

     [xslt] WARN: found choice element which seems not to be separated from preceding or following text - resolve this manually! (in line W0001-06-0535-lb-1029 )

     [xslt] WARN: found choice element which seems not to be separated from preceding or following text - resolve this manually! (in line W0001-06-0535-lb-2045 )

     [xslt] WARN: found choice element which seems not to be separated from preceding or following text - resolve this manually! (in line W0001-06-0536-lb-2007 )

     [xslt] WARN: found choice element which seems not to be separated from preceding or following text - resolve this manually! (in line W0001-06-0537-lb-1048 )

     [xslt] WARN: found choice element which seems not to be separated from preceding or following text - resolve this manually! (in line W0001-06-0538-lb-1015 )

     [xslt] WARN: found choice element which seems not to be separated from preceding or following text - resolve this manually! (in line W0001-06-0539-lb-1041 )

     [xslt] WARN: found choice element which seems not to be separated from preceding or following text - resolve this manually! (in line W0001-06-0539-lb-1044 )

     [xslt] WARN: found choice element which seems not to be separated from preceding or following text - resolve this manually! (in line W0001-06-0539-lb-2008 )

     [xslt] WARN: found choice element which seems not to be separated from preceding or following text - resolve this manually! (in line W0001-06-0539-lb-2026 )

     [xslt] WARN: found choice element which seems not to be separated from preceding or following text - resolve this manually! (in line W0001-06-0541-lb-1005 )

     [xslt] WARN: found choice element which seems not to be separated from preceding or following text - resolve this manually! (in line W0001-06-0542-lb-1033 )

     [xslt] WARN: found choice element which seems not to be separated from preceding or following text - resolve this manually! (in line W0001-06-0543-lb-1061 )

     [xslt] WARN: found choice element which seems not to be separated from preceding or following text - resolve this manually! (in line W0001-06-0545-lb-1011 )

     [xslt] 

     [xslt] WARN: found choice element with empty child, in line W0001-06-0010-lb-1011 :

     [xslt] 	child::tei:sic (child 1) has content: ""

     [xslt] 	child::tei:corr (child 2) has content: "."

     [xslt] WARN: found choice element with empty child, in line W0001-06-0021-lb-m019 :

     [xslt] 	child::tei:sic (child 1) has content: ""

     [xslt] 	child::tei:corr (child 2) has content: "."

     [xslt] WARN: found choice element with empty child, in line W0001-06-0023-lb-m012 :

     [xslt] 	child::tei:sic (child 1) has content: ""

     [xslt] 	child::tei:corr (child 2) has content: "."

     [xslt] WARN: found choice element with empty child, in line W0001-06-0023-lb-m033 :

     [xslt] 	child::tei:sic (child 1) has content: ""

     [xslt] 	child::tei:corr (child 2) has content: "."

     [xslt] WARN: found choice element with empty child, in line W0001-06-0026-lb-m001 :

     [xslt] 	child::tei:sic (child 1) has content: ""

     [xslt] 	child::tei:corr (child 2) has content: "."

     [xslt] WARN: found choice element with empty child, in line W0001-06-0027-lb-m021 :

     [xslt] 	child::tei:sic (child 1) has content: ""

     [xslt] 	child::tei:corr (child 2) has content: "."

     [xslt] WARN: found choice element with empty child, in line W0001-06-0027-lb-m030 :

     [xslt] 	child::tei:sic (child 1) has content: ""

     [xslt] 	child::tei:corr (child 2) has content: "."

     [xslt] WARN: found choice element with empty child, in line W0001-06-0031-lb-m002 :

     [xslt] 	child::tei:sic (child 1) has content: ""

     [xslt] 	child::tei:corr (child 2) has content: "."

     [xslt] WARN: found choice element with empty child, in line W0001-06-0035-lb-1033 :

     [xslt] 	child::tei:sic (child 1) has content: "de "

     [xslt] 	child::tei:corr (child 2) has content: ""

     [xslt] WARN: found choice element with empty child, in line W0001-06-0036-lb-1056 :

     [xslt] 	child::tei:sic (child 1) has content: ""

     [xslt] 	child::tei:corr (child 2) has content: "-"

     [xslt] WARN: found choice element with empty child, in line W0001-06-0039-lb-m009 :

     [xslt] 	child::tei:sic (child 1) has content: ""

     [xslt] 	child::tei:corr (child 2) has content: "."

     [xslt] WARN: found choice element with empty child, in line W0001-06-0050-lb-m001 :

     [xslt] 	child::tei:sic (child 1) has content: ""

     [xslt] 	child::tei:corr (child 2) has content: "."

     [xslt] WARN: found choice element with empty child, in line W0001-06-0052-lb-m012 :

     [xslt] 	child::tei:sic (child 1) has content: ""

     [xslt] 	child::tei:corr (child 2) has content: "."

     [xslt] WARN: found choice element with empty child, in line W0001-06-0052-lb-m015 :

     [xslt] 	child::tei:sic (child 1) has content: ""

     [xslt] 	child::tei:corr (child 2) has content: "."

     [xslt] WARN: found choice element with empty child, in line W0001-06-0054-lb-m015 :

     [xslt] 	child::tei:sic (child 1) has content: ""

     [xslt] 	child::tei:corr (child 2) has content: "."

     [xslt] WARN: found choice element with empty child, in line W0001-06-0064-lb-m035 :

     [xslt] 	child::tei:sic (child 1) has content: ""

     [xslt] 	child::tei:corr (child 2) has content: "."

     [xslt] WARN: found choice element with empty child, in line W0001-06-0065-lb-m004 :

     [xslt] 	child::tei:sic (child 1) has content: ""

     [xslt] 	child::tei:corr (child 2) has content: "."

     [xslt] WARN: found choice element with empty child, in line W0001-06-0072-lb-m015 :

     [xslt] 	child::tei:sic (child 1) has content: ""

     [xslt] 	child::tei:corr (child 2) has content: "."

     [xslt] WARN: found choice element with empty child, in line W0001-06-0073-lb-m004 :

     [xslt] 	child::tei:sic (child 1) has content: ""

     [xslt] 	child::tei:corr (child 2) has content: "."

     [xslt] WARN: found choice element with empty child, in line W0001-06-0076-lb-m006 :

     [xslt] 	child::tei:sic (child 1) has content: ""

     [xslt] 	child::tei:corr (child 2) has content: "."

     [xslt] WARN: found choice element with empty child, in line W0001-06-0076-lb-m007 :

     [xslt] 	child::tei:sic (child 1) has content: ""

     [xslt] 	child::tei:corr (child 2) has content: "."

     [xslt] WARN: found choice element with empty child, in line W0001-06-0084-lb-1044 :

     [xslt] 	child::tei:sic (child 1) has content: ""

     [xslt] 	child::tei:corr (child 2) has content: "."

     [xslt] WARN: found choice element with empty child, in line W0001-06-0085-lb-m025 :

     [xslt] 	child::tei:sic (child 1) has content: ""

     [xslt] 	child::tei:corr (child 2) has content: "."

     [xslt] WARN: found choice element with empty child, in line W0001-06-0092-lb-m045 :

     [xslt] 	child::tei:sic (child 1) has content: ""

     [xslt] 	child::tei:corr (child 2) has content: "."

     [xslt] WARN: found choice element with empty child, in line W0001-06-0092-lb-m053 :

     [xslt] 	child::tei:sic (child 1) has content: ""

     [xslt] 	child::tei:corr (child 2) has content: "."

     [xslt] WARN: found choice element with empty child, in line W0001-06-0095-lb-m030 :

     [xslt] 	child::tei:sic (child 1) has content: ""

     [xslt] 	child::tei:corr (child 2) has content: "."

     [xslt] WARN: found choice element with empty child, in line W0001-06-0097-lb-m010 :

     [xslt] 	child::tei:sic (child 1) has content: ""

     [xslt] 	child::tei:corr (child 2) has content: "."

     [xslt] WARN: found choice element with empty child, in line W0001-06-0099-lb-m031 :

     [xslt] 	child::tei:sic (child 1) has content: ""

     [xslt] 	child::tei:corr (child 2) has content: "."

     [xslt] WARN: found choice element with empty child, in line W0001-06-0102-lb-m045 :

     [xslt] 	child::tei:sic (child 1) has content: ""

     [xslt] 	child::tei:corr (child 2) has content: "."

     [xslt] WARN: found choice element with empty child, in line W0001-06-0103-lb-m010 :

     [xslt] 	child::tei:sic (child 1) has content: ""

     [xslt] 	child::tei:corr (child 2) has content: "."

     [xslt] WARN: found choice element with empty child, in line W0001-06-0103-lb-m012 :

     [xslt] 	child::tei:sic (child 1) has content: ""

     [xslt] 	child::tei:corr (child 2) has content: "."

     [xslt] WARN: found choice element with empty child, in line W0001-06-0104-lb-m022 :

     [xslt] 	child::tei:sic (child 1) has content: ""

     [xslt] 	child::tei:corr (child 2) has content: "."

     [xslt] WARN: found choice element with empty child, in line W0001-06-0105-lb-m017 :

     [xslt] 	child::tei:sic (child 1) has content: ""

     [xslt] 	child::tei:corr (child 2) has content: ","

     [xslt] WARN: found choice element with empty child, in line W0001-06-0105-lb-2010 :

     [xslt] 	child::tei:sic (child 1) has content: ""

     [xslt] 	child::tei:corr (child 2) has content: ","

     [xslt] WARN: found choice element with empty child, in line W0001-06-0106-lb-m003 :

     [xslt] 	child::tei:sic (child 1) has content: ""

     [xslt] 	child::tei:corr (child 2) has content: "."

     [xslt] WARN: found choice element with empty child, in line W0001-06-0106-lb-m023 :

     [xslt] 	child::tei:sic (child 1) has content: ""

     [xslt] 	child::tei:corr (child 2) has content: "."

     [xslt] WARN: found choice element with empty child, in line W0001-06-0107-lb-m001 :

     [xslt] 	child::tei:sic (child 1) has content: ""

     [xslt] 	child::tei:corr (child 2) has content: "."

     [xslt] WARN: found choice element with empty child, in line W0001-06-0109-lb-m016 :

     [xslt] 	child::tei:sic (child 1) has content: ""

     [xslt] 	child::tei:corr (child 2) has content: "."

     [xslt] WARN: found choice element with empty child, in line W0001-06-0109-lb-m018 :

     [xslt] 	child::tei:sic (child 1) has content: ""

     [xslt] 	child::tei:corr (child 2) has content: "."

     [xslt] WARN: found choice element with empty child, in line W0001-06-0112-lb-m019 :

     [xslt] 	child::tei:sic (child 1) has content: ""

     [xslt] 	child::tei:corr (child 2) has content: "."

     [xslt] WARN: found choice element with empty child, in line W0001-06-0115-lb-2023 :

     [xslt] 	child::tei:sic (child 1) has content: ""

     [xslt] 	child::tei:corr (child 2) has content: "."

     [xslt] WARN: found choice element with empty child, in line W0001-06-0120-lb-m036 :

     [xslt] 	child::tei:sic (child 1) has content: ""

     [xslt] 	child::tei:corr (child 2) has content: "."

     [xslt] WARN: found choice element with empty child, in line W0001-06-0124-lb-2026 :

     [xslt] 	child::tei:sic (child 1) has content: ""

     [xslt] 	child::tei:corr (child 2) has content: "."

     [xslt] WARN: found choice element with empty child, in line W0001-06-0126-lb-m001 :

     [xslt] 	child::tei:sic (child 1) has content: ""

     [xslt] 	child::tei:corr (child 2) has content: "."

     [xslt] WARN: found choice element with empty child, in line W0001-06-0126-lb-m006 :

     [xslt] 	child::tei:sic (child 1) has content: ""

     [xslt] 	child::tei:corr (child 2) has content: "."

     [xslt] WARN: found choice element with empty child, in line W0001-06-0126-lb-m011 :

     [xslt] 	child::tei:sic (child 1) has content: ""

     [xslt] 	child::tei:corr (child 2) has content: "."

     [xslt] WARN: found choice element with empty child, in line W0001-06-0127-lb-m009 :

     [xslt] 	child::tei:sic (child 1) has content: ""

     [xslt] 	child::tei:corr (child 2) has content: "."

     [xslt] WARN: found choice element with empty child, in line W0001-06-0127-lb-m024 :

     [xslt] 	child::tei:sic (child 1) has content: ""

     [xslt] 	child::tei:corr (child 2) has content: "."

     [xslt] WARN: found choice element with empty child, in line W0001-06-0131-lb-2043 :

     [xslt] 	child::tei:sic (child 1) has content: ""

     [xslt] 	child::tei:corr (child 2) has content: "."

     [xslt] WARN: found choice element with empty child, in line W0001-06-0131-lb-m035 :

     [xslt] 	child::tei:sic (child 1) has content: ""

     [xslt] 	child::tei:corr (child 2) has content: "."

     [xslt] WARN: found choice element with empty child, in line W0001-06-0132-lb-m013 :

     [xslt] 	child::tei:sic (child 1) has content: ""

     [xslt] 	child::tei:corr (child 2) has content: "."

     [xslt] WARN: found choice element with empty child, in line W0001-06-0136-lb-m007 :

     [xslt] 	child::tei:sic (child 1) has content: ""

     [xslt] 	child::tei:corr (child 2) has content: "."

     [xslt] WARN: found choice element with empty child, in line W0001-06-0138-lb-m030 :

     [xslt] 	child::tei:sic (child 1) has content: ""

     [xslt] 	child::tei:corr (child 2) has content: "."

     [xslt] WARN: found choice element with empty child, in line W0001-06-0139-lb-m003 :

     [xslt] 	child::tei:sic (child 1) has content: ""

     [xslt] 	child::tei:corr (child 2) has content: "."

     [xslt] WARN: found choice element with empty child, in line W0001-06-0141-lb-m005 :

     [xslt] 	child::tei:sic (child 1) has content: ""

     [xslt] 	child::tei:corr (child 2) has content: "."

     [xslt] WARN: found choice element with empty child, in line W0001-06-0145-lb-m022 :

     [xslt] 	child::tei:sic (child 1) has content: ""

     [xslt] 	child::tei:corr (child 2) has content: "."

     [xslt] WARN: found choice element with empty child, in line W0001-06-0146-lb-m007 :

     [xslt] 	child::tei:sic (child 1) has content: ""

     [xslt] 	child::tei:corr (child 2) has content: "."

     [xslt] WARN: found choice element with empty child, in line W0001-06-0147-lb-m036 :

     [xslt] 	child::tei:sic (child 1) has content: ""

     [xslt] 	child::tei:corr (child 2) has content: "."

     [xslt] WARN: found choice element with empty child, in line W0001-06-0152-lb-m009 :

     [xslt] 	child::tei:sic (child 1) has content: ""

     [xslt] 	child::tei:corr (child 2) has content: "."

     [xslt] WARN: found choice element with empty child, in line W0001-06-0158-lb-m007 :

     [xslt] 	child::tei:sic (child 1) has content: ""

     [xslt] 	child::tei:corr (child 2) has content: "."

     [xslt] WARN: found choice element with empty child, in line W0001-06-0170-lb-m001 :

     [xslt] 	child::tei:sic (child 1) has content: ""

     [xslt] 	child::tei:corr (child 2) has content: "."

     [xslt] WARN: found choice element with empty child, in line W0001-06-0173-lb-m032 :

     [xslt] 	child::tei:sic (child 1) has content: ""

     [xslt] 	child::tei:corr (child 2) has content: "."

     [xslt] WARN: found choice element with empty child, in line W0001-06-0175-lb-m015 :

     [xslt] 	child::tei:sic (child 1) has content: ""

     [xslt] 	child::tei:corr (child 2) has content: "."

     [xslt] WARN: found choice element with empty child, in line W0001-06-0175-lb-m040 :

     [xslt] 	child::tei:sic (child 1) has content: ""

     [xslt] 	child::tei:corr (child 2) has content: "."

     [xslt] WARN: found choice element with empty child, in line W0001-06-0176-lb-m023 :

     [xslt] 	child::tei:sic (child 1) has content: ","

     [xslt] 	child::tei:corr (child 2) has content: ""

     [xslt] WARN: found choice element with empty child, in line W0001-06-0177-lb-2025 :

     [xslt] 	child::tei:sic (child 1) has content: ""

     [xslt] 	child::tei:corr (child 2) has content: "."

     [xslt] WARN: found choice element with empty child, in line W0001-06-0177-lb-m028 :

     [xslt] 	child::tei:sic (child 1) has content: ""

     [xslt] 	child::tei:corr (child 2) has content: "."

     [xslt] WARN: found choice element with empty child, in line W0001-06-0180-lb-m005 :

     [xslt] 	child::tei:sic (child 1) has content: ""

     [xslt] 	child::tei:corr (child 2) has content: "."

     [xslt] WARN: found choice element with empty child, in line W0001-06-0183-lb-m025 :

     [xslt] 	child::tei:sic (child 1) has content: ""

     [xslt] 	child::tei:corr (child 2) has content: "."

     [xslt] WARN: found choice element with empty child, in line W0001-06-0184-lb-m002 :

     [xslt] 	child::tei:sic (child 1) has content: ""

     [xslt] 	child::tei:corr (child 2) has content: "."

     [xslt] WARN: found choice element with empty child, in line W0001-06-0186-lb-m008 :

     [xslt] 	child::tei:sic (child 1) has content: ""

     [xslt] 	child::tei:corr (child 2) has content: "."

     [xslt] WARN: found choice element with empty child, in line W0001-06-0189-lb-m006 :

     [xslt] 	child::tei:sic (child 1) has content: ""

     [xslt] 	child::tei:corr (child 2) has content: "."

     [xslt] WARN: found choice element with empty child, in line W0001-06-0189-lb-m020 :

     [xslt] 	child::tei:sic (child 1) has content: ""

     [xslt] 	child::tei:corr (child 2) has content: "."

     [xslt] WARN: found choice element with empty child, in line W0001-06-0198-lb-m008 :

     [xslt] 	child::tei:sic (child 1) has content: ""

     [xslt] 	child::tei:corr (child 2) has content: "."

     [xslt] WARN: found choice element with empty child, in line W0001-06-0212-lb-m016 :

     [xslt] 	child::tei:sic (child 1) has content: ""

     [xslt] 	child::tei:corr (child 2) has content: "."

     [xslt] WARN: found choice element with empty child, in line W0001-06-0223-lb-m023 :

     [xslt] 	child::tei:sic (child 1) has content: ""

     [xslt] 	child::tei:corr (child 2) has content: "."

     [xslt] WARN: found choice element with empty child, in line W0001-06-0232-lb-m001 :

     [xslt] 	child::tei:sic (child 1) has content: ""

     [xslt] 	child::tei:corr (child 2) has content: "."

     [xslt] WARN: found choice element with empty child, in line W0001-06-0237-lb-m014 :

     [xslt] 	child::tei:sic (child 1) has content: ""

     [xslt] 	child::tei:corr (child 2) has content: "."

     [xslt] WARN: found choice element with empty child, in line W0001-06-0239-lb-2044 :

     [xslt] 	child::tei:sic (child 1) has content: ""

     [xslt] 	child::tei:corr (child 2) has content: "."

     [xslt] WARN: found choice element with empty child, in line W0001-06-0252-lb-m007 :

     [xslt] 	child::tei:sic (child 1) has content: ""

     [xslt] 	child::tei:corr (child 2) has content: "."

     [xslt] WARN: found choice element with empty child, in line W0001-06-0258-lb-2028 :

     [xslt] 	child::tei:sic (child 1) has content: ""

     [xslt] 	child::tei:corr (child 2) has content: "."

     [xslt] WARN: found choice element with empty child, in line W0001-06-0268-lb-m010 :

     [xslt] 	child::tei:sic (child 1) has content: ""

     [xslt] 	child::tei:corr (child 2) has content: "."

     [xslt] WARN: found choice element with empty child, in line W0001-06-0269-lb-m018 :

     [xslt] 	child::tei:sic (child 1) has content: ""

     [xslt] 	child::tei:corr (child 2) has content: "."

     [xslt] WARN: found choice element with empty child, in line W0001-06-0269-lb-m026 :

     [xslt] 	child::tei:sic (child 1) has content: ""

     [xslt] 	child::tei:corr (child 2) has content: "."

     [xslt] WARN: found choice element with empty child, in line W0001-06-0276-lb-1031 :

     [xslt] 	child::tei:sic (child 1) has content: ""

     [xslt] 	child::tei:corr (child 2) has content: "."

     [xslt] WARN: found choice element with empty child, in line W0001-06-0283-lb-m003 :

     [xslt] 	child::tei:sic (child 1) has content: ""

     [xslt] 	child::tei:corr (child 2) has content: "."

     [xslt] WARN: found choice element with empty child, in line W0001-06-0283-lb-m012 :

     [xslt] 	child::tei:sic (child 1) has content: ""

     [xslt] 	child::tei:corr (child 2) has content: "."

     [xslt] WARN: found choice element with empty child, in line W0001-06-0286-lb-m019 :

     [xslt] 	child::tei:sic (child 1) has content: ""

     [xslt] 	child::tei:corr (child 2) has content: "."

     [xslt] WARN: found choice element with empty child, in line W0001-06-0288-lb-m006 :

     [xslt] 	child::tei:sic (child 1) has content: ""

     [xslt] 	child::tei:corr (child 2) has content: "."

     [xslt] WARN: found choice element with empty child, in line W0001-06-0311-lb-m002 :

     [xslt] 	child::tei:sic (child 1) has content: ""

     [xslt] 	child::tei:corr (child 2) has content: "."

     [xslt] WARN: found choice element with empty child, in line W0001-06-0322-lb-2032 :

     [xslt] 	child::tei:sic (child 1) has content: ""

     [xslt] 	child::tei:corr (child 2) has content: ","

     [xslt] WARN: found choice element with empty child, in line W0001-06-0324-lb-0017 :

     [xslt] 	child::tei:sic (child 1) has content: ""

     [xslt] 	child::tei:corr (child 2) has content: "."

     [xslt] WARN: found choice element with empty child, in line W0001-06-0326-lb-m014 :

     [xslt] 	child::tei:sic (child 1) has content: ""

     [xslt] 	child::tei:corr (child 2) has content: "."

     [xslt] WARN: found choice element with empty child, in line W0001-06-0329-lb-m005 :

     [xslt] 	child::tei:sic (child 1) has content: ""

     [xslt] 	child::tei:corr (child 2) has content: "."

     [xslt] WARN: found choice element with empty child, in line W0001-06-0330-lb-m003 :

     [xslt] 	child::tei:sic (child 1) has content: ""

     [xslt] 	child::tei:corr (child 2) has content: "."

     [xslt] WARN: found choice element with empty child, in line W0001-06-0331-lb-2058 :

     [xslt] 	child::tei:sic (child 1) has content: ""

     [xslt] 	child::tei:corr (child 2) has content: "."

     [xslt] WARN: found choice element with empty child, in line W0001-06-0343-lb-m039 :

     [xslt] 	child::tei:sic (child 1) has content: ""

     [xslt] 	child::tei:corr (child 2) has content: "."

     [xslt] WARN: found choice element with empty child, in line W0001-06-0344-lb-m025 :

     [xslt] 	child::tei:sic (child 1) has content: ""

     [xslt] 	child::tei:corr (child 2) has content: "."

     [xslt] WARN: found choice element with empty child, in line W0001-06-0346-lb-m015 :

     [xslt] 	child::tei:sic (child 1) has content: ""

     [xslt] 	child::tei:corr (child 2) has content: "."

     [xslt] WARN: found choice element with empty child, in line W0001-06-0347-lb-m001 :

     [xslt] 	child::tei:sic (child 1) has content: ""

     [xslt] 	child::tei:corr (child 2) has content: "."

     [xslt] WARN: found choice element with empty child, in line W0001-06-0347-lb-m031 :

     [xslt] 	child::tei:sic (child 1) has content: ""

     [xslt] 	child::tei:corr (child 2) has content: "."

     [xslt] WARN: found choice element with empty child, in line W0001-06-0348-lb-m005 :

     [xslt] 	child::tei:sic (child 1) has content: ""

     [xslt] 	child::tei:corr (child 2) has content: "."

     [xslt] WARN: found choice element with empty child, in line W0001-06-0352-lb-m038 :

     [xslt] 	child::tei:sic (child 1) has content: ""

     [xslt] 	child::tei:corr (child 2) has content: "."

     [xslt] WARN: found choice element with empty child, in line W0001-06-0353-lb-m006 :

     [xslt] 	child::tei:sic (child 1) has content: ""

     [xslt] 	child::tei:corr (child 2) has content: "."

     [xslt] WARN: found choice element with empty child, in line W0001-06-0353-lb-m009 :

     [xslt] 	child::tei:sic (child 1) has content: ""

     [xslt] 	child::tei:corr (child 2) has content: "."

     [xslt] WARN: found choice element with empty child, in line W0001-06-0353-lb-m013 :

     [xslt] 	child::tei:sic (child 1) has content: ""

     [xslt] 	child::tei:corr (child 2) has content: "."

     [xslt] WARN: found choice element with empty child, in line W0001-06-0355-lb-m001 :

     [xslt] 	child::tei:sic (child 1) has content: ""

     [xslt] 	child::tei:corr (child 2) has content: "."

     [xslt] WARN: found choice element with empty child, in line W0001-06-0355-lb-m020 :

     [xslt] 	child::tei:sic (child 1) has content: ""

     [xslt] 	child::tei:corr (child 2) has content: "."

     [xslt] WARN: found choice element with empty child, in line W0001-06-0357-lb-2011 :

     [xslt] 	child::tei:sic (child 1) has content: ""

     [xslt] 	child::tei:corr (child 2) has content: "."

     [xslt] WARN: found choice element with empty child, in line W0001-06-0366-lb-m006 :

     [xslt] 	child::tei:sic (child 1) has content: ""

     [xslt] 	child::tei:corr (child 2) has content: "."

     [xslt] WARN: found choice element with empty child, in line W0001-06-0366-lb-m013 :

     [xslt] 	child::tei:sic (child 1) has content: ""

     [xslt] 	child::tei:corr (child 2) has content: "."

     [xslt] WARN: found choice element with empty child, in line W0001-06-0375-lb-m001 :

     [xslt] 	child::tei:sic (child 1) has content: ""

     [xslt] 	child::tei:corr (child 2) has content: "."

     [xslt] WARN: found choice element with empty child, in line W0001-06-0385-lb-1047 :

     [xslt] 	child::tei:sic (child 1) has content: ","

     [xslt] 	child::tei:corr (child 2) has content: ""

     [xslt] WARN: found choice element with empty child, in line W0001-06-0385-lb-m016 :

     [xslt] 	child::tei:sic (child 1) has content: ""

     [xslt] 	child::tei:corr (child 2) has content: "."

     [xslt] WARN: found choice element with empty child, in line W0001-06-0397-lb-m011 :

     [xslt] 	child::tei:sic (child 1) has content: ""

     [xslt] 	child::tei:corr (child 2) has content: "."

     [xslt] WARN: found choice element with empty child, in line W0001-06-0400-lb-1021 :

     [xslt] 	child::tei:sic (child 1) has content: ""

     [xslt] 	child::tei:corr (child 2) has content: "."

     [xslt] WARN: found choice element with empty child, in line W0001-06-0401-lb-m032 :

     [xslt] 	child::tei:sic (child 1) has content: ""

     [xslt] 	child::tei:corr (child 2) has content: "."

     [xslt] WARN: found choice element with empty child, in line W0001-06-0404-lb-m008 :

     [xslt] 	child::tei:sic (child 1) has content: ""

     [xslt] 	child::tei:corr (child 2) has content: "."

     [xslt] WARN: found choice element with empty child, in line W0001-06-0406-lb-m004 :

     [xslt] 	child::tei:sic (child 1) has content: ""

     [xslt] 	child::tei:corr (child 2) has content: "."

     [xslt] WARN: found choice element with empty child, in line W0001-06-0422-lb-m008 :

     [xslt] 	child::tei:sic (child 1) has content: ","

     [xslt] 	child::tei:corr (child 2) has content: ""

     [xslt] WARN: found choice element with empty child, in line W0001-06-0422-lb-2039 :

     [xslt] 	child::tei:sic (child 1) has content: ""

     [xslt] 	child::tei:corr (child 2) has content: "."

     [xslt] WARN: found choice element with empty child, in line W0001-06-0425-lb-m016 :

     [xslt] 	child::tei:sic (child 1) has content: ""

     [xslt] 	child::tei:corr (child 2) has content: "."

     [xslt] WARN: found choice element with empty child, in line W0001-06-0431-lb-2002 :

     [xslt] 	child::tei:sic (child 1) has content: ","

     [xslt] 	child::tei:corr (child 2) has content: ""

     [xslt] WARN: found choice element with empty child, in line W0001-06-0450-lb-1035 :

     [xslt] 	child::tei:sic (child 1) has content: "."

     [xslt] 	child::tei:corr (child 2) has content: ""

     [xslt] WARN: found choice element with empty child, in line W0001-06-0457-lb-m018 :

     [xslt] 	child::tei:sic (child 1) has content: ""

     [xslt] 	child::tei:corr (child 2) has content: "."

     [xslt] WARN: found choice element with empty child, in line W0001-06-0458-lb-m024 :

     [xslt] 	child::tei:sic (child 1) has content: ""

     [xslt] 	child::tei:corr (child 2) has content: "."

     [xslt] WARN: found choice element with empty child, in line W0001-06-0463-lb-m005 :

     [xslt] 	child::tei:sic (child 1) has content: ""

     [xslt] 	child::tei:corr (child 2) has content: "."

     [xslt] WARN: found choice element with empty child, in line W0001-06-0467-lb-m022 :

     [xslt] 	child::tei:sic (child 1) has content: ""

     [xslt] 	child::tei:corr (child 2) has content: "."

     [xslt] WARN: found choice element with empty child, in line W0001-06-0470-lb-m005 :

     [xslt] 	child::tei:sic (child 1) has content: ""

     [xslt] 	child::tei:corr (child 2) has content: "."

     [xslt] WARN: found choice element with empty child, in line W0001-06-0472-lb-m007 :

     [xslt] 	child::tei:sic (child 1) has content: ""

     [xslt] 	child::tei:corr (child 2) has content: "."

     [xslt] WARN: found choice element with empty child, in line W0001-06-0472-lb-m016 :

     [xslt] 	child::tei:sic (child 1) has content: ""

     [xslt] 	child::tei:corr (child 2) has content: "."

     [xslt] WARN: found choice element with empty child, in line W0001-06-0476-lb-2004 :

     [xslt] 	child::tei:sic (child 1) has content: ""

     [xslt] 	child::tei:corr (child 2) has content: "."

     [xslt] WARN: found choice element with empty child, in line W0001-06-0483-lb-m004 :

     [xslt] 	child::tei:sic (child 1) has content: "."

     [xslt] 	child::tei:corr (child 2) has content: ""

     [xslt] WARN: found choice element with empty child, in line W0001-06-0497-lb-m026 :

     [xslt] 	child::tei:sic (child 1) has content: ""

     [xslt] 	child::tei:corr (child 2) has content: "."

     [xslt] WARN: found choice element with empty child, in line W0001-06-0502-lb-2021 :

     [xslt] 	child::tei:sic (child 1) has content: "de "

     [xslt] 	child::tei:corr (child 2) has content: ""

     [xslt] WARN: found choice element with empty child, in line W0001-06-0504-lb-m003 :

     [xslt] 	child::tei:sic (child 1) has content: ""

     [xslt] 	child::tei:corr (child 2) has content: "."

     [xslt] WARN: found choice element with empty child, in line W0001-06-0510-lb-m015 :

     [xslt] 	child::tei:sic (child 1) has content: ""

     [xslt] 	child::tei:corr (child 2) has content: "."

     [xslt] WARN: found choice element with empty child, in line W0001-06-0511-lb-m028 :

     [xslt] 	child::tei:sic (child 1) has content: "."

     [xslt] 	child::tei:corr (child 2) has content: ""

     [xslt] WARN: found choice element with empty child, in line W0001-06-0514-lb-2067 :

     [xslt] 	child::tei:sic (child 1) has content: " ca"

     [xslt] 	child::tei:corr (child 2) has content: ""

     [xslt] WARN: found choice element with empty child, in line W0001-06-0519-lb-2005 :

     [xslt] 	child::tei:sic (child 1) has content: ","

     [xslt] 	child::tei:corr (child 2) has content: ""

     [xslt] WARN: found choice element with empty child, in line W0001-06-0534-lb-1003 :

     [xslt] 	child::tei:sic (child 1) has content: ""

     [xslt] 	child::tei:corr (child 2) has content: "."

     [xslt] WARN: found choice element with empty child, in line W0001-06-0534-lb-1045 :

     [xslt] 	child::tei:sic (child 1) has content: ""

     [xslt] 	child::tei:corr (child 2) has content: "."

     [xslt] WARN: found choice element with empty child, in line W0001-06-0538-lb-1015 :

     [xslt] 	child::tei:sic (child 1) has content: ":"

     [xslt] 	child::tei:corr (child 2) has content: ""

     [xslt] WARN: found choice element with empty child, in line W0001-06-0539-lb-1044 :

     [xslt] 	child::tei:sic (child 1) has content: ""

     [xslt] 	child::tei:corr (child 2) has content: "."

     [xslt] WARN: found choice element with empty child, in line W0001-06-0539-lb-2008 :

     [xslt] 	child::tei:sic (child 1) has content: ""

     [xslt] 	child::tei:corr (child 2) has content: "."

     [xslt] WARN: found choice element with empty child, in line W0001-06-0539-lb-2026 :

     [xslt] 	child::tei:sic (child 1) has content: ""

     [xslt] 	child::tei:corr (child 2) has content: "."

     [xslt] WARN: found choice element with empty child, in line W0001-06-0542-lb-1033 :

     [xslt] 	child::tei:sic (child 1) has content: ""

     [xslt] 	child::tei:corr (child 2) has content: "."

     [xslt] WARN: found choice element with empty child, in line W0001-06-0543-lb-1061 :

     [xslt] 	child::tei:sic (child 1) has content: ""

     [xslt] 	child::tei:corr (child 2) has content: "."

     [xslt] WARN: found choice element with empty child, in line W0001-06-0545-lb-1011 :

     [xslt] 	child::tei:sic (child 1) has content: ""

     [xslt] 	child::tei:corr (child 2) has content: "."

     [xslt] WARN: found choice element with at least one child that has a whitespace-containing text node, in line W0001-06-0035-lb-1033 :

     [xslt] 	child::tei:sic (child 1) has content: "de "

     [xslt] 	child::tei:corr (child 2) has content: ""

     [xslt] WARN: found choice element with at least one child that has a whitespace-containing text node, in line W0001-06-0040-lb-1006 :

     [xslt] 	child::tei:sic (child 1) has content: "Ecc esia"

     [xslt] 	child::tei:corr (child 2) has content: "Ecclesia"

     [xslt] WARN: found choice element with at least one child that has a whitespace-containing text node, in line W0001-06-0055-lb-1025 :

     [xslt] 	child::tei:sic (child 1) has content: "var etatem"

     [xslt] 	child::tei:corr (child 2) has content: "varietatem"

     [xslt] WARN: found choice element with at least one child that has a whitespace-containing text node, in line W0001-06-0100-lb-m036 :

     [xslt] 	child::tei:sic (child 1) has content: "admon t"

     [xslt] 	child::tei:corr (child 2) has content: "admonitio."

     [xslt] WARN: found choice element with at least one child that has a whitespace-containing text node, in line W0001-06-0131-lb-1042 :

     [xslt] 	child::tei:sic (child 1) has content: "ma orem"

     [xslt] 	child::tei:corr (child 2) has content: "maiorem"

     [xslt] WARN: found choice element with at least one child that has a whitespace-containing text node, in line W0001-06-0140-lb-m019 :

     [xslt] 	child::tei:sic (child 1) has content: "D us"

     [xslt] 	child::tei:corr (child 2) has content: "Deus"

     [xslt] WARN: found choice element with at least one child that has a whitespace-containing text node, in line W0001-06-0156-lb-m013 :

     [xslt] 	child::tei:sic (child 1) has content: "Ma eriam"

     [xslt] 	child::tei:corr (child 2) has content: "Materiam"

     [xslt] WARN: found choice element with at least one child that has a whitespace-containing text node, in line W0001-06-0164-lb-m008 :

     [xslt] 	child::tei:sic (child 1) has content: "m l s"

     [xslt] 	child::tei:corr (child 2) has content: "milis"

     [xslt] WARN: found choice element with at least one child that has a whitespace-containing text node, in line W0001-06-0262-lb-1048 :

     [xslt] 	child::tei:abbr (child 1) has content: " v."

     [xslt] 	child::tei:expan (child 2) has content: ", verbi"

     [xslt] WARN: found choice element with at least one child that has a whitespace-containing text node, in line W0001-06-0290-lb-1061 :

     [xslt] 	child::tei:abbr (child 1) has content: " v."

     [xslt] 	child::tei:expan (child 2) has content: ", verbi"

     [xslt] WARN: found choice element with at least one child that has a whitespace-containing text node, in line W0001-06-0328-lb-m019 :

     [xslt] 	child::tei:sic (child 1) has content: "testimon um"

     [xslt] 	child::tei:corr (child 2) has content: "testimonium"

     [xslt] WARN: found choice element with at least one child that has a whitespace-containing text node, in line W0001-06-0340-lb-1038 :

     [xslt] 	child::tei:abbr (child 1) has content: ". e."

     [xslt] 	child::tei:expan (child 2) has content: ", exempli"

     [xslt] WARN: found choice element with at least one child that has a whitespace-containing text node, in line W0001-06-0358-lb-2066 :

     [xslt] 	child::tei:abbr (child 1) has content: " v."

     [xslt] 	child::tei:expan (child 2) has content: ", verbi"

     [xslt] WARN: found choice element with at least one child that has a whitespace-containing text node, in line W0001-06-0368-lb-1013 :

     [xslt] 	child::tei:abbr (child 1) has content: " v."

     [xslt] 	child::tei:expan (child 2) has content: ", verbi"

     [xslt] WARN: found choice element with at least one child that has a whitespace-containing text node, in line W0001-06-0369-lb-1034 :

     [xslt] 	child::tei:sic (child 1) has content: "inejus"

     [xslt] 	child::tei:corr (child 2) has content: "in ejus"

     [xslt] WARN: found choice element with at least one child that has a whitespace-containing text node, in line W0001-06-0393-lb-1023 :

     [xslt] 	child::tei:abbr (child 1) has content: " v."

     [xslt] 	child::tei:expan (child 2) has content: ", verbi"

     [xslt] WARN: found choice element with at least one child that has a whitespace-containing text node, in line W0001-06-0416-lb-1016 :

     [xslt] 	child::tei:abbr (child 1) has content: "V."

     [xslt] 	child::tei:expan (child 2) has content: ". Verbi"

     [xslt] WARN: found choice element with at least one child that has a whitespace-containing text node, in line W0001-06-0453-lb-m009 :

     [xslt] 	child::tei:sic (child 1) has content: "co npetenti"

     [xslt] 	child::tei:corr (child 2) has content: "competenti"

     [xslt] WARN: found choice element with at least one child that has a whitespace-containing text node, in line W0001-06-0465-lb-m005 :

     [xslt] 	child::tei:sic (child 1) has content: "prob t"

     [xslt] 	child::tei:corr (child 2) has content: "probet"

     [xslt] WARN: found choice element with at least one child that has a whitespace-containing text node, in line W0001-06-0502-lb-2021 :

     [xslt] 	child::tei:sic (child 1) has content: "de "

     [xslt] 	child::tei:corr (child 2) has content: ""

     [xslt] WARN: found choice element with at least one child that has a whitespace-containing text node, in line W0001-06-0512-lb-1020 :

     [xslt] 	child::tei:sic (child 1) has content: "Pont fice"

     [xslt] 	child::tei:corr (child 2) has content: "Pontifice"

     [xslt] WARN: found choice element with at least one child that has a whitespace-containing text node, in line W0001-06-0514-lb-2067 :

     [xslt] 	child::tei:sic (child 1) has content: " ca"

     [xslt] 	child::tei:corr (child 2) has content: ""

     [xslt] INFO: quality check successfull.

     [xslt] Using class org.apache.tools.ant.taskdefs.optional.TraXLiaison
     [xslt] Processing D:\EscuelaSalamanca\SVN\04-39\trunk\teiedit\works\build\W0001_Vol06\xml\W0001_Vol06_020.xml to D:\EscuelaSalamanca\SVN\04-39\trunk\teiedit\works\build\W0001_Vol06\xml\W0001_Vol06_021.xml
     [xslt] Loading stylesheet D:\EscuelaSalamanca\SVN\04-39\trunk\teiedit\works\build\W0001_Vol06\xsl\W0001_Vol06_020.xsl
     [xslt] INFO: identified 0 *pb* as primary no-break that were not previously marked as such.

     [xslt] INFO: identified 1 *cb* as primary no-break that were not previously marked as such.

     [xslt] INFO: identified 0 *cb* as secondary break that were not previously marked as no-break at all.

     [xslt] INFO: identified 0 *cb* as secondary break that were previously marked as primary no-break.

     [xslt] INFO: identified 0 *lb* as primary no-break that were not previously marked as such.

     [xslt] INFO: identified 0 *lb* as secondary break that were not previously marked as no-break at all.

     [xslt] INFO: identified 1 *lb* as secondary break that were previously marked as primary no-break.

     [xslt] INFO: replaced trailing whitespace in 0 text nodes before primary no-breaks.

     [xslt] INFO: replaced trailing whitespace in 0 text nodes before secondary no-breaks.

     [xslt] Input whitespace: 458089

     [xslt] Output whitespace: 458089

     [xslt] ---------------------------------------------------------

     [xslt] INFO: quality check successfull.

     [xslt] Using class org.apache.tools.ant.taskdefs.optional.TraXLiaison
     [xslt] Processing D:\EscuelaSalamanca\SVN\04-39\trunk\teiedit\works\build\W0001_Vol06\xml\W0001_Vol06_021.xml to D:\EscuelaSalamanca\SVN\04-39\trunk\teiedit\works\build\W0001_Vol06\xml\W0001_Vol06_022.xml
     [xslt] Loading stylesheet D:\EscuelaSalamanca\SVN\04-39\trunk\teiedit\works\build\W0001_Vol06\xsl\W0001_Vol06_021.xsl
     [xslt] INFO: quality check successfull.

     [xslt] INFO: added 1 choice/*[2]/pb.

     [xslt] INFO: added 1 choice/*[2]/cb.

     [xslt] INFO: added 174 choice/*[2]/lb.

     [xslt] Using class org.apache.tools.ant.taskdefs.optional.TraXLiaison
     [xslt] Processing D:\EscuelaSalamanca\SVN\04-39\trunk\teiedit\works\build\W0001_Vol06\xml\W0001_Vol06_022.xml to D:\EscuelaSalamanca\SVN\04-39\trunk\teiedit\works\build\W0001_Vol06\xml\W0001_Vol06_023.xml
     [xslt] Loading stylesheet D:\EscuelaSalamanca\SVN\04-39\trunk\teiedit\works\build\W0001_Vol06\xsl\W0001_Vol06_022.xsl
Apache resolver library not found, internal resolver will be used
     [xslt] INFO: added 491 special character tags (tei:g).

     [xslt] INFO: quality check successfull.

     [xslt] Using class org.apache.tools.ant.taskdefs.optional.TraXLiaison
     [xslt] Processing D:\EscuelaSalamanca\SVN\04-39\trunk\teiedit\works\build\W0001_Vol06\xml\W0001_Vol06_023.xml to D:\EscuelaSalamanca\SVN\04-39\trunk\teiedit\works\build\W0001_Vol06\xml\W0001_Vol06_024.xml
     [xslt] Loading stylesheet D:\EscuelaSalamanca\SVN\04-39\trunk\teiedit\works\build\W0001_Vol06\xsl\W0001_Vol06_023.xsl
     [xslt] Using class org.apache.tools.ant.taskdefs.optional.TraXLiaison
     [xslt] Processing D:\EscuelaSalamanca\SVN\04-39\trunk\teiedit\works\build\W0001_Vol06\xml\W0001_Vol06_024.xml to D:\EscuelaSalamanca\SVN\04-39\trunk\teiedit\works\build\W0001_Vol06\xml\W0001_Vol06_025.xml
     [xslt] Loading stylesheet D:\EscuelaSalamanca\SVN\04-39\trunk\teiedit\works\build\W0001_Vol06\xsl\W0001_Vol06_024.xsl
     [xslt] Generated temporary lb/@xml:id.

     [xslt] Extracted tei:lb from pages in the main area of the text.

     [xslt] Numbered tei:lb from the main area.

     [xslt] Extracted tei:lb from the marginal area.

     [xslt] Numbered tei:lb from the marginal area.

     [xslt] INFO: Added line numbers to tei:lb/@n.

     [xslt] INFO: Serializing final output...

     [xslt] INFO: quality check successfull.

     [xslt] Using class org.apache.tools.ant.taskdefs.optional.TraXLiaison
     [xslt] Processing D:\EscuelaSalamanca\SVN\04-39\trunk\teiedit\works\build\W0001_Vol06\xml\W0001_Vol06_025.xml to D:\EscuelaSalamanca\SVN\04-39\trunk\teiedit\works\build\W0001_Vol06\xml\W0001_Vol06_026.xml
     [xslt] Loading stylesheet D:\EscuelaSalamanca\SVN\04-39\trunk\teiedit\works\build\W0001_Vol06\xsl\W0001_Vol06_025.xsl
     [xslt] INFO: quality check successfull.

