     [xslt] Using class org.apache.tools.ant.taskdefs.optional.TraXLiaison
     [xslt] Processing D:\Cindy\SVN\trunk\teiedit\works\build\W0043_Vol01\xml\W0043_Vol01_018.xml to D:\Cindy\SVN\trunk\teiedit\works\build\W0043_Vol01\xml\W0043_Vol01_019.xml
     [xslt] Loading stylesheet D:\Cindy\SVN\trunk\teiedit\works\build\W0043_Vol01\xsl\W0043_Vol01_018.xsl
     [xslt] WARN: found choice element with empty child, in line W0043-01-0270-lb-2021 :

     [xslt] 	child::tei:sic (child 1) has content: "Sylu."

     [xslt] 	child::tei:corr (child 2) has content: ""

     [xslt] WARN: found choice element with at least one child that has a whitespace-containing text node, in line W0043-01-0144-lb-2004 :

     [xslt] 	child::tei:sic (child 1) has content: "aperieneſt"

     [xslt] 	child::tei:corr (child 2) has content: "aperienda est"

     [xslt] INFO: quality check successfull.

     [xslt] Using class org.apache.tools.ant.taskdefs.optional.TraXLiaison
     [xslt] Processing D:\Cindy\SVN\trunk\teiedit\works\build\W0043_Vol01\xml\W0043_Vol01_019.xml to D:\Cindy\SVN\trunk\teiedit\works\build\W0043_Vol01\xml\W0043_Vol01_020.xml
     [xslt] Loading stylesheet D:\Cindy\SVN\trunk\teiedit\works\build\W0043_Vol01\xsl\W0043_Vol01_019.xsl
     [xslt] INFO: identified 0 *pb* as primary no-break that were not previously marked as such.

     [xslt] INFO: identified 1 *cb* as primary no-break that were not previously marked as such.

     [xslt] INFO: identified 0 *cb* as secondary break that were not previously marked as no-break at all.

     [xslt] INFO: identified 0 *cb* as secondary break that were previously marked as primary no-break.

     [xslt] INFO: identified 0 *lb* as primary no-break that were not previously marked as such.

     [xslt] INFO: identified 0 *lb* as secondary break that were not previously marked as no-break at all.

     [xslt] INFO: identified 1 *lb* as secondary break that were previously marked as primary no-break.

     [xslt] INFO: replaced trailing whitespace in 2 text nodes before primary no-breaks.

     [xslt] INFO: replaced trailing whitespace in 0 text nodes before secondary no-breaks.

     [xslt] Input whitespace: 326086

     [xslt] Output whitespace: 326084

     [xslt] ---------------------------------------------------------

     [xslt] INFO: quality check successfull.

     [xslt] Using class org.apache.tools.ant.taskdefs.optional.TraXLiaison
     [xslt] Processing D:\Cindy\SVN\trunk\teiedit\works\build\W0043_Vol01\xml\W0043_Vol01_020.xml to D:\Cindy\SVN\trunk\teiedit\works\build\W0043_Vol01\xml\W0043_Vol01_021.xml
     [xslt] Loading stylesheet D:\Cindy\SVN\trunk\teiedit\works\build\W0043_Vol01\xsl\W0043_Vol01_020.xsl
     [xslt] INFO: quality check successfull.

     [xslt] INFO: added 1 choice/*[2]/pb.

     [xslt] INFO: added 1 choice/*[2]/cb.

     [xslt] INFO: added 242 choice/*[2]/lb.

     [xslt] Using class org.apache.tools.ant.taskdefs.optional.TraXLiaison
     [xslt] Processing D:\Cindy\SVN\trunk\teiedit\works\build\W0043_Vol01\xml\W0043_Vol01_021.xml to D:\Cindy\SVN\trunk\teiedit\works\build\W0043_Vol01\xml\W0043_Vol01_022.xml
     [xslt] Loading stylesheet D:\Cindy\SVN\trunk\teiedit\works\build\W0043_Vol01\xsl\W0043_Vol01_021.xsl
Apache resolver library not found, internal resolver will be used
     [xslt] INFO: added 45 special character tags (tei:g).

     [xslt] INFO: quality check successfull.

     [xslt] Using class org.apache.tools.ant.taskdefs.optional.TraXLiaison
     [xslt] Processing D:\Cindy\SVN\trunk\teiedit\works\build\W0043_Vol01\xml\W0043_Vol01_022.xml to D:\Cindy\SVN\trunk\teiedit\works\build\W0043_Vol01\xml\W0043_Vol01_023.xml
     [xslt] Loading stylesheet D:\Cindy\SVN\trunk\teiedit\works\build\W0043_Vol01\xsl\W0043_Vol01_022.xsl
     [xslt] Using class org.apache.tools.ant.taskdefs.optional.TraXLiaison
     [xslt] Processing D:\Cindy\SVN\trunk\teiedit\works\build\W0043_Vol01\xml\W0043_Vol01_023.xml to D:\Cindy\SVN\trunk\teiedit\works\build\W0043_Vol01\xml\W0043_Vol01_024.xml
     [xslt] Loading stylesheet D:\Cindy\SVN\trunk\teiedit\works\build\W0043_Vol01\xsl\W0043_Vol01_023.xsl
     [xslt] Generated temporary lb/@xml:id.

     [xslt] Extracted tei:lb from pages in the main area of the text.

     [xslt] Numbered tei:lb from the main area.

     [xslt] Extracted tei:lb from the marginal area.

     [xslt] Numbered tei:lb from the marginal area.

     [xslt] INFO: Added line numbers to tei:lb/@n.

     [xslt] INFO: Serializing final output...

     [xslt] INFO: quality check successfull.

     [xslt] Using class org.apache.tools.ant.taskdefs.optional.TraXLiaison
     [xslt] Processing D:\Cindy\SVN\trunk\teiedit\works\build\W0043_Vol01\xml\W0043_Vol01_024.xml to D:\Cindy\SVN\trunk\teiedit\works\build\W0043_Vol01\xml\W0043_Vol01_025.xml
     [xslt] Loading stylesheet D:\Cindy\SVN\trunk\teiedit\works\build\W0043_Vol01\xsl\W0043_Vol01_024.xsl
     [xslt] INFO: quality check successfull.

