     [xslt] Using class org.apache.tools.ant.taskdefs.optional.TraXLiaison
     [xslt] Processing D:\EscuelaSalamanca\SVN\04-39\trunk\teiedit\works\build\W0103\xml\W0103_016.xml to D:\EscuelaSalamanca\SVN\04-39\trunk\teiedit\works\build\W0103\xml\W0103_017.xml
     [xslt] Loading stylesheet D:\EscuelaSalamanca\SVN\04-39\trunk\teiedit\works\build\W0103\xsl\W0103_016.xsl
     [xslt] WARN: found choice element with at least one child that has a whitespace-containing text node, in line W0103-00-0160-lb-0012 :

     [xslt] 	child::tei:sic (child 1) has content: "a iud"

     [xslt] 	child::tei:corr (child 2) has content: "aliud"

     [xslt] INFO: quality check successfull.

     [xslt] Using class org.apache.tools.ant.taskdefs.optional.TraXLiaison
     [xslt] Processing D:\EscuelaSalamanca\SVN\04-39\trunk\teiedit\works\build\W0103\xml\W0103_017.xml to D:\EscuelaSalamanca\SVN\04-39\trunk\teiedit\works\build\W0103\xml\W0103_018.xml
     [xslt] Loading stylesheet D:\EscuelaSalamanca\SVN\04-39\trunk\teiedit\works\build\W0103\xsl\W0103_017.xsl
     [xslt] INFO: identified 4 *pb* as primary no-break that were not previously marked as such.

     [xslt] INFO: identified 0 *cb* as primary no-break that were not previously marked as such.

     [xslt] INFO: identified 0 *cb* as secondary break that were not previously marked as no-break at all.

     [xslt] INFO: identified 0 *cb* as secondary break that were previously marked as primary no-break.

     [xslt] INFO: identified 0 *lb* as primary no-break that were not previously marked as such.

     [xslt] INFO: identified 0 *lb* as secondary break that were not previously marked as no-break at all.

     [xslt] INFO: identified 4 *lb* as secondary break that were previously marked as primary no-break.

     [xslt] INFO: replaced trailing whitespace in 4 text nodes before primary no-breaks.

     [xslt] INFO: replaced trailing whitespace in 0 text nodes before secondary no-breaks.

     [xslt] Input whitespace: 94717

     [xslt] Output whitespace: 94713

     [xslt] ---------------------------------------------------------

     [xslt] INFO: quality check successfull.

     [xslt] Using class org.apache.tools.ant.taskdefs.optional.TraXLiaison
     [xslt] Processing D:\EscuelaSalamanca\SVN\04-39\trunk\teiedit\works\build\W0103\xml\W0103_018.xml to D:\EscuelaSalamanca\SVN\04-39\trunk\teiedit\works\build\W0103\xml\W0103_019.xml
     [xslt] Loading stylesheet D:\EscuelaSalamanca\SVN\04-39\trunk\teiedit\works\build\W0103\xsl\W0103_018.xsl
     [xslt] INFO: quality check successfull.

     [xslt] INFO: added 1 choice/*[2]/pb.

     [xslt] INFO: added 0 choice/*[2]/cb.

     [xslt] INFO: added 67 choice/*[2]/lb.

     [xslt] Using class org.apache.tools.ant.taskdefs.optional.TraXLiaison
     [xslt] Processing D:\EscuelaSalamanca\SVN\04-39\trunk\teiedit\works\build\W0103\xml\W0103_019.xml to D:\EscuelaSalamanca\SVN\04-39\trunk\teiedit\works\build\W0103\xml\W0103_020.xml
     [xslt] Loading stylesheet D:\EscuelaSalamanca\SVN\04-39\trunk\teiedit\works\build\W0103\xsl\W0103_019.xsl
Apache resolver library not found, internal resolver will be used
     [xslt] INFO: added 348 special character tags (tei:g).

     [xslt] INFO: quality check successfull.

     [xslt] Using class org.apache.tools.ant.taskdefs.optional.TraXLiaison
     [xslt] Processing D:\EscuelaSalamanca\SVN\04-39\trunk\teiedit\works\build\W0103\xml\W0103_020.xml to D:\EscuelaSalamanca\SVN\04-39\trunk\teiedit\works\build\W0103\xml\W0103_021.xml
     [xslt] Loading stylesheet D:\EscuelaSalamanca\SVN\04-39\trunk\teiedit\works\build\W0103\xsl\W0103_020.xsl
     [xslt] Generated temporary lb/@xml:id.

     [xslt] Extracted tei:lb from pages in the main area of the text.

     [xslt] Numbered tei:lb from the main area.

     [xslt] INFO: Added line numbers to tei:lb/@n.

     [xslt] INFO: Serializing final output...

     [xslt] INFO: quality check successfull.

     [xslt] Using class org.apache.tools.ant.taskdefs.optional.TraXLiaison
     [xslt] Processing D:\EscuelaSalamanca\SVN\04-39\trunk\teiedit\works\build\W0103\xml\W0103_021.xml to D:\EscuelaSalamanca\SVN\04-39\trunk\teiedit\works\build\W0103\xml\W0103_022.xml
     [xslt] Loading stylesheet D:\EscuelaSalamanca\SVN\04-39\trunk\teiedit\works\build\W0103\xsl\W0103_021.xsl
     [xslt] INFO: quality check successfull.

     [xslt] Using class org.apache.tools.ant.taskdefs.optional.TraXLiaison
     [xslt] Processing D:\EscuelaSalamanca\SVN\04-39\trunk\teiedit\works\build\W0103\xml\W0103_022.xml to D:\EscuelaSalamanca\SVN\04-39\trunk\teiedit\works\build\W0103\xml\W0103_023.xml
     [xslt] Loading stylesheet D:\EscuelaSalamanca\SVN\04-39\trunk\teiedit\works\build\W0103\xsl\W0103_022.xsl
