     [xslt] Using class org.apache.tools.ant.taskdefs.optional.TraXLiaison
     [xslt] Processing D:\SVN\trunk\teiedit\works\build\W0037_Vol01\xml\W0037_Vol01_016.xml to D:\SVN\trunk\teiedit\works\build\W0037_Vol01\xml\W0037_Vol01_017.xml
     [xslt] Loading stylesheet D:\SVN\trunk\teiedit\works\build\W0037_Vol01\xsl\W0037_Vol01_016.xsl
     [xslt] INFO: quality check successfull.

     [xslt] Using class org.apache.tools.ant.taskdefs.optional.TraXLiaison
     [xslt] Processing D:\SVN\trunk\teiedit\works\build\W0037_Vol01\xml\W0037_Vol01_017.xml to D:\SVN\trunk\teiedit\works\build\W0037_Vol01\xml\W0037_Vol01_018.xml
     [xslt] Loading stylesheet D:\SVN\trunk\teiedit\works\build\W0037_Vol01\xsl\W0037_Vol01_017.xsl
     [xslt] INFO: identified 6 *pb* as primary no-break that were not previously marked as such.

     [xslt] INFO: identified 2 *cb* as primary no-break that were not previously marked as such.

     [xslt] INFO: identified 6 *cb* as secondary break that were not previously marked as no-break at all.

     [xslt] INFO: identified 0 *cb* as secondary break that were previously marked as primary no-break.

     [xslt] INFO: identified 0 *lb* as primary no-break that were not previously marked as such.

     [xslt] INFO: identified 0 *lb* as secondary break that were not previously marked as no-break at all.

     [xslt] INFO: identified 8 *lb* as secondary break that were previously marked as primary no-break.

     [xslt] INFO: replaced trailing whitespace in 80 text nodes before primary no-breaks.

     [xslt] INFO: replaced trailing whitespace in 0 text nodes before secondary no-breaks.

     [xslt] Input whitespace: 399336

     [xslt] Output whitespace: 399256

     [xslt] ---------------------------------------------------------

     [xslt] INFO: quality check successfull.

     [xslt] Using class org.apache.tools.ant.taskdefs.optional.TraXLiaison
     [xslt] Processing D:\SVN\trunk\teiedit\works\build\W0037_Vol01\xml\W0037_Vol01_018.xml to D:\SVN\trunk\teiedit\works\build\W0037_Vol01\xml\W0037_Vol01_019.xml
     [xslt] Loading stylesheet D:\SVN\trunk\teiedit\works\build\W0037_Vol01\xsl\W0037_Vol01_018.xsl
     [xslt] INFO: quality check successfull.

     [xslt] INFO: added 2 choice/*[2]/pb.

     [xslt] INFO: added 2 choice/*[2]/cb.

     [xslt] INFO: added 122 choice/*[2]/lb.

     [xslt] Using class org.apache.tools.ant.taskdefs.optional.TraXLiaison
     [xslt] Processing D:\SVN\trunk\teiedit\works\build\W0037_Vol01\xml\W0037_Vol01_019.xml to D:\SVN\trunk\teiedit\works\build\W0037_Vol01\xml\W0037_Vol01_020.xml
     [xslt] Loading stylesheet D:\SVN\trunk\teiedit\works\build\W0037_Vol01\xsl\W0037_Vol01_019.xsl
Apache resolver library not found, internal resolver will be used
     [xslt] INFO: added 37 special character tags (tei:g).

     [xslt] INFO: quality check successfull.

     [xslt] Using class org.apache.tools.ant.taskdefs.optional.TraXLiaison
     [xslt] Processing D:\SVN\trunk\teiedit\works\build\W0037_Vol01\xml\W0037_Vol01_020.xml to D:\SVN\trunk\teiedit\works\build\W0037_Vol01\xml\W0037_Vol01_021.xml
     [xslt] Loading stylesheet D:\SVN\trunk\teiedit\works\build\W0037_Vol01\xsl\W0037_Vol01_020.xsl
     [xslt] Using class org.apache.tools.ant.taskdefs.optional.TraXLiaison
     [xslt] Processing D:\SVN\trunk\teiedit\works\build\W0037_Vol01\xml\W0037_Vol01_021.xml to D:\SVN\trunk\teiedit\works\build\W0037_Vol01\xml\W0037_Vol01_022.xml
     [xslt] Loading stylesheet D:\SVN\trunk\teiedit\works\build\W0037_Vol01\xsl\W0037_Vol01_021.xsl
     [xslt] Generated temporary lb/@xml:id.

     [xslt] Extracted tei:lb from pages in the main area of the text.

     [xslt] Numbered tei:lb from the main area.

     [xslt] Extracted tei:lb from the marginal area.

     [xslt] Numbered tei:lb from the marginal area.

     [xslt] INFO: Added line numbers to tei:lb/@n.

     [xslt] INFO: Serializing final output...

     [xslt] INFO: quality check successfull.

     [xslt] Using class org.apache.tools.ant.taskdefs.optional.TraXLiaison
     [xslt] Processing D:\SVN\trunk\teiedit\works\build\W0037_Vol01\xml\W0037_Vol01_022.xml to D:\SVN\trunk\teiedit\works\build\W0037_Vol01\xml\W0037_Vol01_023.xml
     [xslt] Loading stylesheet D:\SVN\trunk\teiedit\works\build\W0037_Vol01\xsl\W0037_Vol01_022.xsl
     [xslt] INFO: quality check successfull.

