     [java] Executing 'C:\Program Files\Java\jdk-11.0.1\bin\java.exe' with arguments:
'-Xmx3000m'
'-classpath'
'L:\SVN\04-39\trunk\teiedit\lib\xsltproc\Saxon-HE-9.8.0-12.jar'
'net.sf.saxon.Query'
'-q:../../xql/corrList_1_main.xql'
'-s:../../../build/W0001_Vol01/xml/W0001_Vol01_013.xml'
'-o:../../../build/W0001_Vol01/corrlist/W0001_Vol01-la_all-wordforms.html'
'-traceout:#err'
'-t'
'language=la'

The ' characters around the executable and arguments are
not part of the command.
     [java] Saxon-HE 9.8.0.12J from Saxonica
     [java] Java version 11.0.1
     [java] Analyzing query from ../../xql/corrList_1_main.xql
     [java] Analysis time: 625.244282 milliseconds
     [java] Processing file:/L:/SVN/04-39/trunk/teiedit/works/corr/build/main/../../../build/W0001_Vol01/xml/W0001_Vol01_013.xml
     [java] Using parser com.sun.org.apache.xerces.internal.jaxp.SAXParserImpl$JAXPSAXParser
     [java] Building tree for file:/L:/SVN/04-39/trunk/teiedit/works/corr/build/main/../../../build/W0001_Vol01/xml/W0001_Vol01_013.xml using class net.sf.saxon.tree.tiny.TinyBuilder
     [java] Tree built in 547.477742ms
     [java] Tree size: 375372 nodes, 2505467 characters, 218893 attributes
     [java] Execution time: 1h 7m 0.810956s (4020810.956189ms)
     [java] Memory used: 2532013056
     [java] Executing 'C:\Program Files\Java\jdk-11.0.1\bin\java.exe' with arguments:
'-Xmx3000m'
'-classpath'
'L:\SVN\04-39\trunk\teiedit\lib\xsltproc\Saxon-HE-9.8.0-12.jar'
'net.sf.saxon.Query'
'-q:../../xql/corrList_2_ok.xql'
'-s:../../../build/W0001_Vol01/corrlist/W0001_Vol01-la_all-wordforms.html'
'-o:../../../build/W0001_Vol01/corrlist/W0001_Vol01-la_wordforms-ok.html'
'-traceout:#err'
'-t'

The ' characters around the executable and arguments are
not part of the command.
     [java] Saxon-HE 9.8.0.12J from Saxonica
     [java] Java version 11.0.1
     [java] Analyzing query from ../../xql/corrList_2_ok.xql
     [java] Analysis time: 495.027535 milliseconds
     [java] Processing file:/L:/SVN/04-39/trunk/teiedit/works/corr/build/main/../../../build/W0001_Vol01/corrlist/W0001_Vol01-la_all-wordforms.html
     [java] Using parser com.sun.org.apache.xerces.internal.jaxp.SAXParserImpl$JAXPSAXParser
     [java] Building tree for file:/L:/SVN/04-39/trunk/teiedit/works/corr/build/main/../../../build/W0001_Vol01/corrlist/W0001_Vol01-la_all-wordforms.html using class net.sf.saxon.tree.tiny.TinyBuilder
     [java] Tree built in 1.045555s (1045.55594ms)
     [java] Tree size: 2665260 nodes, 5366196 characters, 837389 attributes
     [java] Execution time: 1.009376s (1009.376442ms)
     [java] Memory used: 167819880
     [java] Executing 'C:\Program Files\Java\jdk-11.0.1\bin\java.exe' with arguments:
'-Xmx3000m'
'-classpath'
'L:\SVN\04-39\trunk\teiedit\lib\xsltproc\Saxon-HE-9.8.0-12.jar'
'net.sf.saxon.Query'
'-q:../../xql/corrList_2_comp-hyph-dict.xql'
'-s:../../../build/W0001_Vol01/corrlist/W0001_Vol01-la_all-wordforms.html'
'-o:../../../build/W0001_Vol01/corrlist/W0001_Vol01-la_supposed-hyphenations-from-dict.html'
'-traceout:#err'
'-t'

The ' characters around the executable and arguments are
not part of the command.
     [java] Saxon-HE 9.8.0.12J from Saxonica
     [java] Java version 11.0.1
     [java] Analyzing query from ../../xql/corrList_2_comp-hyph-dict.xql
     [java] Analysis time: 500.174873 milliseconds
     [java] Processing file:/L:/SVN/04-39/trunk/teiedit/works/corr/build/main/../../../build/W0001_Vol01/corrlist/W0001_Vol01-la_all-wordforms.html
     [java] Using parser com.sun.org.apache.xerces.internal.jaxp.SAXParserImpl$JAXPSAXParser
     [java] Building tree for file:/L:/SVN/04-39/trunk/teiedit/works/corr/build/main/../../../build/W0001_Vol01/corrlist/W0001_Vol01-la_all-wordforms.html using class net.sf.saxon.tree.tiny.TinyBuilder
     [java] Tree built in 1.093032s (1093.032179ms)
     [java] Tree size: 2665260 nodes, 5366196 characters, 837389 attributes
     [java] Execution time: 72.285681ms
     [java] Memory used: 243241472
     [java] Executing 'C:\Program Files\Java\jdk-11.0.1\bin\java.exe' with arguments:
'-Xmx3000m'
'-classpath'
'L:\SVN\04-39\trunk\teiedit\lib\xsltproc\Saxon-HE-9.8.0-12.jar'
'net.sf.saxon.Query'
'-q:../../xql/corrList_2_comp-hyph-text.xql'
'-s:../../../build/W0001_Vol01/corrlist/W0001_Vol01-la_all-wordforms.html'
'-o:../../../build/W0001_Vol01/corrlist/W0001_Vol01-la_supposed-hyphenations-from-text.html'
'-traceout:#err'
'-t'

The ' characters around the executable and arguments are
not part of the command.
     [java] Saxon-HE 9.8.0.12J from Saxonica
     [java] Java version 11.0.1
     [java] Analyzing query from ../../xql/corrList_2_comp-hyph-text.xql
     [java] Analysis time: 481.312317 milliseconds
     [java] Processing file:/L:/SVN/04-39/trunk/teiedit/works/corr/build/main/../../../build/W0001_Vol01/corrlist/W0001_Vol01-la_all-wordforms.html
     [java] Using parser com.sun.org.apache.xerces.internal.jaxp.SAXParserImpl$JAXPSAXParser
     [java] Building tree for file:/L:/SVN/04-39/trunk/teiedit/works/corr/build/main/../../../build/W0001_Vol01/corrlist/W0001_Vol01-la_all-wordforms.html using class net.sf.saxon.tree.tiny.TinyBuilder
     [java] Tree built in 1.179342s (1179.342862ms)
     [java] Tree size: 2665260 nodes, 5366196 characters, 837389 attributes
     [java] Execution time: 667.771492ms
     [java] Memory used: 200016384
     [java] Executing 'C:\Program Files\Java\jdk-11.0.1\bin\java.exe' with arguments:
'-Xmx3000m'
'-classpath'
'L:\SVN\04-39\trunk\teiedit\lib\xsltproc\Saxon-HE-9.8.0-12.jar'
'net.sf.saxon.Query'
'-q:../../xql/corrList_2_words-not-found.xql'
'-s:../../../build/W0001_Vol01/corrlist/W0001_Vol01-la_all-wordforms.html'
'-o:../../../build/W0001_Vol01/corrlist/W0001_Vol01-la_wordforms-not-in-dict.html'
'-traceout:#err'
'-t'

The ' characters around the executable and arguments are
not part of the command.
     [java] Saxon-HE 9.8.0.12J from Saxonica
     [java] Java version 11.0.1
     [java] Analyzing query from ../../xql/corrList_2_words-not-found.xql
     [java] Analysis time: 453.54115 milliseconds
     [java] Processing file:/L:/SVN/04-39/trunk/teiedit/works/corr/build/main/../../../build/W0001_Vol01/corrlist/W0001_Vol01-la_all-wordforms.html
     [java] Using parser com.sun.org.apache.xerces.internal.jaxp.SAXParserImpl$JAXPSAXParser
     [java] Building tree for file:/L:/SVN/04-39/trunk/teiedit/works/corr/build/main/../../../build/W0001_Vol01/corrlist/W0001_Vol01-la_all-wordforms.html using class net.sf.saxon.tree.tiny.TinyBuilder
     [java] Tree built in 1.200635s (1200.635312ms)
     [java] Tree size: 2665260 nodes, 5366196 characters, 837389 attributes
     [java] Execution time: 653.110397ms
     [java] Memory used: 160806160
     [java] Executing 'C:\Program Files\Java\jdk-11.0.1\bin\java.exe' with arguments:
'-Xmx3000m'
'-classpath'
'L:\SVN\04-39\trunk\teiedit\lib\xsltproc\Saxon-HE-9.8.0-12.jar'
'net.sf.saxon.Query'
'-q:../../xql/corrList_2_comp-hyph-nohyph.xql'
'-s:../../../build/W0001_Vol01/corrlist/W0001_Vol01-la_all-wordforms.html'
'-o:../../../build/W0001_Vol01/corrlist/W0001_Vol01-la_unclear-hyphenations_in-dict.html'
'-traceout:#err'
'-t'

The ' characters around the executable and arguments are
not part of the command.
     [java] Saxon-HE 9.8.0.12J from Saxonica
     [java] Java version 11.0.1
     [java] Analyzing query from ../../xql/corrList_2_comp-hyph-nohyph.xql
     [java] Analysis time: 499.662874 milliseconds
     [java] Processing file:/L:/SVN/04-39/trunk/teiedit/works/corr/build/main/../../../build/W0001_Vol01/corrlist/W0001_Vol01-la_all-wordforms.html
     [java] Using parser com.sun.org.apache.xerces.internal.jaxp.SAXParserImpl$JAXPSAXParser
     [java] Building tree for file:/L:/SVN/04-39/trunk/teiedit/works/corr/build/main/../../../build/W0001_Vol01/corrlist/W0001_Vol01-la_all-wordforms.html using class net.sf.saxon.tree.tiny.TinyBuilder
     [java] Tree built in 1.247661s (1247.661148ms)
     [java] Tree size: 2665260 nodes, 5366196 characters, 837389 attributes
     [java] Execution time: 124.218179ms
     [java] Memory used: 244320256
     [java] Executing 'C:\Program Files\Java\jdk-11.0.1\bin\java.exe' with arguments:
'-Xmx3000m'
'-classpath'
'L:\SVN\04-39\trunk\teiedit\lib\xsltproc\Saxon-HE-9.8.0-12.jar'
'net.sf.saxon.Query'
'-q:../../xql/corrList_2_comp-not-found.xql'
'-s:../../../build/W0001_Vol01/corrlist/W0001_Vol01-la_all-wordforms.html'
'-o:../../../build/W0001_Vol01/corrlist/W0001_Vol01-la_unclear-hyphenations_not-in-dict.html'
'-traceout:#err'
'-t'

The ' characters around the executable and arguments are
not part of the command.
     [java] Saxon-HE 9.8.0.12J from Saxonica
     [java] Java version 11.0.1
     [java] Analyzing query from ../../xql/corrList_2_comp-not-found.xql
     [java] Analysis time: 492.817884 milliseconds
     [java] Processing file:/L:/SVN/04-39/trunk/teiedit/works/corr/build/main/../../../build/W0001_Vol01/corrlist/W0001_Vol01-la_all-wordforms.html
     [java] Using parser com.sun.org.apache.xerces.internal.jaxp.SAXParserImpl$JAXPSAXParser
     [java] Building tree for file:/L:/SVN/04-39/trunk/teiedit/works/corr/build/main/../../../build/W0001_Vol01/corrlist/W0001_Vol01-la_all-wordforms.html using class net.sf.saxon.tree.tiny.TinyBuilder
     [java] Tree built in 998.875344ms
     [java] Tree size: 2665260 nodes, 5366196 characters, 837389 attributes
     [java] Execution time: 364.112498ms
     [java] Memory used: 171698848
     [java] Executing 'C:\Program Files\Java\jdk-11.0.1\bin\java.exe' with arguments:
'-Xmx3000m'
'-classpath'
'L:\SVN\04-39\trunk\teiedit\lib\xsltproc\Saxon-HE-9.8.0-12.jar'
'net.sf.saxon.Query'
'-q:../../xql/corrList_2_words-not-found_sorted.xql'
'-s:../../../build/W0001_Vol01/corrlist/W0001_Vol01-la_all-wordforms.html'
'-o:../../../build/W0001_Vol01/corrlist/W0001_Vol01-la_wordforms-not-in-dict_sorted.html'
'-traceout:#err'
'-t'
'editText=special-chars-only'

The ' characters around the executable and arguments are
not part of the command.
     [java] Saxon-HE 9.8.0.12J from Saxonica
     [java] Java version 11.0.1
     [java] Analyzing query from ../../xql/corrList_2_words-not-found_sorted.xql
     [java] Analysis time: 541.791662 milliseconds
     [java] Processing file:/L:/SVN/04-39/trunk/teiedit/works/corr/build/main/../../../build/W0001_Vol01/corrlist/W0001_Vol01-la_all-wordforms.html
     [java] Using parser com.sun.org.apache.xerces.internal.jaxp.SAXParserImpl$JAXPSAXParser
     [java] Building tree for file:/L:/SVN/04-39/trunk/teiedit/works/corr/build/main/../../../build/W0001_Vol01/corrlist/W0001_Vol01-la_all-wordforms.html using class net.sf.saxon.tree.tiny.TinyBuilder
     [java] Tree built in 1.216053s (1216.053589ms)
     [java] Tree size: 2665260 nodes, 5366196 characters, 837389 attributes
     [java] Execution time: 409.209622ms
     [java] Memory used: 162257184
