     [xslt] Using class org.apache.tools.ant.taskdefs.optional.TraXLiaison
     [xslt] Processing D:\EscuelaSalamanca\SVN\04-39\trunk\teiedit\works\build\W0033\xml\W0033_017.xml to D:\EscuelaSalamanca\SVN\04-39\trunk\teiedit\works\build\W0033\xml\W0033_018.xml
     [xslt] Loading stylesheet D:\EscuelaSalamanca\SVN\04-39\trunk\teiedit\works\build\W0033\xsl\W0033_017.xsl
     [xslt] WARN: found choice element which seems not to be separated from preceding or following text - resolve this manually! (in line W0033-00-0137-lb-0004 )

     [xslt] 

     [xslt] INFO: quality check successfull.

     [xslt] Using class org.apache.tools.ant.taskdefs.optional.TraXLiaison
     [xslt] Processing D:\EscuelaSalamanca\SVN\04-39\trunk\teiedit\works\build\W0033\xml\W0033_018.xml to D:\EscuelaSalamanca\SVN\04-39\trunk\teiedit\works\build\W0033\xml\W0033_019.xml
     [xslt] Loading stylesheet D:\EscuelaSalamanca\SVN\04-39\trunk\teiedit\works\build\W0033\xsl\W0033_018.xsl
     [xslt] INFO: identified 5 *pb* as primary no-break that were not previously marked as such.

     [xslt] INFO: identified 5 *cb* as primary no-break that were not previously marked as such.

     [xslt] INFO: identified 5 *cb* as secondary break that were not previously marked as no-break at all.

     [xslt] INFO: identified 0 *cb* as secondary break that were previously marked as primary no-break.

     [xslt] INFO: identified 0 *lb* as primary no-break that were not previously marked as such.

     [xslt] INFO: identified 0 *lb* as secondary break that were not previously marked as no-break at all.

     [xslt] INFO: identified 10 *lb* as secondary break that were previously marked as primary no-break.

     [xslt] INFO: replaced trailing whitespace in 7 text nodes before primary no-breaks.

     [xslt] INFO: replaced trailing whitespace in 0 text nodes before secondary no-breaks.

     [xslt] Input whitespace: 46669

     [xslt] Output whitespace: 46662

     [xslt] ---------------------------------------------------------

     [xslt] INFO: quality check successfull.

     [xslt] Using class org.apache.tools.ant.taskdefs.optional.TraXLiaison
     [xslt] Processing D:\EscuelaSalamanca\SVN\04-39\trunk\teiedit\works\build\W0033\xml\W0033_019.xml to D:\EscuelaSalamanca\SVN\04-39\trunk\teiedit\works\build\W0033\xml\W0033_020.xml
     [xslt] Loading stylesheet D:\EscuelaSalamanca\SVN\04-39\trunk\teiedit\works\build\W0033\xsl\W0033_019.xsl
     [xslt] INFO: quality check successfull.

     [xslt] INFO: added 3 choice/*[2]/pb.

     [xslt] INFO: added 8 choice/*[2]/cb.

     [xslt] INFO: added 243 choice/*[2]/lb.

     [xslt] Using class org.apache.tools.ant.taskdefs.optional.TraXLiaison
     [xslt] Processing D:\EscuelaSalamanca\SVN\04-39\trunk\teiedit\works\build\W0033\xml\W0033_020.xml to D:\EscuelaSalamanca\SVN\04-39\trunk\teiedit\works\build\W0033\xml\W0033_021.xml
     [xslt] Loading stylesheet D:\EscuelaSalamanca\SVN\04-39\trunk\teiedit\works\build\W0033\xsl\W0033_020.xsl
Apache resolver library not found, internal resolver will be used
     [xslt] INFO: added 56 special character tags (tei:g).

     [xslt] INFO: quality check successfull.

     [xslt] Using class org.apache.tools.ant.taskdefs.optional.TraXLiaison
     [xslt] Processing D:\EscuelaSalamanca\SVN\04-39\trunk\teiedit\works\build\W0033\xml\W0033_021.xml to D:\EscuelaSalamanca\SVN\04-39\trunk\teiedit\works\build\W0033\xml\W0033_022.xml
     [xslt] Loading stylesheet D:\EscuelaSalamanca\SVN\04-39\trunk\teiedit\works\build\W0033\xsl\W0033_021.xsl
     [xslt] Generated temporary lb/@xml:id.

     [xslt] Extracted tei:lb from pages in the main area of the text.

     [xslt] Numbered tei:lb from the main area.

     [xslt] INFO: Added line numbers to tei:lb/@n.

     [xslt] INFO: Serializing final output...

     [xslt] INFO: quality check successfull.

     [xslt] Using class org.apache.tools.ant.taskdefs.optional.TraXLiaison
     [xslt] Processing D:\EscuelaSalamanca\SVN\04-39\trunk\teiedit\works\build\W0033\xml\W0033_022.xml to D:\EscuelaSalamanca\SVN\04-39\trunk\teiedit\works\build\W0033\xml\W0033_023.xml
     [xslt] Loading stylesheet D:\EscuelaSalamanca\SVN\04-39\trunk\teiedit\works\build\W0033\xsl\W0033_022.xsl
     [xslt] INFO: quality check successfull.

     [xslt] Using class org.apache.tools.ant.taskdefs.optional.TraXLiaison
     [xslt] Processing D:\EscuelaSalamanca\SVN\04-39\trunk\teiedit\works\build\W0033\xml\W0033_023.xml to D:\EscuelaSalamanca\SVN\04-39\trunk\teiedit\works\build\W0033\xml\W0033_024.xml
     [xslt] Loading stylesheet D:\EscuelaSalamanca\SVN\04-39\trunk\teiedit\works\build\W0033\xsl\W0033_023.xsl
